Archive member included because of file (symbol)

../../libraries/libboard_atsam3n-ek/lib\libboard_atsam3n_ek_gcc_rel.a(at25d.o)
                              obj/sram_main.o (AT25D_Read)
../../libraries/libboard_atsam3n-ek/lib\libboard_atsam3n_ek_gcc_rel.a(at25_spi.o)
                              obj/sram_main.o (AT25_FindDevice)
../../libraries/libboard_atsam3n-ek/lib\libboard_atsam3n_ek_gcc_rel.a(math.o)
                              obj/sram_main.o (min)
../../libraries/libboard_atsam3n-ek/lib\libboard_atsam3n_ek_gcc_rel.a(uart_console.o)
                              obj/sram_main.o (UART_Configure)
../../libraries/libchip_atsam3n/lib\libchip_atsam3n4_gcc_rel.a(pio.o)
                              obj/sram_main.o (PIO_Configure)
../../libraries/libchip_atsam3n/lib\libchip_atsam3n4_gcc_rel.a(pmc.o)
                              ../../libraries/libchip_atsam3n/lib\libchip_atsam3n4_gcc_rel.a(pio.o) (PMC_EnablePeripheral)
../../libraries/libchip_atsam3n/lib\libchip_atsam3n4_gcc_rel.a(spi_pdc.o)
                              ../../libraries/libboard_atsam3n-ek/lib\libboard_atsam3n_ek_gcc_rel.a(at25_spi.o) (SPID_IsBusy)
../../libraries/libchip_atsam3n/lib\libchip_atsam3n4_gcc_rel.a(spi.o)
                              ../../libraries/libchip_atsam3n/lib\libchip_atsam3n4_gcc_rel.a(spi_pdc.o) (SPI_Enable)
c:/program files/codesourcery/sourcery g++ lite/bin/../lib/gcc/arm-none-eabi/4.4.1/../../../../arm-none-eabi/lib/thumb2\libc.a(lib_a-impure.o)
                              ../../libraries/libboard_atsam3n-ek/lib\libboard_atsam3n_ek_gcc_rel.a(uart_console.o) (_impure_ptr)
c:/program files/codesourcery/sourcery g++ lite/bin/../lib/gcc/arm-none-eabi/4.4.1/../../../../arm-none-eabi/lib/thumb2\libc.a(lib_a-memcpy.o)
                              obj/sram_main.o (memcpy)
c:/program files/codesourcery/sourcery g++ lite/bin/../lib/gcc/arm-none-eabi/4.4.1/../../../../arm-none-eabi/lib/thumb2\libc.a(lib_a-memset.o)
                              obj/sram_main.o (memset)
c:/program files/codesourcery/sourcery g++ lite/bin/../lib/gcc/arm-none-eabi/4.4.1/../../../../arm-none-eabi/lib/thumb2\libc.a(lib_a-printf.o)
                              ../../libraries/libboard_atsam3n-ek/lib\libboard_atsam3n_ek_gcc_rel.a(uart_console.o) (printf)
c:/program files/codesourcery/sourcery g++ lite/bin/../lib/gcc/arm-none-eabi/4.4.1/../../../../arm-none-eabi/lib/thumb2\libc.a(lib_a-vfprintf.o)
                              c:/program files/codesourcery/sourcery g++ lite/bin/../lib/gcc/arm-none-eabi/4.4.1/../../../../arm-none-eabi/lib/thumb2\libc.a(lib_a-printf.o) (_vfprintf_r)
c:/program files/codesourcery/sourcery g++ lite/bin/../lib/gcc/arm-none-eabi/4.4.1/../../../../arm-none-eabi/lib/thumb2\libc.a(lib_a-wsetup.o)
                              c:/program files/codesourcery/sourcery g++ lite/bin/../lib/gcc/arm-none-eabi/4.4.1/../../../../arm-none-eabi/lib/thumb2\libc.a(lib_a-vfprintf.o) (__swsetup_r)
c:/program files/codesourcery/sourcery g++ lite/bin/../lib/gcc/arm-none-eabi/4.4.1/../../../../arm-none-eabi/lib/thumb2\libc.a(lib_a-dtoa.o)
                              c:/program files/codesourcery/sourcery g++ lite/bin/../lib/gcc/arm-none-eabi/4.4.1/../../../../arm-none-eabi/lib/thumb2\libc.a(lib_a-vfprintf.o) (_dtoa_r)
c:/program files/codesourcery/sourcery g++ lite/bin/../lib/gcc/arm-none-eabi/4.4.1/../../../../arm-none-eabi/lib/thumb2\libc.a(lib_a-fflush.o)
                              c:/program files/codesourcery/sourcery g++ lite/bin/../lib/gcc/arm-none-eabi/4.4.1/../../../../arm-none-eabi/lib/thumb2\libc.a(lib_a-vfprintf.o) (_fflush_r)
c:/program files/codesourcery/sourcery g++ lite/bin/../lib/gcc/arm-none-eabi/4.4.1/../../../../arm-none-eabi/lib/thumb2\libc.a(lib_a-findfp.o)
                              c:/program files/codesourcery/sourcery g++ lite/bin/../lib/gcc/arm-none-eabi/4.4.1/../../../../arm-none-eabi/lib/thumb2\libc.a(lib_a-printf.o) (__sinit)
c:/program files/codesourcery/sourcery g++ lite/bin/../lib/gcc/arm-none-eabi/4.4.1/../../../../arm-none-eabi/lib/thumb2\libc.a(lib_a-freer.o)
                              c:/program files/codesourcery/sourcery g++ lite/bin/../lib/gcc/arm-none-eabi/4.4.1/../../../../arm-none-eabi/lib/thumb2\libc.a(lib_a-wsetup.o) (_free_r)
c:/program files/codesourcery/sourcery g++ lite/bin/../lib/gcc/arm-none-eabi/4.4.1/../../../../arm-none-eabi/lib/thumb2\libc.a(lib_a-fvwrite.o)
                              c:/program files/codesourcery/sourcery g++ lite/bin/../lib/gcc/arm-none-eabi/4.4.1/../../../../arm-none-eabi/lib/thumb2\libc.a(lib_a-vfprintf.o) (__sfvwrite_r)
c:/program files/codesourcery/sourcery g++ lite/bin/../lib/gcc/arm-none-eabi/4.4.1/../../../../arm-none-eabi/lib/thumb2\libc.a(lib_a-fwalk.o)
                              c:/program files/codesourcery/sourcery g++ lite/bin/../lib/gcc/arm-none-eabi/4.4.1/../../../../arm-none-eabi/lib/thumb2\libc.a(lib_a-fflush.o) (_fwalk_reent)
[...]
Memory Configuration

Name             Origin             Length             Attributes
romcodesram      0x20000000         0x00001000         w !xr
sram             0x20001000         0x00005000         w !xr
*default*        0x00000000         0xffffffff

Linker script and memory map

LOAD obj/sram_main.o
LOAD obj/sram_isp_cstartup.o
LOAD ../../libraries/libboard_atsam3n-ek/lib\libboard_atsam3n_ek_gcc_rel.a
LOAD ../../libraries/libchip_atsam3n/lib\libchip_atsam3n4_gcc_rel.a
START GROUP
LOAD c:/program files/codesourcery/sourcery g++ lite/bin/../lib/gcc/arm-none-eabi/4.4.1/thumb2\libgcc.a
LOAD c:/program files/codesourcery/sourcery g++ lite/bin/../lib/gcc/arm-none-eabi/4.4.1/../../../../arm-none-eabi/lib/thumb2\libc.a
END GROUP

.text           0x20001000     0x11e4
                0x20001000                . = ALIGN (0x4)
                0x20001000                _stext = .
 *(.isr_vector .isr_vector.*)
 .isr_vector    0x20001000       0x40 obj/sram_isp_cstartup.o
                0x20001000                exception_table
 *(.mailbox)
 .mailbox       0x20001040       0x80 obj/sram_isp_cstartup.o
                0x20001040                mailbox
 *(.text .text.*)
 .text.main     0x200010c0      0x368 obj/sram_main.o
                0x200010c0                main
 .text.ResetException
                0x20001428       0x80 obj/sram_isp_cstartup.o
                0x20001428                ResetException
 .text.AT25D_Wait
                0x200014a8       0x20 ../../libraries/libboard_atsam3n-ek/lib\libboard_atsam3n_ek_gcc_rel.a(at25d.o)
 .text.AT25D_Read
                0x200014c8       0x30 ../../libraries/libboard_atsam3n-ek/lib\libboard_atsam3n_ek_gcc_rel.a(at25d.o)
                0x200014c8                AT25D_Read
 .text.AT25D_ReadStatus
                0x200014f8       0x34 ../../libraries/libboard_atsam3n-ek/lib\libboard_atsam3n_ek_gcc_rel.a(at25d.o)
 .text.AT25D_WaitReady
                0x2000152c       0x18 ../../libraries/libboard_atsam3n-ek/lib\libboard_atsam3n_ek_gcc_rel.a(at25d.o)
                0x2000152c                AT25D_WaitReady
 .text.AT25D_EnableWrite
                0x20001544       0x2c ../../libraries/libboard_atsam3n-ek/lib\libboard_atsam3n_ek_gcc_rel.a(at25d.o)
                0x20001544                AT25D_EnableWrite
 .text.AT25D_EraseBlock
                0x20001570       0x60 ../../libraries/libboard_atsam3n-ek/lib\libboard_atsam3n_ek_gcc_rel.a(at25d.o)
                0x20001570                AT25D_EraseBlock
 .text.AT25D_EraseChip
                0x200015d0       0x54 ../../libraries/libboard_atsam3n-ek/lib\libboard_atsam3n_ek_gcc_rel.a(at25d.o)
                0x200015d0                AT25D_EraseChip
 .text.AT25D_ReadJedecId
                0x20001624       0x34 ../../libraries/libboard_atsam3n-ek/lib\libboard_atsam3n_ek_gcc_rel.a(at25d.o)
                0x20001624                AT25D_ReadJedecId
 .text.AT25D_Write
                0x20001658       0x8c ../../libraries/libboard_atsam3n-ek/lib\libboard_atsam3n_ek_gcc_rel.a(at25d.o)
                0x20001658                AT25D_Write
 .text.T.32     0x200016e4       0x34 ../../libraries/libboard_atsam3n-ek/lib\libboard_atsam3n_ek_gcc_rel.a(at25d.o)
 .text.AT25D_Unprotect
                0x20001718       0x50 ../../libraries/libboard_atsam3n-ek/lib\libboard_atsam3n_ek_gcc_rel.a(at25d.o)
                0x20001718                AT25D_Unprotect
 .text.AT25_FindDevice
                0x20001768       0x28 ../../libraries/libboard_atsam3n-ek/lib\libboard_atsam3n_ek_gcc_rel.a(at25_spi.o)
                0x20001768                AT25_FindDevice
 .text.AT25_IsBusy
                0x20001790       0x10 ../../libraries/libboard_atsam3n-ek/lib\libboard_atsam3n_ek_gcc_rel.a(at25_spi.o)
                0x20001790                AT25_IsBusy
 .text.AT25_SendCommand
                0x200017a0       0x60 ../../libraries/libboard_atsam3n-ek/lib\libboard_atsam3n_ek_gcc_rel.a(at25_spi.o)
                0x200017a0                AT25_SendCommand
 .text.AT25_Configure
                0x20001800       0x30 ../../libraries/libboard_atsam3n-ek/lib\libboard_atsam3n_ek_gcc_rel.a(at25_spi.o)
                0x20001800                AT25_Configure
 .text.min      0x20001830        0x8 ../../libraries/libboard_atsam3n-ek/lib\libboard_atsam3n_ek_gcc_rel.a(math.o)
                0x20001830                min
 .text.UART_Configure
                0x20001838       0x6c ../../libraries/libboard_atsam3n-ek/lib\libboard_atsam3n_ek_gcc_rel.a(uart_console.o)
                0x20001838                UART_Configure
 .text.PIO_Configure
                0x200018a4      0x154 ../../libraries/libchip_atsam3n/lib\libchip_atsam3n4_gcc_rel.a(pio.o)
                0x200018a4                PIO_Configure
 .text.PMC_EnablePeripheral
                0x200019f8       0x18 ../../libraries/libchip_atsam3n/lib\libchip_atsam3n4_gcc_rel.a(pmc.o)
                0x200019f8                PMC_EnablePeripheral
 .text.PMC_DisablePeripheral
                0x20001a10       0x18 ../../libraries/libchip_atsam3n/lib\libchip_atsam3n4_gcc_rel.a(pmc.o)
                0x20001a10                PMC_DisablePeripheral
 .text.SPID_IsBusy
                0x20001a28        0xc ../../libraries/libchip_atsam3n/lib\libchip_atsam3n4_gcc_rel.a(spi_pdc.o)
                0x20001a28                SPID_IsBusy
 .text.SPID_Handler
                0x20001a34       0x54 ../../libraries/libchip_atsam3n/lib\libchip_atsam3n4_gcc_rel.a(spi_pdc.o)
                0x20001a34                SPID_Handler
 .text.SPID_SendCommand
                0x20001a88       0x9c ../../libraries/libchip_atsam3n/lib\libchip_atsam3n4_gcc_rel.a(spi_pdc.o)
                0x20001a88                SPID_SendCommand
 .text.SPID_ConfigureCS
                0x20001b24       0x10 ../../libraries/libchip_atsam3n/lib\libchip_atsam3n4_gcc_rel.a(spi_pdc.o)
                0x20001b24                SPID_ConfigureCS
 .text.SPID_Configure
                0x20001b34       0x48 ../../libraries/libchip_atsam3n/lib\libchip_atsam3n4_gcc_rel.a(spi_pdc.o)
                0x20001b34                SPID_Configure
 .text.SPI_Enable
                0x20001b7c        0x8 ../../libraries/libchip_atsam3n/lib\libchip_atsam3n4_gcc_rel.a(spi.o)
                0x20001b7c                SPI_Enable
 .text.SPI_EnableIt
                0x20001b84        0x4 ../../libraries/libchip_atsam3n/lib\libchip_atsam3n4_gcc_rel.a(spi.o)
                0x20001b84                SPI_EnableIt
 .text.SPI_DisableIt
                0x20001b88        0x4 ../../libraries/libchip_atsam3n/lib\libchip_atsam3n4_gcc_rel.a(spi.o)
                0x20001b88                SPI_DisableIt
 .text.SPI_ConfigureNPCS
                0x20001b8c        0x8 ../../libraries/libchip_atsam3n/lib\libchip_atsam3n4_gcc_rel.a(spi.o)
                0x20001b8c                SPI_ConfigureNPCS
 .text.SPI_PdcEnableTx
                0x20001b94        0xc ../../libraries/libchip_atsam3n/lib\libchip_atsam3n4_gcc_rel.a(spi.o)
                0x20001b94                SPI_PdcEnableTx
 .text.SPI_PdcDisableTx
                0x20001ba0        0xc ../../libraries/libchip_atsam3n/lib\libchip_atsam3n4_gcc_rel.a(spi.o)
                0x20001ba0                SPI_PdcDisableTx
 .text.SPI_PdcEnableRx
                0x20001bac        0x8 ../../libraries/libchip_atsam3n/lib\libchip_atsam3n4_gcc_rel.a(spi.o)
                0x20001bac                SPI_PdcEnableRx
 .text.SPI_PdcDisableRx
                0x20001bb4        0x8 ../../libraries/libchip_atsam3n/lib\libchip_atsam3n4_gcc_rel.a(spi.o)
                0x20001bb4                SPI_PdcDisableRx
 .text.SPI_PdcSetTx
                0x20001bbc       0x14 ../../libraries/libchip_atsam3n/lib\libchip_atsam3n4_gcc_rel.a(spi.o)
                0x20001bbc                SPI_PdcSetTx
 .text.SPI_PdcSetRx
                0x20001bd0       0x14 ../../libraries/libchip_atsam3n/lib\libchip_atsam3n4_gcc_rel.a(spi.o)
                0x20001bd0                SPI_PdcSetRx
 .text.SPI_Configure
                0x20001be4       0x20 ../../libraries/libchip_atsam3n/lib\libchip_atsam3n4_gcc_rel.a(spi.o)
                0x20001be4                SPI_Configure
 .text          0x20001c04      0x190 c:/program files/codesourcery/sourcery g++ lite/bin/../lib/gcc/arm-none-eabi/4.4.1/../../../../arm-none-eabi/lib/thumb2\libc.a(lib_a-memcpy.o)
                0x20001c04                memcpy
 .text          0x20001d94       0xd4 c:/program files/codesourcery/sourcery g++ lite/bin/../lib/gcc/arm-none-eabi/4.4.1/../../../../arm-none-eabi/lib/thumb2\libc.a(lib_a-memset.o)
                0x20001d94                memset
 *(.rodata .rodata.*)
 .rodata        0x20001e68       0x18 obj/sram_main.o
 .rodata        0x20001e80      0x270 ../../libraries/libboard_atsam3n-ek/lib\libboard_atsam3n_ek_gcc_rel.a(at25_spi.o)
 .rodata.str1.1
                0x200020f0       0xdb ../../libraries/libboard_atsam3n-ek/lib\libboard_atsam3n_ek_gcc_rel.a(at25_spi.o)
 *fill*         0x200021cb        0x1 00
 .rodata        0x200021cc       0x18 ../../libraries/libboard_atsam3n-ek/lib\libboard_atsam3n_ek_gcc_rel.a(uart_console.o)
 *(.ramfunc)
 *(.glue_7)
 .glue_7        0x00000000        0x0 linker stubs
 *(.glue_7t)
 .glue_7t       0x00000000        0x0 linker stubs
 *(.gcc_except_table)
 *(.rodata .rodata*)
 *(.gnu.linkonce.r.*)
                0x200021e4                . = ALIGN (0x4)
                0x200021e4                _etext = .

.vfp11_veneer   0x00000000        0x0
 .vfp11_veneer  0x00000000        0x0 linker stubs

.v4_bx          0x00000000        0x0
 .v4_bx         0x00000000        0x0 linker stubs

.data           0x200021e4       0x34
                0x200021e4                . = ALIGN (0x4)
                0x200021e4                _sidata = .
                0x200021e4                _sdata = .
 *(.data)
 .data          0x200021e4       0x34 obj/sram_main.o
 *(.data.*)
                0x20002218                . = ALIGN (0x4)
                0x20002218                _edata = .

.bss            0x20002218       0x50
                0x20002218                _szero = .
 *(.bss)
 .bss           0x20002218       0x48 obj/sram_main.o
 .bss           0x20002260        0x4 obj/sram_isp_cstartup.o
                0x20002260                isInitialized
 .bss           0x20002264        0x1 ../../libraries/libboard_atsam3n-ek/lib\libboard_atsam3n_ek_gcc_rel.a(uart_console.o)
                0x20002268                . = ALIGN (0x4)
 *fill*         0x20002265        0x3 00
                0x20002268                _ezero = .
                0x20005ffc                _sstack = 0x20005ffc
                0x20002268                end = .
OUTPUT(bin/isp-serialflash-atsam3n4.elf elf32-littlearm)

.debug_abbrev   0x00000000      0x259
 .debug_abbrev  0x00000000      0x188 obj/sram_main.o
 .debug_abbrev  0x00000188       0xd1 obj/sram_isp_cstartup.o

.debug_info     0x00000000      0xde5
 .debug_info    0x00000000      0xc62 obj/sram_main.o
 .debug_info    0x00000c62      0x183 obj/sram_isp_cstartup.o

.debug_line     0x00000000      0x2ee
 .debug_line    0x00000000      0x227 obj/sram_main.o
 .debug_line    0x00000227       0xc7 obj/sram_isp_cstartup.o

.debug_frame    0x00000000      0xe14
 .debug_frame   0x00000000       0x44 obj/sram_main.o
 .debug_frame   0x00000044       0x30 obj/sram_isp_cstartup.o
 .debug_frame   0x00000074       0x38 c:/program files/codesourcery/sourcery g++ lite/bin/../lib/gcc/arm-none-eabi/4.4.1/../../../../arm-none-eabi/lib/thumb2\libc.a(lib_a-memcpy.o)
 .debug_frame   0x000000ac       0x2c c:/program files/codesourcery/sourcery g++ lite/bin/../lib/gcc/arm-none-eabi/4.4.1/../../../../arm-none-eabi/lib/thumb2\libc.a(lib_a-memset.o)
 .debug_frame   0x000000d8       0x64 c:/program files/codesourcery/sourcery g++ lite/bin/../lib/gcc/arm-none-eabi/4.4.1/../../../../arm-none-eabi/lib/thumb2\libc.a(lib_a-printf.o)
 .debug_frame   0x0000013c       0x80 c:/program files/codesourcery/sourcery g++ lite/bin/../lib/gcc/arm-none-eabi/4.4.1/../../../../arm-none-eabi/lib/thumb2\libc.a(lib_a-vfprintf.o)
 .debug_frame   0x000001bc       0x30 c:/program files/codesourcery/sourcery g++ lite/bin/../lib/gcc/arm-none-eabi/4.4.1/../../../../arm-none-eabi/lib/thumb2\libc.a(lib_a-wsetup.o)
 .debug_frame   0x000001ec       0x78 c:/program files/codesourcery/sourcery g++ lite/bin/../lib/gcc/arm-none-eabi/4.4.1/../../../../arm-none-eabi/lib/thumb2\libc.a(lib_a-dtoa.o)
 .debug_frame   0x00000264       0x54 c:/program files/codesourcery/sourcery g++ lite/bin/../lib/gcc/arm-none-eabi/4.4.1/../../../../arm-none-eabi/lib/thumb2\libc.a(lib_a-fflush.o)
 .debug_frame   0x000002b8      0x15c c:/program files/codesourcery/sourcery g++ lite/bin/../lib/gcc/arm-none-eabi/4.4.1/../../../../arm-none-eabi/lib/thumb2\libc.a(lib_a-findfp.o)
 .debug_frame   0x00000414       0x60 c:/program files/codesourcery/sourcery g++ lite/bin/../lib/gcc/arm-none-eabi/4.4.1/../../../../arm-none-eabi/lib/thumb2\libc.a(lib_a-freer.o)
 .debug_frame   0x00000474       0x44 c:/program files/codesourcery/sourcery g++ lite/bin/../lib/gcc/arm-none-eabi/4.4.1/../../../../arm-none-eabi/lib/thumb2\libc.a(lib_a-fvwrite.o)
 .debug_frame   0x000004b8       0x64 c:/program files/codesourcery/sourcery g++ lite/bin/../lib/gcc/arm-none-eabi/4.4.1/../../../../arm-none-eabi/lib/thumb2\libc.a(lib_a-fwalk.o)
 .debug_frame   0x0000051c       0x7c c:/program files/codesourcery/sourcery g++ lite/bin/../lib/gcc/arm-none-eabi/4.4.1/../../../../arm-none-eabi/lib/thumb2\libc.a(lib_a-locale.o)
 .debug_frame   0x00000598       0x38 c:/program files/codesourcery/sourcery g++ lite/bin/../lib/gcc/arm-none-eabi/4.4.1/../../../../arm-none-eabi/lib/thumb2\libc.a(lib_a-makebuf.o)
 .debug_frame   0x000005d0       0x48 c:/program files/codesourcery/sourcery g++ lite/bin/../lib/gcc/arm-none-eabi/4.4.1/../../../../arm-none-eabi/lib/thumb2\libc.a(lib_a-malloc.o)
 .debug_frame   0x00000618       0x44 c:/program files/codesourcery/sourcery g++ lite/bin/../lib/gcc/arm-none-eabi/4.4.1/../../../../arm-none-eabi/lib/thumb2\libc.a(lib_a-mallocr.o)
 .debug_frame   0x0000065c       0x28 c:/program files/codesourcery/sourcery g++ lite/bin/../lib/gcc/arm-none-eabi/4.4.1/../../../../arm-none-eabi/lib/thumb2\libc.a(lib_a-memchr.o)
 .debug_frame   0x00000684       0x2c c:/program files/codesourcery/sourcery g++ lite/bin/../lib/gcc/arm-none-eabi/4.4.1/../../../../arm-none-eabi/lib/thumb2\libc.a(lib_a-memmove.o)
 .debug_frame   0x000006b0       0x30 c:/program files/codesourcery/sourcery g++ lite/bin/../lib/gcc/arm-none-eabi/4.4.1/../../../../arm-none-eabi/lib/thumb2\libc.a(lib_a-mlock.o)
 .debug_frame   0x000006e0      0x290 c:/program files/codesourcery/sourcery g++ lite/bin/../lib/gcc/arm-none-eabi/4.4.1/../../../../arm-none-eabi/lib/thumb2\libc.a(lib_a-mprec.o)
 .debug_frame   0x00000970       0x44 c:/program files/codesourcery/sourcery g++ lite/bin/../lib/gcc/arm-none-eabi/4.4.1/../../../../arm-none-eabi/lib/thumb2\libc.a(lib_a-reallocr.o)
 .debug_frame   0x000009b4       0x20 c:/program files/codesourcery/sourcery g++ lite/bin/../lib/gcc/arm-none-eabi/4.4.1/../../../../arm-none-eabi/lib/thumb2\libc.a(lib_a-s_isinfd.o)
 .debug_frame   0x000009d4       0x20 c:/program files/codesourcery/sourcery g++ lite/bin/../lib/gcc/arm-none-eabi/4.4.1/../../../../arm-none-eabi/lib/thumb2\libc.a(lib_a-s_isnand.o)
 .debug_frame   0x000009f4       0x30 c:/program files/codesourcery/sourcery g++ lite/bin/../lib/gcc/arm-none-eabi/4.4.1/../../../../arm-none-eabi/lib/thumb2\libc.a(lib_a-sbrkr.o)
 .debug_frame   0x00000a24       0x8c c:/program files/codesourcery/sourcery g++ lite/bin/../lib/gcc/arm-none-eabi/4.4.1/../../../../arm-none-eabi/lib/thumb2\libc.a(lib_a-stdio.o)
 .debug_frame   0x00000ab0       0x30 c:/program files/codesourcery/sourcery g++ lite/bin/../lib/gcc/arm-none-eabi/4.4.1/../../../../arm-none-eabi/lib/thumb2\libc.a(lib_a-strcmp.o)
 .debug_frame   0x00000ae0       0x20 c:/program files/codesourcery/sourcery g++ lite/bin/../lib/gcc/arm-none-eabi/4.4.1/../../../../arm-none-eabi/lib/thumb2\libc.a(lib_a-strlen.o)
 .debug_frame   0x00000b00       0x30 c:/program files/codesourcery/sourcery g++ lite/bin/../lib/gcc/arm-none-eabi/4.4.1/../../../../arm-none-eabi/lib/thumb2\libc.a(lib_a-writer.o)
 .debug_frame   0x00000b30       0x30 c:/program files/codesourcery/sourcery g++ lite/bin/../lib/gcc/arm-none-eabi/4.4.1/../../../../arm-none-eabi/lib/thumb2\libc.a(lib_a-callocr.o)
 .debug_frame   0x00000b60       0x30 c:/program files/codesourcery/sourcery g++ lite/bin/../lib/gcc/arm-none-eabi/4.4.1/../../../../arm-none-eabi/lib/thumb2\libc.a(lib_a-closer.o)
 .debug_frame   0x00000b90       0x4c c:/program files/codesourcery/sourcery g++ lite/bin/../lib/gcc/arm-none-eabi/4.4.1/../../../../arm-none-eabi/lib/thumb2\libc.a(lib_a-fclose.o)
 .debug_frame   0x00000bdc       0x30 c:/program files/codesourcery/sourcery g++ lite/bin/../lib/gcc/arm-none-eabi/4.4.1/../../../../arm-none-eabi/lib/thumb2\libc.a(lib_a-fstatr.o)
 .debug_frame   0x00000c0c       0x30 c:/program files/codesourcery/sourcery g++ lite/bin/../lib/gcc/arm-none-eabi/4.4.1/../../../../arm-none-eabi/lib/thumb2\libc.a(lib_a-isattyr.o)
 .debug_frame   0x00000c3c       0x30 c:/program files/codesourcery/sourcery g++ lite/bin/../lib/gcc/arm-none-eabi/4.4.1/../../../../arm-none-eabi/lib/thumb2\libc.a(lib_a-lseekr.o)
 .debug_frame   0x00000c6c       0x30 c:/program files/codesourcery/sourcery g++ lite/bin/../lib/gcc/arm-none-eabi/4.4.1/../../../../arm-none-eabi/lib/thumb2\libc.a(lib_a-readr.o)
 .debug_frame   0x00000c9c       0x70 c:/program files/codesourcery/sourcery g++ lite/bin/../lib/gcc/arm-none-eabi/4.4.1/../../../../arm-none-eabi/lib/thumb2\libc.a(lib_a-reent.o)
 .debug_frame   0x00000d0c       0x20 c:/program files/codesourcery/sourcery g++ lite/bin/../lib/gcc/arm-none-eabi/4.4.1/thumb2\libgcc.a(_udivsi3.o)
 .debug_frame   0x00000d2c       0x60 c:/program files/codesourcery/sourcery g++ lite/bin/../lib/gcc/arm-none-eabi/4.4.1/thumb2\libgcc.a(bpabi.o)
 .debug_frame   0x00000d8c       0x44 c:/program files/codesourcery/sourcery g++ lite/bin/../lib/gcc/arm-none-eabi/4.4.1/thumb2\libgcc.a(_divdi3.o)
 .debug_frame   0x00000dd0       0x44 c:/program files/codesourcery/sourcery g++ lite/bin/../lib/gcc/arm-none-eabi/4.4.1/thumb2\libgcc.a(_udivdi3.o)

.debug_loc      0x00000000      0x2b8
 .debug_loc     0x00000000      0x286 obj/sram_main.o
 .debug_loc     0x00000286       0x32 obj/sram_isp_cstartup.o

.debug_pubnames
                0x00000000       0x72
 .debug_pubnames
                0x00000000       0x1b obj/sram_main.o
 .debug_pubnames
                0x0000001b       0x57 obj/sram_isp_cstartup.o

.debug_aranges  0x00000000       0x40
 .debug_aranges
                0x00000000       0x20 obj/sram_main.o
 .debug_aranges
                0x00000020       0x20 obj/sram_isp_cstartup.o

.debug_ranges   0x00000000       0x50
 .debug_ranges  0x00000000       0x38 obj/sram_main.o
 .debug_ranges  0x00000038       0x18 obj/sram_isp_cstartup.o

.debug_str      0x00000000      0x6de
 .debug_str     0x00000000      0x651 obj/sram_main.o
                                0x6a5 (size before relaxing)
 .debug_str     0x00000651       0x8d obj/sram_isp_cstartup.o
                                0x18b (size before relaxing)

.comment        0x00000000      0x1a4
 .comment       0x00000000       0x2a obj/sram_main.o
 .comment       0x0000002a       0x2a obj/sram_isp_cstartup.o
 .comment       0x00000054       0x2a ../../libraries/libboard_atsam3n-ek/lib\libboard_atsam3n_ek_gcc_rel.a(at25d.o)
 .comment       0x0000007e       0x2a ../../libraries/libboard_atsam3n-ek/lib\libboard_atsam3n_ek_gcc_rel.a(at25_spi.o)
 .comment       0x000000a8       0x2a ../../libraries/libboard_atsam3n-ek/lib\libboard_atsam3n_ek_gcc_rel.a(math.o)
 .comment       0x000000d2       0x2a ../../libraries/libboard_atsam3n-ek/lib\libboard_atsam3n_ek_gcc_rel.a(uart_console.o)
 .comment       0x000000fc       0x2a ../../libraries/libchip_atsam3n/lib\libchip_atsam3n4_gcc_rel.a(pio.o)
 .comment       0x00000126       0x2a ../../libraries/libchip_atsam3n/lib\libchip_atsam3n4_gcc_rel.a(pmc.o)
 .comment       0x00000150       0x2a ../../libraries/libchip_atsam3n/lib\libchip_atsam3n4_gcc_rel.a(spi_pdc.o)
 .comment       0x0000017a       0x2a ../../libraries/libchip_atsam3n/lib\libchip_atsam3n4_gcc_rel.a(spi.o)

.ARM.attributes
                0x00000000       0x31
 .ARM.attributes
                0x00000000       0x31 obj/sram_main.o
 .ARM.attributes
                0x00000031       0x31 obj/sram_isp_cstartup.o
 .ARM.attributes
                0x00000062       0x31 ../../libraries/libboard_atsam3n-ek/lib\libboard_atsam3n_ek_gcc_rel.a(at25d.o)
 .ARM.attributes
                0x00000093       0x31 ../../libraries/libboard_atsam3n-ek/lib\libboard_atsam3n_ek_gcc_rel.a(at25_spi.o)
 .ARM.attributes
                0x000000c4       0x31 ../../libraries/libboard_atsam3n-ek/lib\libboard_atsam3n_ek_gcc_rel.a(math.o)
 .ARM.attributes
                0x000000f5       0x31 ../../libraries/libboard_atsam3n-ek/lib\libboard_atsam3n_ek_gcc_rel.a(uart_console.o)
 .ARM.attributes
                0x00000126       0x31 ../../libraries/libchip_atsam3n/lib\libchip_atsam3n4_gcc_rel.a(pio.o)
 .ARM.attributes
                0x00000157       0x31 ../../libraries/libchip_atsam3n/lib\libchip_atsam3n4_gcc_rel.a(pmc.o)
 .ARM.attributes
                0x00000188       0x31 ../../libraries/libchip_atsam3n/lib\libchip_atsam3n4_gcc_rel.a(spi_pdc.o)
 .ARM.attributes
                0x000001b9       0x31 ../../libraries/libchip_atsam3n/lib\libchip_atsam3n4_gcc_rel.a(spi.o)
 .ARM.attributes
                0x000001ea       0x27 c:/program files/codesourcery/sourcery g++ lite/bin/../lib/gcc/arm-none-eabi/4.4.1/../../../../arm-none-eabi/lib/thumb2\libc.a(lib_a-impure.o)
 .ARM.attributes
                0x00000211       0x27 c:/program files/codesourcery/sourcery g++ lite/bin/../lib/gcc/arm-none-eabi/4.4.1/../../../../arm-none-eabi/lib/thumb2\libc.a(lib_a-memcpy.o)
 .ARM.attributes
                0x00000238       0x27 c:/program files/codesourcery/sourcery g++ lite/bin/../lib/gcc/arm-none-eabi/4.4.1/../../../../arm-none-eabi/lib/thumb2\libc.a(lib_a-memset.o)
 .ARM.attributes
                0x0000025f       0x27 c:/program files/codesourcery/sourcery g++ lite/bin/../lib/gcc/arm-none-eabi/4.4.1/../../../../arm-none-eabi/lib/thumb2\libc.a(lib_a-printf.o)
 .ARM.attributes
                0x00000286       0x27 c:/program files/codesourcery/sourcery g++ lite/bin/../lib/gcc/arm-none-eabi/4.4.1/../../../../arm-none-eabi/lib/thumb2\libc.a(lib_a-vfprintf.o)
 .ARM.attributes
                0x000002ad       0x27 c:/program files/codesourcery/sourcery g++ lite/bin/../lib/gcc/arm-none-eabi/4.4.1/../../../../arm-none-eabi/lib/thumb2\libc.a(lib_a-wsetup.o)
 .ARM.attributes
                0x000002d4       0x27 c:/program files/codesourcery/sourcery g++ lite/bin/../lib/gcc/arm-none-eabi/4.4.1/../../../../arm-none-eabi/lib/thumb2\libc.a(lib_a-dtoa.o)
 .ARM.attributes
                0x000002fb       0x27 c:/program files/codesourcery/sourcery g++ lite/bin/../lib/gcc/arm-none-eabi/4.4.1/../../../../arm-none-eabi/lib/thumb2\libc.a(lib_a-fflush.o)
 .ARM.attributes
                0x00000322       0x27 c:/program files/codesourcery/sourcery g++ lite/bin/../lib/gcc/arm-none-eabi/4.4.1/../../../../arm-none-eabi/lib/thumb2\libc.a(lib_a-findfp.o)
 .ARM.attributes
                0x00000349       0x27 c:/program files/codesourcery/sourcery g++ lite/bin/../lib/gcc/arm-none-eabi/4.4.1/../../../../arm-none-eabi/lib/thumb2\libc.a(lib_a-freer.o)
 .ARM.attributes
                0x00000370       0x27 c:/program files/codesourcery/sourcery g++ lite/bin/../lib/gcc/arm-none-eabi/4.4.1/../../../../arm-none-eabi/lib/thumb2\libc.a(lib_a-fvwrite.o)
 .ARM.attributes
                0x00000397       0x27 c:/program files/codesourcery/sourcery g++ lite/bin/../lib/gcc/arm-none-eabi/4.4.1/../../../../arm-none-eabi/lib/thumb2\libc.a(lib_a-fwalk.o)
 .ARM.attributes
                0x000003be       0x27 c:/program files/codesourcery/sourcery g++ lite/bin/../lib/gcc/arm-none-eabi/4.4.1/../../../../arm-none-eabi/lib/thumb2\libc.a(lib_a-locale.o)
 .ARM.attributes
                0x000003e5       0x27 c:/program files/codesourcery/sourcery g++ lite/bin/../lib/gcc/arm-none-eabi/4.4.1/../../../../arm-none-eabi/lib/thumb2\libc.a(lib_a-makebuf.o)
 .ARM.attributes
                0x0000040c       0x27 c:/program files/codesourcery/sourcery g++ lite/bin/../lib/gcc/arm-none-eabi/4.4.1/../../../../arm-none-eabi/lib/thumb2\libc.a(lib_a-malloc.o)
 .ARM.attributes
                0x00000433       0x27 c:/program files/codesourcery/sourcery g++ lite/bin/../lib/gcc/arm-none-eabi/4.4.1/../../../../arm-none-eabi/lib/thumb2\libc.a(lib_a-mallocr.o)
 .ARM.attributes
                0x0000045a       0x27 c:/program files/codesourcery/sourcery g++ lite/bin/../lib/gcc/arm-none-eabi/4.4.1/../../../../arm-none-eabi/lib/thumb2\libc.a(lib_a-memchr.o)
 .ARM.attributes
                0x00000481       0x27 c:/program files/codesourcery/sourcery g++ lite/bin/../lib/gcc/arm-none-eabi/4.4.1/../../../../arm-none-eabi/lib/thumb2\libc.a(lib_a-memmove.o)
 .ARM.attributes
                0x000004a8       0x27 c:/program files/codesourcery/sourcery g++ lite/bin/../lib/gcc/arm-none-eabi/4.4.1/../../../../arm-none-eabi/lib/thumb2\libc.a(lib_a-mlock.o)
 .ARM.attributes
                0x000004cf       0x27 c:/program files/codesourcery/sourcery g++ lite/bin/../lib/gcc/arm-none-eabi/4.4.1/../../../../arm-none-eabi/lib/thumb2\libc.a(lib_a-mprec.o)
 .ARM.attributes
                0x000004f6       0x27 c:/program files/codesourcery/sourcery g++ lite/bin/../lib/gcc/arm-none-eabi/4.4.1/../../../../arm-none-eabi/lib/thumb2\libc.a(lib_a-reallocr.o)
 .ARM.attributes
                0x0000051d       0x27 c:/program files/codesourcery/sourcery g++ lite/bin/../lib/gcc/arm-none-eabi/4.4.1/../../../../arm-none-eabi/lib/thumb2\libc.a(lib_a-s_isinfd.o)
 .ARM.attributes
                0x00000544       0x27 c:/program files/codesourcery/sourcery g++ lite/bin/../lib/gcc/arm-none-eabi/4.4.1/../../../../arm-none-eabi/lib/thumb2\libc.a(lib_a-s_isnand.o)
 .ARM.attributes
                0x0000056b       0x27 c:/program files/codesourcery/sourcery g++ lite/bin/../lib/gcc/arm-none-eabi/4.4.1/../../../../arm-none-eabi/lib/thumb2\libc.a(lib_a-sbrkr.o)
 .ARM.attributes
                0x00000592       0x27 c:/program files/codesourcery/sourcery g++ lite/bin/../lib/gcc/arm-none-eabi/4.4.1/../../../../arm-none-eabi/lib/thumb2\libc.a(lib_a-stdio.o)
 .ARM.attributes
                0x000005b9       0x27 c:/program files/codesourcery/sourcery g++ lite/bin/../lib/gcc/arm-none-eabi/4.4.1/../../../../arm-none-eabi/lib/thumb2\libc.a(lib_a-strcmp.o)
 .ARM.attributes
                0x000005e0       0x27 c:/program files/codesourcery/sourcery g++ lite/bin/../lib/gcc/arm-none-eabi/4.4.1/../../../../arm-none-eabi/lib/thumb2\libc.a(lib_a-strlen.o)
 .ARM.attributes
                0x00000607       0x27 c:/program files/codesourcery/sourcery g++ lite/bin/../lib/gcc/arm-none-eabi/4.4.1/../../../../arm-none-eabi/lib/thumb2\libc.a(lib_a-writer.o)
 .ARM.attributes
                0x0000062e       0x27 c:/program files/codesourcery/sourcery g++ lite/bin/../lib/gcc/arm-none-eabi/4.4.1/../../../../arm-none-eabi/lib/thumb2\libc.a(lib_a-callocr.o)
 .ARM.attributes
                0x00000655       0x27 c:/program files/codesourcery/sourcery g++ lite/bin/../lib/gcc/arm-none-eabi/4.4.1/../../../../arm-none-eabi/lib/thumb2\libc.a(lib_a-closer.o)
 .ARM.attributes
                0x0000067c       0x27 c:/program files/codesourcery/sourcery g++ lite/bin/../lib/gcc/arm-none-eabi/4.4.1/../../../../arm-none-eabi/lib/thumb2\libc.a(lib_a-fclose.o)
 .ARM.attributes
                0x000006a3       0x27 c:/program files/codesourcery/sourcery g++ lite/bin/../lib/gcc/arm-none-eabi/4.4.1/../../../../arm-none-eabi/lib/thumb2\libc.a(lib_a-fstatr.o)
 .ARM.attributes
                0x000006ca       0x27 c:/program files/codesourcery/sourcery g++ lite/bin/../lib/gcc/arm-none-eabi/4.4.1/../../../../arm-none-eabi/lib/thumb2\libc.a(lib_a-isattyr.o)
 .ARM.attributes
                0x000006f1       0x27 c:/program files/codesourcery/sourcery g++ lite/bin/../lib/gcc/arm-none-eabi/4.4.1/../../../../arm-none-eabi/lib/thumb2\libc.a(lib_a-lseekr.o)
 .ARM.attributes
                0x00000718       0x27 c:/program files/codesourcery/sourcery g++ lite/bin/../lib/gcc/arm-none-eabi/4.4.1/../../../../arm-none-eabi/lib/thumb2\libc.a(lib_a-readr.o)
 .ARM.attributes
                0x0000073f       0x27 c:/program files/codesourcery/sourcery g++ lite/bin/../lib/gcc/arm-none-eabi/4.4.1/../../../../arm-none-eabi/lib/thumb2\libc.a(lib_a-reent.o)
 .ARM.attributes
                0x00000766       0x19 c:/program files/codesourcery/sourcery g++ lite/bin/../lib/gcc/arm-none-eabi/4.4.1/thumb2\libgcc.a(_udivsi3.o)
 .ARM.attributes
                0x0000077f       0x19 c:/program files/codesourcery/sourcery g++ lite/bin/../lib/gcc/arm-none-eabi/4.4.1/thumb2\libgcc.a(_dvmd_tls.o)
 .ARM.attributes
                0x00000798       0x19 c:/program files/codesourcery/sourcery g++ lite/bin/../lib/gcc/arm-none-eabi/4.4.1/thumb2\libgcc.a(_arm_addsubdf3.o)
 .ARM.attributes
                0x000007b1       0x19 c:/program files/codesourcery/sourcery g++ lite/bin/../lib/gcc/arm-none-eabi/4.4.1/thumb2\libgcc.a(_arm_muldivdf3.o)
 .ARM.attributes
                0x000007ca       0x19 c:/program files/codesourcery/sourcery g++ lite/bin/../lib/gcc/arm-none-eabi/4.4.1/thumb2\libgcc.a(_arm_cmpdf2.o)
 .ARM.attributes
                0x000007e3       0x19 c:/program files/codesourcery/sourcery g++ lite/bin/../lib/gcc/arm-none-eabi/4.4.1/thumb2\libgcc.a(_arm_fixdfsi.o)
 .ARM.attributes
                0x000007fc       0x19 c:/program files/codesourcery/sourcery g++ lite/bin/../lib/gcc/arm-none-eabi/4.4.1/thumb2\libgcc.a(_aeabi_uldivmod.o)
 .ARM.attributes
                0x00000815       0x27 c:/program files/codesourcery/sourcery g++ lite/bin/../lib/gcc/arm-none-eabi/4.4.1/thumb2\libgcc.a(bpabi.o)
 .ARM.attributes
                0x0000083c       0x27 c:/program files/codesourcery/sourcery g++ lite/bin/../lib/gcc/arm-none-eabi/4.4.1/thumb2\libgcc.a(_divdi3.o)
 .ARM.attributes
                0x00000863       0x27 c:/program files/codesourcery/sourcery g++ lite/bin/../lib/gcc/arm-none-eabi/4.4.1/thumb2\libgcc.a(_udivdi3.o)

Cross Reference Table

Symbol                                            File
AT25D_EnableWrite                                 ../../libraries/libboard_atsam3n-ek/lib\libboard_atsam3n_ek_gcc_rel.a(at25d.o)
AT25D_EraseBlock                                  ../../libraries/libboard_atsam3n-ek/lib\libboard_atsam3n_ek_gcc_rel.a(at25d.o)
                                                  obj/sram_main.o
AT25D_EraseChip                                   ../../libraries/libboard_atsam3n-ek/lib\libboard_atsam3n_ek_gcc_rel.a(at25d.o)
                                                  obj/sram_main.o
AT25D_Read                                        ../../libraries/libboard_atsam3n-ek/lib\libboard_atsam3n_ek_gcc_rel.a(at25d.o)
                                                  obj/sram_main.o
AT25D_ReadJedecId                                 ../../libraries/libboard_atsam3n-ek/lib\libboard_atsam3n_ek_gcc_rel.a(at25d.o)
                                                  obj/sram_main.o
AT25D_Unprotect                                   ../../libraries/libboard_atsam3n-ek/lib\libboard_atsam3n_ek_gcc_rel.a(at25d.o)
                                                  obj/sram_main.o
AT25D_WaitReady                                   ../../libraries/libboard_atsam3n-ek/lib\libboard_atsam3n_ek_gcc_rel.a(at25d.o)
AT25D_Write                                       ../../libraries/libboard_atsam3n-ek/lib\libboard_atsam3n_ek_gcc_rel.a(at25d.o)
                                                  obj/sram_main.o
AT25_Configure                                    ../../libraries/libboard_atsam3n-ek/lib\libboard_atsam3n_ek_gcc_rel.a(at25_spi.o)
                                                  obj/sram_main.o
AT25_FindDevice                                   ../../libraries/libboard_atsam3n-ek/lib\libboard_atsam3n_ek_gcc_rel.a(at25_spi.o)
                                                  obj/sram_main.o
AT25_IsBusy                                       ../../libraries/libboard_atsam3n-ek/lib\libboard_atsam3n_ek_gcc_rel.a(at25_spi.o)
                                                  ../../libraries/libboard_atsam3n-ek/lib\libboard_atsam3n_ek_gcc_rel.a(at25d.o)
AT25_SendCommand                                  ../../libraries/libboard_atsam3n-ek/lib\libboard_atsam3n_ek_gcc_rel.a(at25_spi.o)
                                                  ../../libraries/libboard_atsam3n-ek/lib\libboard_atsam3n_ek_gcc_rel.a(at25d.o)
PIO_Clear                                         ../../libraries/libchip_atsam3n/lib\libchip_atsam3n4_gcc_rel.a(pio.o)
PIO_Configure                                     ../../libraries/libchip_atsam3n/lib\libchip_atsam3n4_gcc_rel.a(pio.o)
                                                  ../../libraries/libboard_atsam3n-ek/lib\libboard_atsam3n_ek_gcc_rel.a(uart_console.o)
                                                  obj/sram_main.o
PIO_DisableWriteProtect                           ../../libraries/libchip_atsam3n/lib\libchip_atsam3n4_gcc_rel.a(pio.o)
PIO_EnableWriteProtect                            ../../libraries/libchip_atsam3n/lib\libchip_atsam3n4_gcc_rel.a(pio.o)
PIO_Get                                           ../../libraries/libchip_atsam3n/lib\libchip_atsam3n4_gcc_rel.a(pio.o)
PIO_GetOutputDataStatus                           ../../libraries/libchip_atsam3n/lib\libchip_atsam3n4_gcc_rel.a(pio.o)
PIO_GetWriteProtectViolationInfo                  ../../libraries/libchip_atsam3n/lib\libchip_atsam3n4_gcc_rel.a(pio.o)
PIO_Set                                           ../../libraries/libchip_atsam3n/lib\libchip_atsam3n4_gcc_rel.a(pio.o)
PIO_SetDebounceFilter                             ../../libraries/libchip_atsam3n/lib\libchip_atsam3n4_gcc_rel.a(pio.o)
PIO_SetPinType                                    ../../libraries/libchip_atsam3n/lib\libchip_atsam3n4_gcc_rel.a(pio.o)
PMC_DisableAllPeripherals                         ../../libraries/libchip_atsam3n/lib\libchip_atsam3n4_gcc_rel.a(pmc.o)
PMC_DisablePeripheral                             ../../libraries/libchip_atsam3n/lib\libchip_atsam3n4_gcc_rel.a(pmc.o)
                                                  ../../libraries/libchip_atsam3n/lib\libchip_atsam3n4_gcc_rel.a(spi_pdc.o)
PMC_EnableAllPeripherals                          ../../libraries/libchip_atsam3n/lib\libchip_atsam3n4_gcc_rel.a(pmc.o)
PMC_EnablePeripheral                              ../../libraries/libchip_atsam3n/lib\libchip_atsam3n4_gcc_rel.a(pmc.o)
                                                  ../../libraries/libchip_atsam3n/lib\libchip_atsam3n4_gcc_rel.a(spi.o)
                                                  ../../libraries/libchip_atsam3n/lib\libchip_atsam3n4_gcc_rel.a(spi_pdc.o)
                                                  ../../libraries/libchip_atsam3n/lib\libchip_atsam3n4_gcc_rel.a(pio.o)
PMC_IsPeriphEnabled                               ../../libraries/libchip_atsam3n/lib\libchip_atsam3n4_gcc_rel.a(pmc.o)
ResetException                                    obj/sram_isp_cstartup.o
SPID_Configure                                    ../../libraries/libchip_atsam3n/lib\libchip_atsam3n4_gcc_rel.a(spi_pdc.o)
                                                  obj/sram_main.o
SPID_ConfigureCS                                  ../../libraries/libchip_atsam3n/lib\libchip_atsam3n4_gcc_rel.a(spi_pdc.o)
                                                  ../../libraries/libboard_atsam3n-ek/lib\libboard_atsam3n_ek_gcc_rel.a(at25_spi.o)
SPID_Handler                                      ../../libraries/libchip_atsam3n/lib\libchip_atsam3n4_gcc_rel.a(spi_pdc.o)
                                                  ../../libraries/libboard_atsam3n-ek/lib\libboard_atsam3n_ek_gcc_rel.a(at25d.o)
SPID_IsBusy                                       ../../libraries/libchip_atsam3n/lib\libchip_atsam3n4_gcc_rel.a(spi_pdc.o)
                                                  ../../libraries/libboard_atsam3n-ek/lib\libboard_atsam3n_ek_gcc_rel.a(at25_spi.o)
SPID_SendCommand                                  ../../libraries/libchip_atsam3n/lib\libchip_atsam3n4_gcc_rel.a(spi_pdc.o)
                                                  ../../libraries/libboard_atsam3n-ek/lib\libboard_atsam3n_ek_gcc_rel.a(at25_spi.o)
SPI_Configure                                     ../../libraries/libchip_atsam3n/lib\libchip_atsam3n4_gcc_rel.a(spi.o)
                                                  ../../libraries/libchip_atsam3n/lib\libchip_atsam3n4_gcc_rel.a(spi_pdc.o)
SPI_ConfigureNPCS                                 ../../libraries/libchip_atsam3n/lib\libchip_atsam3n4_gcc_rel.a(spi.o)
                                                  ../../libraries/libchip_atsam3n/lib\libchip_atsam3n4_gcc_rel.a(spi_pdc.o)
SPI_Disable                                       ../../libraries/libchip_atsam3n/lib\libchip_atsam3n4_gcc_rel.a(spi.o)
SPI_DisableIt                                     ../../libraries/libchip_atsam3n/lib\libchip_atsam3n4_gcc_rel.a(spi.o)
                                                  ../../libraries/libchip_atsam3n/lib\libchip_atsam3n4_gcc_rel.a(spi_pdc.o)
SPI_Enable                                        ../../libraries/libchip_atsam3n/lib\libchip_atsam3n4_gcc_rel.a(spi.o)
                                                  ../../libraries/libchip_atsam3n/lib\libchip_atsam3n4_gcc_rel.a(spi_pdc.o)
SPI_EnableCs                                      ../../libraries/libchip_atsam3n/lib\libchip_atsam3n4_gcc_rel.a(spi.o)
SPI_EnableIt                                      ../../libraries/libchip_atsam3n/lib\libchip_atsam3n4_gcc_rel.a(spi.o)
                                                  ../../libraries/libchip_atsam3n/lib\libchip_atsam3n4_gcc_rel.a(spi_pdc.o)
SPI_GetStatus                                     ../../libraries/libchip_atsam3n/lib\libchip_atsam3n4_gcc_rel.a(spi.o)
SPI_IsFinished                                    ../../libraries/libchip_atsam3n/lib\libchip_atsam3n4_gcc_rel.a(spi.o)
SPI_PdcDisableRx                                  ../../libraries/libchip_atsam3n/lib\libchip_atsam3n4_gcc_rel.a(spi.o)
                                                  ../../libraries/libchip_atsam3n/lib\libchip_atsam3n4_gcc_rel.a(spi_pdc.o)
SPI_PdcDisableTx                                  ../../libraries/libchip_atsam3n/lib\libchip_atsam3n4_gcc_rel.a(spi.o)
                                                  ../../libraries/libchip_atsam3n/lib\libchip_atsam3n4_gcc_rel.a(spi_pdc.o)
SPI_PdcEnableRx                                   ../../libraries/libchip_atsam3n/lib\libchip_atsam3n4_gcc_rel.a(spi.o)
                                                  ../../libraries/libchip_atsam3n/lib\libchip_atsam3n4_gcc_rel.a(spi_pdc.o)
SPI_PdcEnableTx                                   ../../libraries/libchip_atsam3n/lib\libchip_atsam3n4_gcc_rel.a(spi.o)
                                                  ../../libraries/libchip_atsam3n/lib\libchip_atsam3n4_gcc_rel.a(spi_pdc.o)
SPI_PdcSetRx                                      ../../libraries/libchip_atsam3n/lib\libchip_atsam3n4_gcc_rel.a(spi.o)
                                                  ../../libraries/libchip_atsam3n/lib\libchip_atsam3n4_gcc_rel.a(spi_pdc.o)
SPI_PdcSetTx                                      ../../libraries/libchip_atsam3n/lib\libchip_atsam3n4_gcc_rel.a(spi.o)
                                                  ../../libraries/libchip_atsam3n/lib\libchip_atsam3n4_gcc_rel.a(spi_pdc.o)
SPI_Read                                          ../../libraries/libchip_atsam3n/lib\libchip_atsam3n4_gcc_rel.a(spi.o)
SPI_ReadBuffer                                    ../../libraries/libchip_atsam3n/lib\libchip_atsam3n4_gcc_rel.a(spi.o)
SPI_Write                                         ../../libraries/libchip_atsam3n/lib\libchip_atsam3n4_gcc_rel.a(spi.o)
SPI_WriteBuffer                                   ../../libraries/libchip_atsam3n/lib\libchip_atsam3n4_gcc_rel.a(spi.o)
UART_Configure                                    ../../libraries/libboard_atsam3n-ek/lib\libboard_atsam3n_ek_gcc_rel.a(uart_console.o)
                                                  obj/sram_main.o
UART_DumpFrame                                    ../../libraries/libboard_atsam3n-ek/lib\libboard_atsam3n_ek_gcc_rel.a(uart_console.o)
UART_DumpMemory                                   ../../libraries/libboard_atsam3n-ek/lib\libboard_atsam3n_ek_gcc_rel.a(uart_console.o)
UART_GetChar                                      ../../libraries/libboard_atsam3n-ek/lib\libboard_atsam3n_ek_gcc_rel.a(uart_console.o)
UART_GetHexa32                                    ../../libraries/libboard_atsam3n-ek/lib\libboard_atsam3n_ek_gcc_rel.a(uart_console.o)
UART_GetInteger                                   ../../libraries/libboard_atsam3n-ek/lib\libboard_atsam3n_ek_gcc_rel.a(uart_console.o)
UART_GetIntegerMinMax                             ../../libraries/libboard_atsam3n-ek/lib\libboard_atsam3n_ek_gcc_rel.a(uart_console.o)
UART_IsRxReady                                    ../../libraries/libboard_atsam3n-ek/lib\libboard_atsam3n_ek_gcc_rel.a(uart_console.o)
UART_PutChar                                      ../../libraries/libboard_atsam3n-ek/lib\libboard_atsam3n_ek_gcc_rel.a(uart_console.o)
_Balloc                                           c:/program files/codesourcery/sourcery g++ lite/bin/../lib/gcc/arm-none-eabi/4.4.1/../../../../arm-none-eabi/lib/thumb2\libc.a(lib_a-mprec.o)
                                                  c:/program files/codesourcery/sourcery g++ lite/bin/../lib/gcc/arm-none-eabi/4.4.1/../../../../arm-none-eabi/lib/thumb2\libc.a(lib_a-dtoa.o)
_Bfree                                            c:/program files/codesourcery/sourcery g++ lite/bin/../lib/gcc/arm-none-eabi/4.4.1/../../../../arm-none-eabi/lib/thumb2\libc.a(lib_a-mprec.o)
                                                  c:/program files/codesourcery/sourcery g++ lite/bin/../lib/gcc/arm-none-eabi/4.4.1/../../../../arm-none-eabi/lib/thumb2\libc.a(lib_a-dtoa.o)
_PathLocale                                       c:/program files/codesourcery/sourcery g++ lite/bin/../lib/gcc/arm-none-eabi/4.4.1/../../../../arm-none-eabi/lib/thumb2\libc.a(lib_a-locale.o)
__adddf3                                          c:/program files/codesourcery/sourcery g++ lite/bin/../lib/gcc/arm-none-eabi/4.4.1/thumb2\libgcc.a(_arm_addsubdf3.o)
__aeabi_cdcmpeq                                   c:/program files/codesourcery/sourcery g++ lite/bin/../lib/gcc/arm-none-eabi/4.4.1/thumb2\libgcc.a(_arm_cmpdf2.o)
__aeabi_cdcmple                                   c:/program files/codesourcery/sourcery g++ lite/bin/../lib/gcc/arm-none-eabi/4.4.1/thumb2\libgcc.a(_arm_cmpdf2.o)
__aeabi_cdrcmple                                  c:/program files/codesourcery/sourcery g++ lite/bin/../lib/gcc/arm-none-eabi/4.4.1/thumb2\libgcc.a(_arm_cmpdf2.o)
__aeabi_d2iz                                      c:/program files/codesourcery/sourcery g++ lite/bin/../lib/gcc/arm-none-eabi/4.4.1/thumb2\libgcc.a(_arm_fixdfsi.o)
                                                  c:/program files/codesourcery/sourcery g++ lite/bin/../lib/gcc/arm-none-eabi/4.4.1/../../../../arm-none-eabi/lib/thumb2\libc.a(lib_a-dtoa.o)
__aeabi_dadd                                      c:/program files/codesourcery/sourcery g++ lite/bin/../lib/gcc/arm-none-eabi/4.4.1/thumb2\libgcc.a(_arm_addsubdf3.o)
                                                  c:/program files/codesourcery/sourcery g++ lite/bin/../lib/gcc/arm-none-eabi/4.4.1/../../../../arm-none-eabi/lib/thumb2\libc.a(lib_a-dtoa.o)
__aeabi_dcmpeq                                    c:/program files/codesourcery/sourcery g++ lite/bin/../lib/gcc/arm-none-eabi/4.4.1/thumb2\libgcc.a(_arm_cmpdf2.o)
                                                  c:/program files/codesourcery/sourcery g++ lite/bin/../lib/gcc/arm-none-eabi/4.4.1/../../../../arm-none-eabi/lib/thumb2\libc.a(lib_a-dtoa.o)
                                                  c:/program files/codesourcery/sourcery g++ lite/bin/../lib/gcc/arm-none-eabi/4.4.1/../../../../arm-none-eabi/lib/thumb2\libc.a(lib_a-vfprintf.o)
__aeabi_dcmpge                                    c:/program files/codesourcery/sourcery g++ lite/bin/../lib/gcc/arm-none-eabi/4.4.1/thumb2\libgcc.a(_arm_cmpdf2.o)
                                                  c:/program files/codesourcery/sourcery g++ lite/bin/../lib/gcc/arm-none-eabi/4.4.1/../../../../arm-none-eabi/lib/thumb2\libc.a(lib_a-dtoa.o)
__aeabi_dcmpgt                                    c:/program files/codesourcery/sourcery g++ lite/bin/../lib/gcc/arm-none-eabi/4.4.1/thumb2\libgcc.a(_arm_cmpdf2.o)
                                                  c:/program files/codesourcery/sourcery g++ lite/bin/../lib/gcc/arm-none-eabi/4.4.1/../../../../arm-none-eabi/lib/thumb2\libc.a(lib_a-dtoa.o)
__aeabi_dcmple                                    c:/program files/codesourcery/sourcery g++ lite/bin/../lib/gcc/arm-none-eabi/4.4.1/thumb2\libgcc.a(_arm_cmpdf2.o)
__aeabi_dcmplt                                    c:/program files/codesourcery/sourcery g++ lite/bin/../lib/gcc/arm-none-eabi/4.4.1/thumb2\libgcc.a(_arm_cmpdf2.o)
                                                  c:/program files/codesourcery/sourcery g++ lite/bin/../lib/gcc/arm-none-eabi/4.4.1/../../../../arm-none-eabi/lib/thumb2\libc.a(lib_a-dtoa.o)
                                                  c:/program files/codesourcery/sourcery g++ lite/bin/../lib/gcc/arm-none-eabi/4.4.1/../../../../arm-none-eabi/lib/thumb2\libc.a(lib_a-vfprintf.o)
__aeabi_ddiv                                      c:/program files/codesourcery/sourcery g++ lite/bin/../lib/gcc/arm-none-eabi/4.4.1/thumb2\libgcc.a(_arm_muldivdf3.o)
                                                  c:/program files/codesourcery/sourcery g++ lite/bin/../lib/gcc/arm-none-eabi/4.4.1/../../../../arm-none-eabi/lib/thumb2\libc.a(lib_a-mprec.o)
                                                  c:/program files/codesourcery/sourcery g++ lite/bin/../lib/gcc/arm-none-eabi/4.4.1/../../../../arm-none-eabi/lib/thumb2\libc.a(lib_a-dtoa.o)
__aeabi_dmul                                      c:/program files/codesourcery/sourcery g++ lite/bin/../lib/gcc/arm-none-eabi/4.4.1/thumb2\libgcc.a(_arm_muldivdf3.o)
                                                  c:/program files/codesourcery/sourcery g++ lite/bin/../lib/gcc/arm-none-eabi/4.4.1/../../../../arm-none-eabi/lib/thumb2\libc.a(lib_a-mprec.o)
                                                  c:/program files/codesourcery/sourcery g++ lite/bin/../lib/gcc/arm-none-eabi/4.4.1/../../../../arm-none-eabi/lib/thumb2\libc.a(lib_a-dtoa.o)
__aeabi_drsub                                     c:/program files/codesourcery/sourcery g++ lite/bin/../lib/gcc/arm-none-eabi/4.4.1/thumb2\libgcc.a(_arm_addsubdf3.o)
__aeabi_dsub                                      c:/program files/codesourcery/sourcery g++ lite/bin/../lib/gcc/arm-none-eabi/4.4.1/thumb2\libgcc.a(_arm_addsubdf3.o)
                                                  c:/program files/codesourcery/sourcery g++ lite/bin/../lib/gcc/arm-none-eabi/4.4.1/../../../../arm-none-eabi/lib/thumb2\libc.a(lib_a-dtoa.o)
__aeabi_f2d                                       c:/program files/codesourcery/sourcery g++ lite/bin/../lib/gcc/arm-none-eabi/4.4.1/thumb2\libgcc.a(_arm_addsubdf3.o)
__aeabi_i2d                                       c:/program files/codesourcery/sourcery g++ lite/bin/../lib/gcc/arm-none-eabi/4.4.1/thumb2\libgcc.a(_arm_addsubdf3.o)
                                                  c:/program files/codesourcery/sourcery g++ lite/bin/../lib/gcc/arm-none-eabi/4.4.1/../../../../arm-none-eabi/lib/thumb2\libc.a(lib_a-dtoa.o)
__aeabi_idiv0                                     c:/program files/codesourcery/sourcery g++ lite/bin/../lib/gcc/arm-none-eabi/4.4.1/thumb2\libgcc.a(_dvmd_tls.o)
                                                  c:/program files/codesourcery/sourcery g++ lite/bin/../lib/gcc/arm-none-eabi/4.4.1/thumb2\libgcc.a(_udivsi3.o)
__aeabi_l2d                                       c:/program files/codesourcery/sourcery g++ lite/bin/../lib/gcc/arm-none-eabi/4.4.1/thumb2\libgcc.a(_arm_addsubdf3.o)
__aeabi_ldiv0                                     c:/program files/codesourcery/sourcery g++ lite/bin/../lib/gcc/arm-none-eabi/4.4.1/thumb2\libgcc.a(_dvmd_tls.o)
                                                  c:/program files/codesourcery/sourcery g++ lite/bin/../lib/gcc/arm-none-eabi/4.4.1/thumb2\libgcc.a(_aeabi_uldivmod.o)
__aeabi_ui2d                                      c:/program files/codesourcery/sourcery g++ lite/bin/../lib/gcc/arm-none-eabi/4.4.1/thumb2\libgcc.a(_arm_addsubdf3.o)
                                                  c:/program files/codesourcery/sourcery g++ lite/bin/../lib/gcc/arm-none-eabi/4.4.1/../../../../arm-none-eabi/lib/thumb2\libc.a(lib_a-dtoa.o)
__aeabi_uidiv                                     c:/program files/codesourcery/sourcery g++ lite/bin/../lib/gcc/arm-none-eabi/4.4.1/thumb2\libgcc.a(_udivsi3.o)
                                                  c:/program files/codesourcery/sourcery g++ lite/bin/../lib/gcc/arm-none-eabi/4.4.1/thumb2\libgcc.a(_udivdi3.o)
                                                  c:/program files/codesourcery/sourcery g++ lite/bin/../lib/gcc/arm-none-eabi/4.4.1/thumb2\libgcc.a(_divdi3.o)
                                                  c:/program files/codesourcery/sourcery g++ lite/bin/../lib/gcc/arm-none-eabi/4.4.1/../../../../arm-none-eabi/lib/thumb2\libc.a(lib_a-dtoa.o)
__aeabi_uidivmod                                  c:/program files/codesourcery/sourcery g++ lite/bin/../lib/gcc/arm-none-eabi/4.4.1/thumb2\libgcc.a(_udivsi3.o)
                                                  c:/program files/codesourcery/sourcery g++ lite/bin/../lib/gcc/arm-none-eabi/4.4.1/thumb2\libgcc.a(_udivdi3.o)
                                                  c:/program files/codesourcery/sourcery g++ lite/bin/../lib/gcc/arm-none-eabi/4.4.1/thumb2\libgcc.a(_divdi3.o)
__aeabi_ul2d                                      c:/program files/codesourcery/sourcery g++ lite/bin/../lib/gcc/arm-none-eabi/4.4.1/thumb2\libgcc.a(_arm_addsubdf3.o)
__aeabi_uldivmod                                  c:/program files/codesourcery/sourcery g++ lite/bin/../lib/gcc/arm-none-eabi/4.4.1/thumb2\libgcc.a(_aeabi_uldivmod.o)
                                                  c:/program files/codesourcery/sourcery g++ lite/bin/../lib/gcc/arm-none-eabi/4.4.1/../../../../arm-none-eabi/lib/thumb2\libc.a(lib_a-vfprintf.o)
__any_on                                          c:/program files/codesourcery/sourcery g++ lite/bin/../lib/gcc/arm-none-eabi/4.4.1/../../../../arm-none-eabi/lib/thumb2\libc.a(lib_a-mprec.o)
__b2d                                             c:/program files/codesourcery/sourcery g++ lite/bin/../lib/gcc/arm-none-eabi/4.4.1/../../../../arm-none-eabi/lib/thumb2\libc.a(lib_a-mprec.o)
__cmpdf2                                          c:/program files/codesourcery/sourcery g++ lite/bin/../lib/gcc/arm-none-eabi/4.4.1/thumb2\libgcc.a(_arm_cmpdf2.o)
__copybits                                        c:/program files/codesourcery/sourcery g++ lite/bin/../lib/gcc/arm-none-eabi/4.4.1/../../../../arm-none-eabi/lib/thumb2\libc.a(lib_a-mprec.o)
__d2b                                             c:/program files/codesourcery/sourcery g++ lite/bin/../lib/gcc/arm-none-eabi/4.4.1/../../../../arm-none-eabi/lib/thumb2\libc.a(lib_a-mprec.o)
                                                  c:/program files/codesourcery/sourcery g++ lite/bin/../lib/gcc/arm-none-eabi/4.4.1/../../../../arm-none-eabi/lib/thumb2\libc.a(lib_a-dtoa.o)
__divdf3                                          c:/program files/codesourcery/sourcery g++ lite/bin/../lib/gcc/arm-none-eabi/4.4.1/thumb2\libgcc.a(_arm_muldivdf3.o)
__divdi3                                          c:/program files/codesourcery/sourcery g++ lite/bin/../lib/gcc/arm-none-eabi/4.4.1/thumb2\libgcc.a(_divdi3.o)
                                                  c:/program files/codesourcery/sourcery g++ lite/bin/../lib/gcc/arm-none-eabi/4.4.1/thumb2\libgcc.a(bpabi.o)
__eqdf2                                           c:/program files/codesourcery/sourcery g++ lite/bin/../lib/gcc/arm-none-eabi/4.4.1/thumb2\libgcc.a(_arm_cmpdf2.o)
__extendsfdf2                                     c:/program files/codesourcery/sourcery g++ lite/bin/../lib/gcc/arm-none-eabi/4.4.1/thumb2\libgcc.a(_arm_addsubdf3.o)
__fixdfsi                                         c:/program files/codesourcery/sourcery g++ lite/bin/../lib/gcc/arm-none-eabi/4.4.1/thumb2\libgcc.a(_arm_fixdfsi.o)
__floatdidf                                       c:/program files/codesourcery/sourcery g++ lite/bin/../lib/gcc/arm-none-eabi/4.4.1/thumb2\libgcc.a(_arm_addsubdf3.o)
__floatsidf                                       c:/program files/codesourcery/sourcery g++ lite/bin/../lib/gcc/arm-none-eabi/4.4.1/thumb2\libgcc.a(_arm_addsubdf3.o)
__floatundidf                                     c:/program files/codesourcery/sourcery g++ lite/bin/../lib/gcc/arm-none-eabi/4.4.1/thumb2\libgcc.a(_arm_addsubdf3.o)
__floatunsidf                                     c:/program files/codesourcery/sourcery g++ lite/bin/../lib/gcc/arm-none-eabi/4.4.1/thumb2\libgcc.a(_arm_addsubdf3.o)
__fp_lock_all                                     c:/program files/codesourcery/sourcery g++ lite/bin/../lib/gcc/arm-none-eabi/4.4.1/../../../../arm-none-eabi/lib/thumb2\libc.a(lib_a-findfp.o)
__fp_unlock_all                                   c:/program files/codesourcery/sourcery g++ lite/bin/../lib/gcc/arm-none-eabi/4.4.1/../../../../arm-none-eabi/lib/thumb2\libc.a(lib_a-findfp.o)
__gedf2                                           c:/program files/codesourcery/sourcery g++ lite/bin/../lib/gcc/arm-none-eabi/4.4.1/thumb2\libgcc.a(_arm_cmpdf2.o)
__gnu_ldivmod_helper                              c:/program files/codesourcery/sourcery g++ lite/bin/../lib/gcc/arm-none-eabi/4.4.1/thumb2\libgcc.a(bpabi.o)
__gnu_uldivmod_helper                             c:/program files/codesourcery/sourcery g++ lite/bin/../lib/gcc/arm-none-eabi/4.4.1/thumb2\libgcc.a(bpabi.o)
                                                  c:/program files/codesourcery/sourcery g++ lite/bin/../lib/gcc/arm-none-eabi/4.4.1/thumb2\libgcc.a(_aeabi_uldivmod.o)
__gtdf2                                           c:/program files/codesourcery/sourcery g++ lite/bin/../lib/gcc/arm-none-eabi/4.4.1/thumb2\libgcc.a(_arm_cmpdf2.o)
__hi0bits                                         c:/program files/codesourcery/sourcery g++ lite/bin/../lib/gcc/arm-none-eabi/4.4.1/../../../../arm-none-eabi/lib/thumb2\libc.a(lib_a-mprec.o)
                                                  c:/program files/codesourcery/sourcery g++ lite/bin/../lib/gcc/arm-none-eabi/4.4.1/../../../../arm-none-eabi/lib/thumb2\libc.a(lib_a-dtoa.o)
__i2b                                             c:/program files/codesourcery/sourcery g++ lite/bin/../lib/gcc/arm-none-eabi/4.4.1/../../../../arm-none-eabi/lib/thumb2\libc.a(lib_a-mprec.o)
                                                  c:/program files/codesourcery/sourcery g++ lite/bin/../lib/gcc/arm-none-eabi/4.4.1/../../../../arm-none-eabi/lib/thumb2\libc.a(lib_a-dtoa.o)
__isinfd                                          c:/program files/codesourcery/sourcery g++ lite/bin/../lib/gcc/arm-none-eabi/4.4.1/../../../../arm-none-eabi/lib/thumb2\libc.a(lib_a-s_isinfd.o)
                                                  c:/program files/codesourcery/sourcery g++ lite/bin/../lib/gcc/arm-none-eabi/4.4.1/../../../../arm-none-eabi/lib/thumb2\libc.a(lib_a-vfprintf.o)
__isnand                                          c:/program files/codesourcery/sourcery g++ lite/bin/../lib/gcc/arm-none-eabi/4.4.1/../../../../arm-none-eabi/lib/thumb2\libc.a(lib_a-s_isnand.o)
                                                  c:/program files/codesourcery/sourcery g++ lite/bin/../lib/gcc/arm-none-eabi/4.4.1/../../../../arm-none-eabi/lib/thumb2\libc.a(lib_a-vfprintf.o)
__lc_ctype                                        c:/program files/codesourcery/sourcery g++ lite/bin/../lib/gcc/arm-none-eabi/4.4.1/../../../../arm-none-eabi/lib/thumb2\libc.a(lib_a-locale.o)
__ledf2                                           c:/program files/codesourcery/sourcery g++ lite/bin/../lib/gcc/arm-none-eabi/4.4.1/thumb2\libgcc.a(_arm_cmpdf2.o)
__lo0bits                                         c:/program files/codesourcery/sourcery g++ lite/bin/../lib/gcc/arm-none-eabi/4.4.1/../../../../arm-none-eabi/lib/thumb2\libc.a(lib_a-mprec.o)
__locale_charset                                  c:/program files/codesourcery/sourcery g++ lite/bin/../lib/gcc/arm-none-eabi/4.4.1/../../../../arm-none-eabi/lib/thumb2\libc.a(lib_a-locale.o)
__lshift                                          c:/program files/codesourcery/sourcery g++ lite/bin/../lib/gcc/arm-none-eabi/4.4.1/../../../../arm-none-eabi/lib/thumb2\libc.a(lib_a-mprec.o)
                                                  c:/program files/codesourcery/sourcery g++ lite/bin/../lib/gcc/arm-none-eabi/4.4.1/../../../../arm-none-eabi/lib/thumb2\libc.a(lib_a-dtoa.o)
__ltdf2                                           c:/program files/codesourcery/sourcery g++ lite/bin/../lib/gcc/arm-none-eabi/4.4.1/thumb2\libgcc.a(_arm_cmpdf2.o)
__malloc_av_                                      c:/program files/codesourcery/sourcery g++ lite/bin/../lib/gcc/arm-none-eabi/4.4.1/../../../../arm-none-eabi/lib/thumb2\libc.a(lib_a-mallocr.o)
                                                  c:/program files/codesourcery/sourcery g++ lite/bin/../lib/gcc/arm-none-eabi/4.4.1/../../../../arm-none-eabi/lib/thumb2\libc.a(lib_a-reallocr.o)
                                                  c:/program files/codesourcery/sourcery g++ lite/bin/../lib/gcc/arm-none-eabi/4.4.1/../../../../arm-none-eabi/lib/thumb2\libc.a(lib_a-freer.o)
__malloc_current_mallinfo                         c:/program files/codesourcery/sourcery g++ lite/bin/../lib/gcc/arm-none-eabi/4.4.1/../../../../arm-none-eabi/lib/thumb2\libc.a(lib_a-mallocr.o)
                                                  c:/program files/codesourcery/sourcery g++ lite/bin/../lib/gcc/arm-none-eabi/4.4.1/../../../../arm-none-eabi/lib/thumb2\libc.a(lib_a-freer.o)
__malloc_lock                                     c:/program files/codesourcery/sourcery g++ lite/bin/../lib/gcc/arm-none-eabi/4.4.1/../../../../arm-none-eabi/lib/thumb2\libc.a(lib_a-mlock.o)
                                                  c:/program files/codesourcery/sourcery g++ lite/bin/../lib/gcc/arm-none-eabi/4.4.1/../../../../arm-none-eabi/lib/thumb2\libc.a(lib_a-reallocr.o)
                                                  c:/program files/codesourcery/sourcery g++ lite/bin/../lib/gcc/arm-none-eabi/4.4.1/../../../../arm-none-eabi/lib/thumb2\libc.a(lib_a-mallocr.o)
                                                  c:/program files/codesourcery/sourcery g++ lite/bin/../lib/gcc/arm-none-eabi/4.4.1/../../../../arm-none-eabi/lib/thumb2\libc.a(lib_a-freer.o)
__malloc_max_sbrked_mem                           c:/program files/codesourcery/sourcery g++ lite/bin/../lib/gcc/arm-none-eabi/4.4.1/../../../../arm-none-eabi/lib/thumb2\libc.a(lib_a-mallocr.o)
__malloc_max_total_mem                            c:/program files/codesourcery/sourcery g++ lite/bin/../lib/gcc/arm-none-eabi/4.4.1/../../../../arm-none-eabi/lib/thumb2\libc.a(lib_a-mallocr.o)
__malloc_sbrk_base                                c:/program files/codesourcery/sourcery g++ lite/bin/../lib/gcc/arm-none-eabi/4.4.1/../../../../arm-none-eabi/lib/thumb2\libc.a(lib_a-mallocr.o)
                                                  c:/program files/codesourcery/sourcery g++ lite/bin/../lib/gcc/arm-none-eabi/4.4.1/../../../../arm-none-eabi/lib/thumb2\libc.a(lib_a-freer.o)
__malloc_top_pad                                  c:/program files/codesourcery/sourcery g++ lite/bin/../lib/gcc/arm-none-eabi/4.4.1/../../../../arm-none-eabi/lib/thumb2\libc.a(lib_a-mallocr.o)
                                                  c:/program files/codesourcery/sourcery g++ lite/bin/../lib/gcc/arm-none-eabi/4.4.1/../../../../arm-none-eabi/lib/thumb2\libc.a(lib_a-freer.o)
__malloc_trim_threshold                           c:/program files/codesourcery/sourcery g++ lite/bin/../lib/gcc/arm-none-eabi/4.4.1/../../../../arm-none-eabi/lib/thumb2\libc.a(lib_a-mallocr.o)
                                                  c:/program files/codesourcery/sourcery g++ lite/bin/../lib/gcc/arm-none-eabi/4.4.1/../../../../arm-none-eabi/lib/thumb2\libc.a(lib_a-freer.o)
__malloc_unlock                                   c:/program files/codesourcery/sourcery g++ lite/bin/../lib/gcc/arm-none-eabi/4.4.1/../../../../arm-none-eabi/lib/thumb2\libc.a(lib_a-mlock.o)
                                                  c:/program files/codesourcery/sourcery g++ lite/bin/../lib/gcc/arm-none-eabi/4.4.1/../../../../arm-none-eabi/lib/thumb2\libc.a(lib_a-reallocr.o)
                                                  c:/program files/codesourcery/sourcery g++ lite/bin/../lib/gcc/arm-none-eabi/4.4.1/../../../../arm-none-eabi/lib/thumb2\libc.a(lib_a-mallocr.o)
                                                  c:/program files/codesourcery/sourcery g++ lite/bin/../lib/gcc/arm-none-eabi/4.4.1/../../../../arm-none-eabi/lib/thumb2\libc.a(lib_a-freer.o)
__mb_cur_max                                      c:/program files/codesourcery/sourcery g++ lite/bin/../lib/gcc/arm-none-eabi/4.4.1/../../../../arm-none-eabi/lib/thumb2\libc.a(lib_a-locale.o)
__mcmp                                            c:/program files/codesourcery/sourcery g++ lite/bin/../lib/gcc/arm-none-eabi/4.4.1/../../../../arm-none-eabi/lib/thumb2\libc.a(lib_a-mprec.o)
                                                  c:/program files/codesourcery/sourcery g++ lite/bin/../lib/gcc/arm-none-eabi/4.4.1/../../../../arm-none-eabi/lib/thumb2\libc.a(lib_a-dtoa.o)
__mdiff                                           c:/program files/codesourcery/sourcery g++ lite/bin/../lib/gcc/arm-none-eabi/4.4.1/../../../../arm-none-eabi/lib/thumb2\libc.a(lib_a-mprec.o)
                                                  c:/program files/codesourcery/sourcery g++ lite/bin/../lib/gcc/arm-none-eabi/4.4.1/../../../../arm-none-eabi/lib/thumb2\libc.a(lib_a-dtoa.o)
__mlocale_changed                                 c:/program files/codesourcery/sourcery g++ lite/bin/../lib/gcc/arm-none-eabi/4.4.1/../../../../arm-none-eabi/lib/thumb2\libc.a(lib_a-locale.o)
__mprec_bigtens                                   c:/program files/codesourcery/sourcery g++ lite/bin/../lib/gcc/arm-none-eabi/4.4.1/../../../../arm-none-eabi/lib/thumb2\libc.a(lib_a-mprec.o)
                                                  c:/program files/codesourcery/sourcery g++ lite/bin/../lib/gcc/arm-none-eabi/4.4.1/../../../../arm-none-eabi/lib/thumb2\libc.a(lib_a-dtoa.o)
__mprec_tens                                      c:/program files/codesourcery/sourcery g++ lite/bin/../lib/gcc/arm-none-eabi/4.4.1/../../../../arm-none-eabi/lib/thumb2\libc.a(lib_a-mprec.o)
                                                  c:/program files/codesourcery/sourcery g++ lite/bin/../lib/gcc/arm-none-eabi/4.4.1/../../../../arm-none-eabi/lib/thumb2\libc.a(lib_a-dtoa.o)
__mprec_tinytens                                  c:/program files/codesourcery/sourcery g++ lite/bin/../lib/gcc/arm-none-eabi/4.4.1/../../../../arm-none-eabi/lib/thumb2\libc.a(lib_a-mprec.o)
__muldf3                                          c:/program files/codesourcery/sourcery g++ lite/bin/../lib/gcc/arm-none-eabi/4.4.1/thumb2\libgcc.a(_arm_muldivdf3.o)
__multadd                                         c:/program files/codesourcery/sourcery g++ lite/bin/../lib/gcc/arm-none-eabi/4.4.1/../../../../arm-none-eabi/lib/thumb2\libc.a(lib_a-mprec.o)
                                                  c:/program files/codesourcery/sourcery g++ lite/bin/../lib/gcc/arm-none-eabi/4.4.1/../../../../arm-none-eabi/lib/thumb2\libc.a(lib_a-dtoa.o)
__multiply                                        c:/program files/codesourcery/sourcery g++ lite/bin/../lib/gcc/arm-none-eabi/4.4.1/../../../../arm-none-eabi/lib/thumb2\libc.a(lib_a-mprec.o)
                                                  c:/program files/codesourcery/sourcery g++ lite/bin/../lib/gcc/arm-none-eabi/4.4.1/../../../../arm-none-eabi/lib/thumb2\libc.a(lib_a-dtoa.o)
__nedf2                                           c:/program files/codesourcery/sourcery g++ lite/bin/../lib/gcc/arm-none-eabi/4.4.1/thumb2\libgcc.a(_arm_cmpdf2.o)
__nlocale_changed                                 c:/program files/codesourcery/sourcery g++ lite/bin/../lib/gcc/arm-none-eabi/4.4.1/../../../../arm-none-eabi/lib/thumb2\libc.a(lib_a-locale.o)
__pow5mult                                        c:/program files/codesourcery/sourcery g++ lite/bin/../lib/gcc/arm-none-eabi/4.4.1/../../../../arm-none-eabi/lib/thumb2\libc.a(lib_a-mprec.o)
                                                  c:/program files/codesourcery/sourcery g++ lite/bin/../lib/gcc/arm-none-eabi/4.4.1/../../../../arm-none-eabi/lib/thumb2\libc.a(lib_a-dtoa.o)
__ratio                                           c:/program files/codesourcery/sourcery g++ lite/bin/../lib/gcc/arm-none-eabi/4.4.1/../../../../arm-none-eabi/lib/thumb2\libc.a(lib_a-mprec.o)
__s2b                                             c:/program files/codesourcery/sourcery g++ lite/bin/../lib/gcc/arm-none-eabi/4.4.1/../../../../arm-none-eabi/lib/thumb2\libc.a(lib_a-mprec.o)
__sclose                                          c:/program files/codesourcery/sourcery g++ lite/bin/../lib/gcc/arm-none-eabi/4.4.1/../../../../arm-none-eabi/lib/thumb2\libc.a(lib_a-stdio.o)
                                                  c:/program files/codesourcery/sourcery g++ lite/bin/../lib/gcc/arm-none-eabi/4.4.1/../../../../arm-none-eabi/lib/thumb2\libc.a(lib_a-findfp.o)
__sf_fake_stderr                                  c:/program files/codesourcery/sourcery g++ lite/bin/../lib/gcc/arm-none-eabi/4.4.1/../../../../arm-none-eabi/lib/thumb2\libc.a(lib_a-findfp.o)
                                                  c:/program files/codesourcery/sourcery g++ lite/bin/../lib/gcc/arm-none-eabi/4.4.1/../../../../arm-none-eabi/lib/thumb2\libc.a(lib_a-fclose.o)
                                                  c:/program files/codesourcery/sourcery g++ lite/bin/../lib/gcc/arm-none-eabi/4.4.1/../../../../arm-none-eabi/lib/thumb2\libc.a(lib_a-fflush.o)
                                                  c:/program files/codesourcery/sourcery g++ lite/bin/../lib/gcc/arm-none-eabi/4.4.1/../../../../arm-none-eabi/lib/thumb2\libc.a(lib_a-wsetup.o)
                                                  c:/program files/codesourcery/sourcery g++ lite/bin/../lib/gcc/arm-none-eabi/4.4.1/../../../../arm-none-eabi/lib/thumb2\libc.a(lib_a-vfprintf.o)
                                                  c:/program files/codesourcery/sourcery g++ lite/bin/../lib/gcc/arm-none-eabi/4.4.1/../../../../arm-none-eabi/lib/thumb2\libc.a(lib_a-impure.o)
__sf_fake_stdin                                   c:/program files/codesourcery/sourcery g++ lite/bin/../lib/gcc/arm-none-eabi/4.4.1/../../../../arm-none-eabi/lib/thumb2\libc.a(lib_a-findfp.o)
                                                  c:/program files/codesourcery/sourcery g++ lite/bin/../lib/gcc/arm-none-eabi/4.4.1/../../../../arm-none-eabi/lib/thumb2\libc.a(lib_a-fclose.o)
                                                  c:/program files/codesourcery/sourcery g++ lite/bin/../lib/gcc/arm-none-eabi/4.4.1/../../../../arm-none-eabi/lib/thumb2\libc.a(lib_a-fflush.o)
                                                  c:/program files/codesourcery/sourcery g++ lite/bin/../lib/gcc/arm-none-eabi/4.4.1/../../../../arm-none-eabi/lib/thumb2\libc.a(lib_a-wsetup.o)
                                                  c:/program files/codesourcery/sourcery g++ lite/bin/../lib/gcc/arm-none-eabi/4.4.1/../../../../arm-none-eabi/lib/thumb2\libc.a(lib_a-vfprintf.o)
                                                  c:/program files/codesourcery/sourcery g++ lite/bin/../lib/gcc/arm-none-eabi/4.4.1/../../../../arm-none-eabi/lib/thumb2\libc.a(lib_a-impure.o)
__sf_fake_stdout                                  c:/program files/codesourcery/sourcery g++ lite/bin/../lib/gcc/arm-none-eabi/4.4.1/../../../../arm-none-eabi/lib/thumb2\libc.a(lib_a-findfp.o)
                                                  c:/program files/codesourcery/sourcery g++ lite/bin/../lib/gcc/arm-none-eabi/4.4.1/../../../../arm-none-eabi/lib/thumb2\libc.a(lib_a-fclose.o)
                                                  c:/program files/codesourcery/sourcery g++ lite/bin/../lib/gcc/arm-none-eabi/4.4.1/../../../../arm-none-eabi/lib/thumb2\libc.a(lib_a-fflush.o)
                                                  c:/program files/codesourcery/sourcery g++ lite/bin/../lib/gcc/arm-none-eabi/4.4.1/../../../../arm-none-eabi/lib/thumb2\libc.a(lib_a-wsetup.o)
                                                  c:/program files/codesourcery/sourcery g++ lite/bin/../lib/gcc/arm-none-eabi/4.4.1/../../../../arm-none-eabi/lib/thumb2\libc.a(lib_a-vfprintf.o)
                                                  c:/program files/codesourcery/sourcery g++ lite/bin/../lib/gcc/arm-none-eabi/4.4.1/../../../../arm-none-eabi/lib/thumb2\libc.a(lib_a-impure.o)
__sfmoreglue                                      c:/program files/codesourcery/sourcery g++ lite/bin/../lib/gcc/arm-none-eabi/4.4.1/../../../../arm-none-eabi/lib/thumb2\libc.a(lib_a-findfp.o)
__sfp                                             c:/program files/codesourcery/sourcery g++ lite/bin/../lib/gcc/arm-none-eabi/4.4.1/../../../../arm-none-eabi/lib/thumb2\libc.a(lib_a-findfp.o)
__sfp_lock_acquire                                c:/program files/codesourcery/sourcery g++ lite/bin/../lib/gcc/arm-none-eabi/4.4.1/../../../../arm-none-eabi/lib/thumb2\libc.a(lib_a-findfp.o)
                                                  c:/program files/codesourcery/sourcery g++ lite/bin/../lib/gcc/arm-none-eabi/4.4.1/../../../../arm-none-eabi/lib/thumb2\libc.a(lib_a-fclose.o)
                                                  c:/program files/codesourcery/sourcery g++ lite/bin/../lib/gcc/arm-none-eabi/4.4.1/../../../../arm-none-eabi/lib/thumb2\libc.a(lib_a-fwalk.o)
__sfp_lock_release                                c:/program files/codesourcery/sourcery g++ lite/bin/../lib/gcc/arm-none-eabi/4.4.1/../../../../arm-none-eabi/lib/thumb2\libc.a(lib_a-findfp.o)
                                                  c:/program files/codesourcery/sourcery g++ lite/bin/../lib/gcc/arm-none-eabi/4.4.1/../../../../arm-none-eabi/lib/thumb2\libc.a(lib_a-fclose.o)
                                                  c:/program files/codesourcery/sourcery g++ lite/bin/../lib/gcc/arm-none-eabi/4.4.1/../../../../arm-none-eabi/lib/thumb2\libc.a(lib_a-fwalk.o)
__sfvwrite_r                                      c:/program files/codesourcery/sourcery g++ lite/bin/../lib/gcc/arm-none-eabi/4.4.1/../../../../arm-none-eabi/lib/thumb2\libc.a(lib_a-fvwrite.o)
                                                  c:/program files/codesourcery/sourcery g++ lite/bin/../lib/gcc/arm-none-eabi/4.4.1/../../../../arm-none-eabi/lib/thumb2\libc.a(lib_a-vfprintf.o)
__sinit                                           c:/program files/codesourcery/sourcery g++ lite/bin/../lib/gcc/arm-none-eabi/4.4.1/../../../../arm-none-eabi/lib/thumb2\libc.a(lib_a-findfp.o)
                                                  c:/program files/codesourcery/sourcery g++ lite/bin/../lib/gcc/arm-none-eabi/4.4.1/../../../../arm-none-eabi/lib/thumb2\libc.a(lib_a-fclose.o)
                                                  c:/program files/codesourcery/sourcery g++ lite/bin/../lib/gcc/arm-none-eabi/4.4.1/../../../../arm-none-eabi/lib/thumb2\libc.a(lib_a-fflush.o)
                                                  c:/program files/codesourcery/sourcery g++ lite/bin/../lib/gcc/arm-none-eabi/4.4.1/../../../../arm-none-eabi/lib/thumb2\libc.a(lib_a-wsetup.o)
                                                  c:/program files/codesourcery/sourcery g++ lite/bin/../lib/gcc/arm-none-eabi/4.4.1/../../../../arm-none-eabi/lib/thumb2\libc.a(lib_a-vfprintf.o)
                                                  c:/program files/codesourcery/sourcery g++ lite/bin/../lib/gcc/arm-none-eabi/4.4.1/../../../../arm-none-eabi/lib/thumb2\libc.a(lib_a-printf.o)
__sinit_lock_acquire                              c:/program files/codesourcery/sourcery g++ lite/bin/../lib/gcc/arm-none-eabi/4.4.1/../../../../arm-none-eabi/lib/thumb2\libc.a(lib_a-findfp.o)
__sinit_lock_release                              c:/program files/codesourcery/sourcery g++ lite/bin/../lib/gcc/arm-none-eabi/4.4.1/../../../../arm-none-eabi/lib/thumb2\libc.a(lib_a-findfp.o)
__smakebuf_r                                      c:/program files/codesourcery/sourcery g++ lite/bin/../lib/gcc/arm-none-eabi/4.4.1/../../../../arm-none-eabi/lib/thumb2\libc.a(lib_a-makebuf.o)
                                                  c:/program files/codesourcery/sourcery g++ lite/bin/../lib/gcc/arm-none-eabi/4.4.1/../../../../arm-none-eabi/lib/thumb2\libc.a(lib_a-wsetup.o)
__sread                                           c:/program files/codesourcery/sourcery g++ lite/bin/../lib/gcc/arm-none-eabi/4.4.1/../../../../arm-none-eabi/lib/thumb2\libc.a(lib_a-stdio.o)
                                                  c:/program files/codesourcery/sourcery g++ lite/bin/../lib/gcc/arm-none-eabi/4.4.1/../../../../arm-none-eabi/lib/thumb2\libc.a(lib_a-findfp.o)
__sseek                                           c:/program files/codesourcery/sourcery g++ lite/bin/../lib/gcc/arm-none-eabi/4.4.1/../../../../arm-none-eabi/lib/thumb2\libc.a(lib_a-stdio.o)
                                                  c:/program files/codesourcery/sourcery g++ lite/bin/../lib/gcc/arm-none-eabi/4.4.1/../../../../arm-none-eabi/lib/thumb2\libc.a(lib_a-makebuf.o)
                                                  c:/program files/codesourcery/sourcery g++ lite/bin/../lib/gcc/arm-none-eabi/4.4.1/../../../../arm-none-eabi/lib/thumb2\libc.a(lib_a-findfp.o)
__subdf3                                          c:/program files/codesourcery/sourcery g++ lite/bin/../lib/gcc/arm-none-eabi/4.4.1/thumb2\libgcc.a(_arm_addsubdf3.o)
__swrite                                          c:/program files/codesourcery/sourcery g++ lite/bin/../lib/gcc/arm-none-eabi/4.4.1/../../../../arm-none-eabi/lib/thumb2\libc.a(lib_a-stdio.o)
                                                  c:/program files/codesourcery/sourcery g++ lite/bin/../lib/gcc/arm-none-eabi/4.4.1/../../../../arm-none-eabi/lib/thumb2\libc.a(lib_a-findfp.o)
__swsetup_r                                       c:/program files/codesourcery/sourcery g++ lite/bin/../lib/gcc/arm-none-eabi/4.4.1/../../../../arm-none-eabi/lib/thumb2\libc.a(lib_a-wsetup.o)
                                                  c:/program files/codesourcery/sourcery g++ lite/bin/../lib/gcc/arm-none-eabi/4.4.1/../../../../arm-none-eabi/lib/thumb2\libc.a(lib_a-fvwrite.o)
                                                  c:/program files/codesourcery/sourcery g++ lite/bin/../lib/gcc/arm-none-eabi/4.4.1/../../../../arm-none-eabi/lib/thumb2\libc.a(lib_a-vfprintf.o)
__udivdi3                                         c:/program files/codesourcery/sourcery g++ lite/bin/../lib/gcc/arm-none-eabi/4.4.1/thumb2\libgcc.a(_udivdi3.o)
                                                  c:/program files/codesourcery/sourcery g++ lite/bin/../lib/gcc/arm-none-eabi/4.4.1/thumb2\libgcc.a(bpabi.o)
__udivsi3                                         c:/program files/codesourcery/sourcery g++ lite/bin/../lib/gcc/arm-none-eabi/4.4.1/thumb2\libgcc.a(_udivsi3.o)
__ulp                                             c:/program files/codesourcery/sourcery g++ lite/bin/../lib/gcc/arm-none-eabi/4.4.1/../../../../arm-none-eabi/lib/thumb2\libc.a(lib_a-mprec.o)
__ungetchar                                       ../../libraries/libboard_atsam3n-ek/lib\libboard_atsam3n_ek_gcc_rel.a(uart_console.o)
_calloc_r                                         c:/program files/codesourcery/sourcery g++ lite/bin/../lib/gcc/arm-none-eabi/4.4.1/../../../../arm-none-eabi/lib/thumb2\libc.a(lib_a-callocr.o)
                                                  c:/program files/codesourcery/sourcery g++ lite/bin/../lib/gcc/arm-none-eabi/4.4.1/../../../../arm-none-eabi/lib/thumb2\libc.a(lib_a-mprec.o)
_cleanup                                          c:/program files/codesourcery/sourcery g++ lite/bin/../lib/gcc/arm-none-eabi/4.4.1/../../../../arm-none-eabi/lib/thumb2\libc.a(lib_a-findfp.o)
_cleanup_r                                        c:/program files/codesourcery/sourcery g++ lite/bin/../lib/gcc/arm-none-eabi/4.4.1/../../../../arm-none-eabi/lib/thumb2\libc.a(lib_a-findfp.o)
                                                  c:/program files/codesourcery/sourcery g++ lite/bin/../lib/gcc/arm-none-eabi/4.4.1/../../../../arm-none-eabi/lib/thumb2\libc.a(lib_a-makebuf.o)
_close                                            c:/program files/codesourcery/sourcery g++ lite/bin/../lib/gcc/arm-none-eabi/4.4.1/../../../../arm-none-eabi/lib/thumb2\libc.a(lib_a-closer.o)
_close_r                                          c:/program files/codesourcery/sourcery g++ lite/bin/../lib/gcc/arm-none-eabi/4.4.1/../../../../arm-none-eabi/lib/thumb2\libc.a(lib_a-closer.o)
                                                  c:/program files/codesourcery/sourcery g++ lite/bin/../lib/gcc/arm-none-eabi/4.4.1/../../../../arm-none-eabi/lib/thumb2\libc.a(lib_a-stdio.o)
_dtoa_r                                           c:/program files/codesourcery/sourcery g++ lite/bin/../lib/gcc/arm-none-eabi/4.4.1/../../../../arm-none-eabi/lib/thumb2\libc.a(lib_a-dtoa.o)
                                                  c:/program files/codesourcery/sourcery g++ lite/bin/../lib/gcc/arm-none-eabi/4.4.1/../../../../arm-none-eabi/lib/thumb2\libc.a(lib_a-vfprintf.o)
_edata                                            obj/sram_isp_cstartup.o
_ezero                                            obj/sram_isp_cstartup.o
_fclose_r                                         c:/program files/codesourcery/sourcery g++ lite/bin/../lib/gcc/arm-none-eabi/4.4.1/../../../../arm-none-eabi/lib/thumb2\libc.a(lib_a-fclose.o)
_fflush_r                                         c:/program files/codesourcery/sourcery g++ lite/bin/../lib/gcc/arm-none-eabi/4.4.1/../../../../arm-none-eabi/lib/thumb2\libc.a(lib_a-fflush.o)
                                                  c:/program files/codesourcery/sourcery g++ lite/bin/../lib/gcc/arm-none-eabi/4.4.1/../../../../arm-none-eabi/lib/thumb2\libc.a(lib_a-fclose.o)
                                                  c:/program files/codesourcery/sourcery g++ lite/bin/../lib/gcc/arm-none-eabi/4.4.1/../../../../arm-none-eabi/lib/thumb2\libc.a(lib_a-fvwrite.o)
                                                  c:/program files/codesourcery/sourcery g++ lite/bin/../lib/gcc/arm-none-eabi/4.4.1/../../../../arm-none-eabi/lib/thumb2\libc.a(lib_a-vfprintf.o)
_free_r                                           c:/program files/codesourcery/sourcery g++ lite/bin/../lib/gcc/arm-none-eabi/4.4.1/../../../../arm-none-eabi/lib/thumb2\libc.a(lib_a-freer.o)
                                                  c:/program files/codesourcery/sourcery g++ lite/bin/../lib/gcc/arm-none-eabi/4.4.1/../../../../arm-none-eabi/lib/thumb2\libc.a(lib_a-reent.o)
                                                  c:/program files/codesourcery/sourcery g++ lite/bin/../lib/gcc/arm-none-eabi/4.4.1/../../../../arm-none-eabi/lib/thumb2\libc.a(lib_a-fclose.o)
                                                  c:/program files/codesourcery/sourcery g++ lite/bin/../lib/gcc/arm-none-eabi/4.4.1/../../../../arm-none-eabi/lib/thumb2\libc.a(lib_a-reallocr.o)
                                                  c:/program files/codesourcery/sourcery g++ lite/bin/../lib/gcc/arm-none-eabi/4.4.1/../../../../arm-none-eabi/lib/thumb2\libc.a(lib_a-mallocr.o)
                                                  c:/program files/codesourcery/sourcery g++ lite/bin/../lib/gcc/arm-none-eabi/4.4.1/../../../../arm-none-eabi/lib/thumb2\libc.a(lib_a-malloc.o)
                                                  c:/program files/codesourcery/sourcery g++ lite/bin/../lib/gcc/arm-none-eabi/4.4.1/../../../../arm-none-eabi/lib/thumb2\libc.a(lib_a-fvwrite.o)
                                                  c:/program files/codesourcery/sourcery g++ lite/bin/../lib/gcc/arm-none-eabi/4.4.1/../../../../arm-none-eabi/lib/thumb2\libc.a(lib_a-fflush.o)
                                                  c:/program files/codesourcery/sourcery g++ lite/bin/../lib/gcc/arm-none-eabi/4.4.1/../../../../arm-none-eabi/lib/thumb2\libc.a(lib_a-wsetup.o)
_fstat                                            c:/program files/codesourcery/sourcery g++ lite/bin/../lib/gcc/arm-none-eabi/4.4.1/../../../../arm-none-eabi/lib/thumb2\libc.a(lib_a-fstatr.o)
_fstat_r                                          c:/program files/codesourcery/sourcery g++ lite/bin/../lib/gcc/arm-none-eabi/4.4.1/../../../../arm-none-eabi/lib/thumb2\libc.a(lib_a-fstatr.o)
                                                  c:/program files/codesourcery/sourcery g++ lite/bin/../lib/gcc/arm-none-eabi/4.4.1/../../../../arm-none-eabi/lib/thumb2\libc.a(lib_a-makebuf.o)
_fwalk                                            c:/program files/codesourcery/sourcery g++ lite/bin/../lib/gcc/arm-none-eabi/4.4.1/../../../../arm-none-eabi/lib/thumb2\libc.a(lib_a-fwalk.o)
                                                  c:/program files/codesourcery/sourcery g++ lite/bin/../lib/gcc/arm-none-eabi/4.4.1/../../../../arm-none-eabi/lib/thumb2\libc.a(lib_a-findfp.o)
_fwalk_reent                                      c:/program files/codesourcery/sourcery g++ lite/bin/../lib/gcc/arm-none-eabi/4.4.1/../../../../arm-none-eabi/lib/thumb2\libc.a(lib_a-fwalk.o)
                                                  c:/program files/codesourcery/sourcery g++ lite/bin/../lib/gcc/arm-none-eabi/4.4.1/../../../../arm-none-eabi/lib/thumb2\libc.a(lib_a-fflush.o)
_global_impure_ptr                                c:/program files/codesourcery/sourcery g++ lite/bin/../lib/gcc/arm-none-eabi/4.4.1/../../../../arm-none-eabi/lib/thumb2\libc.a(lib_a-impure.o)
                                                  c:/program files/codesourcery/sourcery g++ lite/bin/../lib/gcc/arm-none-eabi/4.4.1/../../../../arm-none-eabi/lib/thumb2\libc.a(lib_a-findfp.o)
                                                  c:/program files/codesourcery/sourcery g++ lite/bin/../lib/gcc/arm-none-eabi/4.4.1/../../../../arm-none-eabi/lib/thumb2\libc.a(lib_a-fflush.o)
_impure_ptr                                       c:/program files/codesourcery/sourcery g++ lite/bin/../lib/gcc/arm-none-eabi/4.4.1/../../../../arm-none-eabi/lib/thumb2\libc.a(lib_a-impure.o)
                                                  c:/program files/codesourcery/sourcery g++ lite/bin/../lib/gcc/arm-none-eabi/4.4.1/../../../../arm-none-eabi/lib/thumb2\libc.a(lib_a-reent.o)
                                                  c:/program files/codesourcery/sourcery g++ lite/bin/../lib/gcc/arm-none-eabi/4.4.1/../../../../arm-none-eabi/lib/thumb2\libc.a(lib_a-fclose.o)
                                                  c:/program files/codesourcery/sourcery g++ lite/bin/../lib/gcc/arm-none-eabi/4.4.1/../../../../arm-none-eabi/lib/thumb2\libc.a(lib_a-malloc.o)
                                                  c:/program files/codesourcery/sourcery g++ lite/bin/../lib/gcc/arm-none-eabi/4.4.1/../../../../arm-none-eabi/lib/thumb2\libc.a(lib_a-locale.o)
                                                  c:/program files/codesourcery/sourcery g++ lite/bin/../lib/gcc/arm-none-eabi/4.4.1/../../../../arm-none-eabi/lib/thumb2\libc.a(lib_a-findfp.o)
                                                  c:/program files/codesourcery/sourcery g++ lite/bin/../lib/gcc/arm-none-eabi/4.4.1/../../../../arm-none-eabi/lib/thumb2\libc.a(lib_a-fflush.o)
                                                  c:/program files/codesourcery/sourcery g++ lite/bin/../lib/gcc/arm-none-eabi/4.4.1/../../../../arm-none-eabi/lib/thumb2\libc.a(lib_a-wsetup.o)
                                                  c:/program files/codesourcery/sourcery g++ lite/bin/../lib/gcc/arm-none-eabi/4.4.1/../../../../arm-none-eabi/lib/thumb2\libc.a(lib_a-vfprintf.o)
                                                  c:/program files/codesourcery/sourcery g++ lite/bin/../lib/gcc/arm-none-eabi/4.4.1/../../../../arm-none-eabi/lib/thumb2\libc.a(lib_a-printf.o)
                                                  ../../libraries/libboard_atsam3n-ek/lib\libboard_atsam3n_ek_gcc_rel.a(uart_console.o)
_isatty                                           c:/program files/codesourcery/sourcery g++ lite/bin/../lib/gcc/arm-none-eabi/4.4.1/../../../../arm-none-eabi/lib/thumb2\libc.a(lib_a-isattyr.o)
_isatty_r                                         c:/program files/codesourcery/sourcery g++ lite/bin/../lib/gcc/arm-none-eabi/4.4.1/../../../../arm-none-eabi/lib/thumb2\libc.a(lib_a-isattyr.o)
                                                  c:/program files/codesourcery/sourcery g++ lite/bin/../lib/gcc/arm-none-eabi/4.4.1/../../../../arm-none-eabi/lib/thumb2\libc.a(lib_a-makebuf.o)
_localeconv_r                                     c:/program files/codesourcery/sourcery g++ lite/bin/../lib/gcc/arm-none-eabi/4.4.1/../../../../arm-none-eabi/lib/thumb2\libc.a(lib_a-locale.o)
                                                  c:/program files/codesourcery/sourcery g++ lite/bin/../lib/gcc/arm-none-eabi/4.4.1/../../../../arm-none-eabi/lib/thumb2\libc.a(lib_a-vfprintf.o)
_lseek                                            c:/program files/codesourcery/sourcery g++ lite/bin/../lib/gcc/arm-none-eabi/4.4.1/../../../../arm-none-eabi/lib/thumb2\libc.a(lib_a-lseekr.o)
_lseek_r                                          c:/program files/codesourcery/sourcery g++ lite/bin/../lib/gcc/arm-none-eabi/4.4.1/../../../../arm-none-eabi/lib/thumb2\libc.a(lib_a-lseekr.o)
                                                  c:/program files/codesourcery/sourcery g++ lite/bin/../lib/gcc/arm-none-eabi/4.4.1/../../../../arm-none-eabi/lib/thumb2\libc.a(lib_a-stdio.o)
_malloc_r                                         c:/program files/codesourcery/sourcery g++ lite/bin/../lib/gcc/arm-none-eabi/4.4.1/../../../../arm-none-eabi/lib/thumb2\libc.a(lib_a-mallocr.o)
                                                  c:/program files/codesourcery/sourcery g++ lite/bin/../lib/gcc/arm-none-eabi/4.4.1/../../../../arm-none-eabi/lib/thumb2\libc.a(lib_a-callocr.o)
                                                  c:/program files/codesourcery/sourcery g++ lite/bin/../lib/gcc/arm-none-eabi/4.4.1/../../../../arm-none-eabi/lib/thumb2\libc.a(lib_a-reallocr.o)
                                                  c:/program files/codesourcery/sourcery g++ lite/bin/../lib/gcc/arm-none-eabi/4.4.1/../../../../arm-none-eabi/lib/thumb2\libc.a(lib_a-malloc.o)
                                                  c:/program files/codesourcery/sourcery g++ lite/bin/../lib/gcc/arm-none-eabi/4.4.1/../../../../arm-none-eabi/lib/thumb2\libc.a(lib_a-makebuf.o)
                                                  c:/program files/codesourcery/sourcery g++ lite/bin/../lib/gcc/arm-none-eabi/4.4.1/../../../../arm-none-eabi/lib/thumb2\libc.a(lib_a-fvwrite.o)
                                                  c:/program files/codesourcery/sourcery g++ lite/bin/../lib/gcc/arm-none-eabi/4.4.1/../../../../arm-none-eabi/lib/thumb2\libc.a(lib_a-findfp.o)
_malloc_trim_r                                    c:/program files/codesourcery/sourcery g++ lite/bin/../lib/gcc/arm-none-eabi/4.4.1/../../../../arm-none-eabi/lib/thumb2\libc.a(lib_a-freer.o)
_mprec_log10                                      c:/program files/codesourcery/sourcery g++ lite/bin/../lib/gcc/arm-none-eabi/4.4.1/../../../../arm-none-eabi/lib/thumb2\libc.a(lib_a-mprec.o)
_printf_r                                         c:/program files/codesourcery/sourcery g++ lite/bin/../lib/gcc/arm-none-eabi/4.4.1/../../../../arm-none-eabi/lib/thumb2\libc.a(lib_a-printf.o)
_read                                             c:/program files/codesourcery/sourcery g++ lite/bin/../lib/gcc/arm-none-eabi/4.4.1/../../../../arm-none-eabi/lib/thumb2\libc.a(lib_a-readr.o)
_read_r                                           c:/program files/codesourcery/sourcery g++ lite/bin/../lib/gcc/arm-none-eabi/4.4.1/../../../../arm-none-eabi/lib/thumb2\libc.a(lib_a-readr.o)
                                                  c:/program files/codesourcery/sourcery g++ lite/bin/../lib/gcc/arm-none-eabi/4.4.1/../../../../arm-none-eabi/lib/thumb2\libc.a(lib_a-stdio.o)
_realloc_r                                        c:/program files/codesourcery/sourcery g++ lite/bin/../lib/gcc/arm-none-eabi/4.4.1/../../../../arm-none-eabi/lib/thumb2\libc.a(lib_a-reallocr.o)
                                                  c:/program files/codesourcery/sourcery g++ lite/bin/../lib/gcc/arm-none-eabi/4.4.1/../../../../arm-none-eabi/lib/thumb2\libc.a(lib_a-fvwrite.o)
_reclaim_reent                                    c:/program files/codesourcery/sourcery g++ lite/bin/../lib/gcc/arm-none-eabi/4.4.1/../../../../arm-none-eabi/lib/thumb2\libc.a(lib_a-reent.o)
_sbrk                                             c:/program files/codesourcery/sourcery g++ lite/bin/../lib/gcc/arm-none-eabi/4.4.1/../../../../arm-none-eabi/lib/thumb2\libc.a(lib_a-sbrkr.o)
_sbrk_r                                           c:/program files/codesourcery/sourcery g++ lite/bin/../lib/gcc/arm-none-eabi/4.4.1/../../../../arm-none-eabi/lib/thumb2\libc.a(lib_a-sbrkr.o)
                                                  c:/program files/codesourcery/sourcery g++ lite/bin/../lib/gcc/arm-none-eabi/4.4.1/../../../../arm-none-eabi/lib/thumb2\libc.a(lib_a-mallocr.o)
                                                  c:/program files/codesourcery/sourcery g++ lite/bin/../lib/gcc/arm-none-eabi/4.4.1/../../../../arm-none-eabi/lib/thumb2\libc.a(lib_a-freer.o)
_sdata                                            obj/sram_isp_cstartup.o
_setlocale_r                                      c:/program files/codesourcery/sourcery g++ lite/bin/../lib/gcc/arm-none-eabi/4.4.1/../../../../arm-none-eabi/lib/thumb2\libc.a(lib_a-locale.o)
_sidata                                           obj/sram_isp_cstartup.o
_sstack                                           obj/sram_isp_cstartup.o
_szero                                            obj/sram_isp_cstartup.o
_vfprintf_r                                       c:/program files/codesourcery/sourcery g++ lite/bin/../lib/gcc/arm-none-eabi/4.4.1/../../../../arm-none-eabi/lib/thumb2\libc.a(lib_a-vfprintf.o)
                                                  c:/program files/codesourcery/sourcery g++ lite/bin/../lib/gcc/arm-none-eabi/4.4.1/../../../../arm-none-eabi/lib/thumb2\libc.a(lib_a-printf.o)
_wrapup_reent                                     c:/program files/codesourcery/sourcery g++ lite/bin/../lib/gcc/arm-none-eabi/4.4.1/../../../../arm-none-eabi/lib/thumb2\libc.a(lib_a-reent.o)
_write                                            c:/program files/codesourcery/sourcery g++ lite/bin/../lib/gcc/arm-none-eabi/4.4.1/../../../../arm-none-eabi/lib/thumb2\libc.a(lib_a-writer.o)
_write_r                                          c:/program files/codesourcery/sourcery g++ lite/bin/../lib/gcc/arm-none-eabi/4.4.1/../../../../arm-none-eabi/lib/thumb2\libc.a(lib_a-writer.o)
                                                  c:/program files/codesourcery/sourcery g++ lite/bin/../lib/gcc/arm-none-eabi/4.4.1/../../../../arm-none-eabi/lib/thumb2\libc.a(lib_a-stdio.o)
absv                                              ../../libraries/libboard_atsam3n-ek/lib\libboard_atsam3n_ek_gcc_rel.a(math.o)
cleanup_glue                                      c:/program files/codesourcery/sourcery g++ lite/bin/../lib/gcc/arm-none-eabi/4.4.1/../../../../arm-none-eabi/lib/thumb2\libc.a(lib_a-reent.o)
end                                               obj/sram_main.o
errno                                             c:/program files/codesourcery/sourcery g++ lite/bin/../lib/gcc/arm-none-eabi/4.4.1/../../../../arm-none-eabi/lib/thumb2\libc.a(lib_a-reent.o)
                                                  c:/program files/codesourcery/sourcery g++ lite/bin/../lib/gcc/arm-none-eabi/4.4.1/../../../../arm-none-eabi/lib/thumb2\libc.a(lib_a-readr.o)
                                                  c:/program files/codesourcery/sourcery g++ lite/bin/../lib/gcc/arm-none-eabi/4.4.1/../../../../arm-none-eabi/lib/thumb2\libc.a(lib_a-lseekr.o)
                                                  c:/program files/codesourcery/sourcery g++ lite/bin/../lib/gcc/arm-none-eabi/4.4.1/../../../../arm-none-eabi/lib/thumb2\libc.a(lib_a-isattyr.o)
                                                  c:/program files/codesourcery/sourcery g++ lite/bin/../lib/gcc/arm-none-eabi/4.4.1/../../../../arm-none-eabi/lib/thumb2\libc.a(lib_a-fstatr.o)
                                                  c:/program files/codesourcery/sourcery g++ lite/bin/../lib/gcc/arm-none-eabi/4.4.1/../../../../arm-none-eabi/lib/thumb2\libc.a(lib_a-closer.o)
                                                  c:/program files/codesourcery/sourcery g++ lite/bin/../lib/gcc/arm-none-eabi/4.4.1/../../../../arm-none-eabi/lib/thumb2\libc.a(lib_a-writer.o)