
Discarded input sections

 .data          0x00000000        0x0 obj/sram_isp_cstartup.o
 .bss           0x00000000        0x0 obj/sram_isp_cstartup.o
 .text          0x00000000        0x0 obj/sram_main.o
 .data          0x00000000        0x0 obj/sram_main.o
 .text          0x00000000        0x0 obj/sram_string.o
 .data          0x00000000        0x0 obj/sram_string.o
 .bss           0x00000000        0x0 obj/sram_string.o
 .text.memset   0x00000000       0x44 obj/sram_string.o
 .text.strchr   0x00000000       0x1c obj/sram_string.o
 .text.strlen   0x00000000       0x14 obj/sram_string.o
 .text.strrchr  0x00000000       0x1c obj/sram_string.o
 .text.strcpy   0x00000000       0x14 obj/sram_string.o
 .text.strncmp  0x00000000       0x28 obj/sram_string.o
 .text.strncpy  0x00000000       0x20 obj/sram_string.o
 .text          0x00000000        0x0 obj/sram_math.o
 .data          0x00000000        0x0 obj/sram_math.o
 .bss           0x00000000        0x0 obj/sram_math.o
 .text.absv     0x00000000        0x8 obj/sram_math.o
 .text.power    0x00000000       0x14 obj/sram_math.o
 .text          0x00000000        0x0 obj/sram_trace.o
 .data          0x00000000        0x0 obj/sram_trace.o
 .bss           0x00000000        0x0 obj/sram_trace.o
 .text.fputc    0x00000000       0x38 obj/sram_trace.o
 .text.putchar  0x00000000       0x20 obj/sram_trace.o
 .text.fputs    0x00000000       0x34 obj/sram_trace.o
 .text.TRACE_GetHexa32
                0x00000000       0x90 obj/sram_trace.o
 .text.TRACE_GetInteger
                0x00000000       0x88 obj/sram_trace.o
 .text.TRACE_GetIntegerMinMax
                0x00000000       0x60 obj/sram_trace.o
 .text.TRACE_DumpFrame
                0x00000000       0x38 obj/sram_trace.o
 .text.PrintChar
                0x00000000       0x28 obj/sram_trace.o
 .text.TRACE_DumpMemory
                0x00000000      0x114 obj/sram_trace.o
 .rodata.str1.1
                0x00000000       0xcc obj/sram_trace.o
 .text          0x00000000        0x0 obj/sram_dbgu.o
 .data          0x00000000        0x0 obj/sram_dbgu.o
 .bss           0x00000000        0x0 obj/sram_dbgu.o
 .text.DBGU_Configure
                0x00000000       0x40 obj/sram_dbgu.o
 .text.DBGU_IsRxReady
                0x00000000       0x10 obj/sram_dbgu.o
 .text.DBGU_GetChar
                0x00000000       0x18 obj/sram_dbgu.o
 .text          0x00000000        0x0 obj/sram_stdio.o
 .data          0x00000000      0x430 obj/sram_stdio.o
 .bss           0x00000000        0x0 obj/sram_stdio.o
 .text.PutChar  0x00000000        0x8 obj/sram_stdio.o
 .text.PutString
                0x00000000       0x18 obj/sram_stdio.o
 .text.PutUnsignedInt
                0x00000000       0x80 obj/sram_stdio.o
 .text.PutSignedInt
                0x00000000       0xb4 obj/sram_stdio.o
 .text.PutHexa  0x00000000       0x78 obj/sram_stdio.o
 .text.vsnprintf
                0x00000000      0x138 obj/sram_stdio.o
 .text.vsprintf
                0x00000000       0x20 obj/sram_stdio.o
 .text.puts     0x00000000       0x20 obj/sram_stdio.o
 .text.vfprintf
                0x00000000       0x64 obj/sram_stdio.o
 .text.vprintf  0x00000000       0x28 obj/sram_stdio.o
 .text.sprintf  0x00000000       0x24 obj/sram_stdio.o
 .text.printf   0x00000000       0x24 obj/sram_stdio.o
 .text.fprintf  0x00000000       0x24 obj/sram_stdio.o
 .text.snprintf
                0x00000000       0x24 obj/sram_stdio.o
 .rodata.str1.1
                0x00000000       0x24 obj/sram_stdio.o
 .text          0x00000000        0x0 obj/sram_cp15.o
 .data          0x00000000        0x0 obj/sram_cp15.o
 .bss           0x00000000        0x0 obj/sram_cp15.o
 .text.CP15_LockDcache
                0x00000000       0x34 obj/sram_cp15.o
 .text.CP15_LockIcache
                0x00000000       0x34 obj/sram_cp15.o
 .text.CP15_IsDcacheEnabled
                0x00000000       0x1c obj/sram_cp15.o
 .text.CP15_IsMMUEnabled
                0x00000000       0x1c obj/sram_cp15.o
 .text.CP15_IsIcacheEnabled
                0x00000000       0x1c obj/sram_cp15.o
 .text.CP15_DisableDcache
                0x00000000       0x28 obj/sram_cp15.o
 .text.CP15_ShutdownDcache
                0x00000000       0x34 obj/sram_cp15.o
 .text.CP15_EnableDcache
                0x00000000       0x38 obj/sram_cp15.o
 .text.CP15_DisableMMU
                0x00000000       0x28 obj/sram_cp15.o
 .text.CP15_EnableMMU
                0x00000000       0x28 obj/sram_cp15.o
 .text.CP15_DisableIcache
                0x00000000       0x2c obj/sram_cp15.o
 .text.CP15_EnableIcache
                0x00000000       0x2c obj/sram_cp15.o
 .text          0x00000000        0x0 obj/sram_pio.o
 .data          0x00000000        0x0 obj/sram_pio.o
 .bss           0x00000000        0x0 obj/sram_pio.o
 .text.PIO_Configure
                0x00000000       0xb0 obj/sram_pio.o
 .rodata        0x00000000       0x14 obj/sram_pio.o
 .text.PIO_Set  0x00000000        0x8 obj/sram_pio.o
 .text.PIO_Clear
                0x00000000        0x8 obj/sram_pio.o
 .text.PIO_Get  0x00000000       0x24 obj/sram_pio.o
 .text.PIO_GetOutputDataStatus
                0x00000000       0x10 obj/sram_pio.o
 .text          0x00000000        0x0 obj/sram_board_lowlevel.o
 .data          0x00000000        0x0 obj/sram_board_lowlevel.o
 .bss           0x00000000        0x0 obj/sram_board_lowlevel.o
 .text          0x00000000        0x0 obj/sram_board_memories.o
 .data          0x00000000        0x0 obj/sram_board_memories.o
 .bss           0x00000000        0x0 obj/sram_board_memories.o
 .text.BOARD_RemapRom
                0x00000000        0xc obj/sram_board_memories.o
 .text.BOARD_ConfigureNandFlash
                0x00000000       0x50 obj/sram_board_memories.o
 .text.BOARD_ConfigureNandFlash48MHz
                0x00000000       0x50 obj/sram_board_memories.o
 .text.BOARD_ConfigureNorFlash
                0x00000000       0x4c obj/sram_board_memories.o
 .text.BOARD_ConfigureNorFlash48MHz
                0x00000000       0x4c obj/sram_board_memories.o
 .text.BOARD_ConfigureFlash48MHz
                0x00000000       0x10 obj/sram_board_memories.o
 .text.BOARD_ConfigureSdram48MHz
                0x00000000       0xfc obj/sram_board_memories.o
 .text.BOARD_ConfigureSdram
                0x00000000      0x100 obj/sram_board_memories.o
 .rodata        0x00000000       0x18 obj/sram_board_memories.o
 .text          0x00000000        0x0 obj/sram_eefc.o
 .data          0x00000000        0x0 obj/sram_eefc.o
 .text.EFC_EnableFrdyIt
                0x00000000        0xc obj/sram_eefc.o
 .text.EFC_StartCommand
                0x00000000       0x64 obj/sram_eefc.o
 .text.EFC_GetStatus
                0x00000000        0x4 obj/sram_eefc.o
 .text          0x00000000        0x0 obj/sram_flashd_eefc.o
 .data          0x00000000        0x0 obj/sram_flashd_eefc.o

Memory Configuration

Name             Origin             Length             Attributes
flash            0x00200000         0x00080000         xr
romcodesram      0x00307000         0x00001000         w !xr
sram             0x00300000         0x00007000         w !xr
sdram            0x20000000         0x04000000         w !xr
*default*        0x00000000         0xffffffff

Linker script and memory map

LOAD obj/sram_isp_cstartup.o
LOAD obj/sram_main.o
LOAD obj/sram_string.o
LOAD obj/sram_math.o
LOAD obj/sram_trace.o
LOAD obj/sram_dbgu.o
LOAD obj/sram_stdio.o
LOAD obj/sram_cp15.o
LOAD obj/sram_pio.o
LOAD obj/sram_board_lowlevel.o
LOAD obj/sram_board_memories.o
LOAD obj/sram_eefc.o
LOAD obj/sram_flashd_eefc.o

.fixed          0x00300000      0x938
                0x00300000                . = ALIGN (0x4)
                0x00300000                _sfixed = .
 *(.vectors)
 *(.text*)
 .text          0x00300000       0xf0 obj/sram_isp_cstartup.o
                0x00300000                entry
 .text.main     0x003000f0      0x1b4 obj/sram_main.o
                0x003000f0                main
 .text.memcpy   0x003002a4       0x48 obj/sram_string.o
                0x003002a4                memcpy
 .text.min      0x003002ec       0x10 obj/sram_math.o
                0x003002ec                min
 .text.DBGU_PutChar
                0x003002fc       0x1c obj/sram_dbgu.o
                0x003002fc                DBGU_PutChar
 .text.DefaultSpuriousHandler
                0x00300318        0x4 obj/sram_board_lowlevel.o
                0x00300318                DefaultSpuriousHandler
 .text.DefaultFiqHandler
                0x0030031c        0x4 obj/sram_board_lowlevel.o
                0x0030031c                DefaultFiqHandler
 .text.DefaultIrqHandler
                0x00300320        0x4 obj/sram_board_lowlevel.o
                0x00300320                DefaultIrqHandler
 .text.LowLevelInit
                0x00300324      0x104 obj/sram_board_lowlevel.o
                0x00300324                LowLevelInit
 .text.BOARD_RemapRam
                0x00300428        0xc obj/sram_board_memories.o
                0x00300428                BOARD_RemapRam
 .text.EFC_DisableFrdyIt
                0x00300434        0xc obj/sram_eefc.o
                0x00300434                EFC_DisableFrdyIt
 .text.EFC_TranslateAddress
                0x00300440       0x48 obj/sram_eefc.o
                0x00300440                EFC_TranslateAddress
 .text.EFC_ComputeAddress
                0x00300488       0x34 obj/sram_eefc.o
                0x00300488                EFC_ComputeAddress
 .text.EFC_PerformCommand
                0x003004bc       0x54 obj/sram_eefc.o
                0x003004bc                EFC_PerformCommand
 .text.EFC_GetResult
                0x00300510        0x4 obj/sram_eefc.o
                0x00300510                EFC_GetResult
 .text.FLASHD_IsGPNVMSet
                0x00300514       0x44 obj/sram_flashd_eefc.o
                0x00300514                FLASHD_IsGPNVMSet
 .text.FLASHD_ClearGPNVM
                0x00300558       0x38 obj/sram_flashd_eefc.o
                0x00300558                FLASHD_ClearGPNVM
 .text.FLASHD_SetGPNVM
                0x00300590       0x3c obj/sram_flashd_eefc.o
                0x00300590                FLASHD_SetGPNVM
 .text.FLASHD_IsLocked
                0x003005cc       0xa8 obj/sram_flashd_eefc.o
                0x003005cc                FLASHD_IsLocked
 .text.FLASHD_Erase
                0x00300674       0x34 obj/sram_flashd_eefc.o
                0x00300674                FLASHD_Erase
 .text.ComputeLockRange
                0x003006a8       0x74 obj/sram_flashd_eefc.o
 .text.FLASHD_Unlock
                0x0030071c       0x7c obj/sram_flashd_eefc.o
                0x0030071c                FLASHD_Unlock
 .text.FLASHD_Lock
                0x00300798       0x7c obj/sram_flashd_eefc.o
                0x00300798                FLASHD_Lock
 .text.FLASHD_Write
                0x00300814      0x108 obj/sram_flashd_eefc.o
                0x00300814                FLASHD_Write
 .text.FLASHD_Initialize
                0x0030091c       0x1c obj/sram_flashd_eefc.o
                0x0030091c                FLASHD_Initialize
 *(.rodata*)
 *(.glue_7)
 .glue_7        0x00000000        0x0 linker stubs
 *(.glue_7t)
 .glue_7t       0x00000000        0x0 linker stubs
 *(.data)
 *(.CP15_*)
                0x00300938                . = ALIGN (0x4)
                0x00300938                _efixed = .

.vfp11_veneer   0x00200000        0x0
 .vfp11_veneer  0x00000000        0x0 linker stubs

.v4_bx          0x00200000        0x0
 .v4_bx         0x00000000        0x0 linker stubs

.prerelocate    0x00000000        0x0 load address 0x00300938
                0x00000000                . = ALIGN (0x4)
                0x00000000                _sprerelocate = .
                0x00000000                . = ALIGN (0x4)
                0x00000000                _eprerelocate = .

.postrelocate   0x00300938        0x0
                0x00300938                . = ALIGN (0x4)
                0x00300938                _spostrelocate = .
                0x00300938                . = ALIGN (0x4)
                0x00300938                _epostrelocate = .

.bss            0x00300938      0x220
                0x00300938                _szero = .
 *(.bss)
 .bss           0x00300938       0x1c obj/sram_main.o
 .bss           0x00300954        0x4 obj/sram_eefc.o
 .bss           0x00300958      0x200 obj/sram_flashd_eefc.o
                0x00300b58                . = ALIGN (0x4)
                0x00300b58                _ezero = .
                0x00307000                _sstack = 0x307000
                0x00300b58                end = .
OUTPUT(bin/isp-flash-at91sam9xe512.elf elf32-littlearm)

.ARM.attributes
                0x00000000       0x2b
 .ARM.attributes
                0x00000000       0x16 obj/sram_isp_cstartup.o
 .ARM.attributes
                0x00000016       0x30 obj/sram_main.o
 .ARM.attributes
                0x00000046       0x30 obj/sram_string.o
 .ARM.attributes
                0x00000076       0x30 obj/sram_math.o
 .ARM.attributes
                0x000000a6       0x30 obj/sram_trace.o
 .ARM.attributes
                0x000000d6       0x30 obj/sram_dbgu.o
 .ARM.attributes
                0x00000106       0x30 obj/sram_stdio.o
 .ARM.attributes
                0x00000136       0x30 obj/sram_cp15.o
 .ARM.attributes
                0x00000166       0x30 obj/sram_pio.o
 .ARM.attributes
                0x00000196       0x30 obj/sram_board_lowlevel.o
 .ARM.attributes
                0x000001c6       0x30 obj/sram_board_memories.o
 .ARM.attributes
                0x000001f6       0x30 obj/sram_eefc.o
 .ARM.attributes
                0x00000226       0x30 obj/sram_flashd_eefc.o

.comment        0x00000000      0x1f8
 .comment       0x00000000       0x2a obj/sram_main.o
 .comment       0x0000002a       0x2a obj/sram_string.o
 .comment       0x00000054       0x2a obj/sram_math.o
 .comment       0x0000007e       0x2a obj/sram_trace.o
 .comment       0x000000a8       0x2a obj/sram_dbgu.o
 .comment       0x000000d2       0x2a obj/sram_stdio.o
 .comment       0x000000fc       0x2a obj/sram_cp15.o
 .comment       0x00000126       0x2a obj/sram_pio.o
 .comment       0x00000150       0x2a obj/sram_board_lowlevel.o
 .comment       0x0000017a       0x2a obj/sram_board_memories.o
 .comment       0x000001a4       0x2a obj/sram_eefc.o
 .comment       0x000001ce       0x2a obj/sram_flashd_eefc.o

.debug_line     0x00000000     0x12f1
 .debug_line    0x00000000       0x61 obj/sram_isp_cstartup.o
 .debug_line    0x00000061       0xab obj/sram_main.o
 .debug_line    0x0000010c      0x1f4 obj/sram_string.o
 .debug_line    0x00000300       0x77 obj/sram_math.o
 .debug_line    0x00000377      0x2cc obj/sram_trace.o
 .debug_line    0x00000643       0xe1 obj/sram_dbgu.o
 .debug_line    0x00000724      0x353 obj/sram_stdio.o
 .debug_line    0x00000a77      0x13a obj/sram_cp15.o
 .debug_line    0x00000bb1      0x138 obj/sram_pio.o
 .debug_line    0x00000ce9       0xfb obj/sram_board_lowlevel.o
 .debug_line    0x00000de4      0x1e5 obj/sram_board_memories.o
 .debug_line    0x00000fc9      0x142 obj/sram_eefc.o
 .debug_line    0x0000110b      0x1e6 obj/sram_flashd_eefc.o

.debug_info     0x00000000     0x4863
 .debug_info    0x00000000       0x92 obj/sram_isp_cstartup.o
 .debug_info    0x00000092      0x41e obj/sram_main.o
 .debug_info    0x000004b0      0x352 obj/sram_string.o
 .debug_info    0x00000802      0x11a obj/sram_math.o
 .debug_info    0x0000091c      0xbf8 obj/sram_trace.o
 .debug_info    0x00001514      0x287 obj/sram_dbgu.o
 .debug_info    0x0000179b      0xebd obj/sram_stdio.o
 .debug_info    0x00002658      0x271 obj/sram_cp15.o
 .debug_info    0x000028c9      0x6dc obj/sram_pio.o
 .debug_info    0x00002fa5      0x4bf obj/sram_board_lowlevel.o
 .debug_info    0x00003464      0xaaf obj/sram_board_memories.o
 .debug_info    0x00003f13      0x331 obj/sram_eefc.o
 .debug_info    0x00004244      0x61f obj/sram_flashd_eefc.o

.debug_abbrev   0x00000000      0xfef
 .debug_abbrev  0x00000000       0x14 obj/sram_isp_cstartup.o
 .debug_abbrev  0x00000014       0xf4 obj/sram_main.o
 .debug_abbrev  0x00000108      0x104 obj/sram_string.o
 .debug_abbrev  0x0000020c       0xba obj/sram_math.o
 .debug_abbrev  0x000002c6      0x234 obj/sram_trace.o
 .debug_abbrev  0x000004fa       0xd3 obj/sram_dbgu.o
 .debug_abbrev  0x000005cd      0x29e obj/sram_stdio.o
 .debug_abbrev  0x0000086b       0xe0 obj/sram_cp15.o
 .debug_abbrev  0x0000094b      0x19a obj/sram_pio.o
 .debug_abbrev  0x00000ae5       0xab obj/sram_board_lowlevel.o
 .debug_abbrev  0x00000b90      0x199 obj/sram_board_memories.o
 .debug_abbrev  0x00000d29      0x14f obj/sram_eefc.o
 .debug_abbrev  0x00000e78      0x177 obj/sram_flashd_eefc.o

.debug_aranges  0x00000000      0x3f8
 .debug_aranges
                0x00000000       0x20 obj/sram_isp_cstartup.o
 .debug_aranges
                0x00000020       0x20 obj/sram_main.o
 .debug_aranges
                0x00000040       0x58 obj/sram_string.o
 .debug_aranges
                0x00000098       0x30 obj/sram_math.o
 .debug_aranges
                0x000000c8       0x60 obj/sram_trace.o
 .debug_aranges
                0x00000128       0x38 obj/sram_dbgu.o
 .debug_aranges
                0x00000160       0x88 obj/sram_stdio.o
 .debug_aranges
                0x000001e8       0x78 obj/sram_cp15.o
 .debug_aranges
                0x00000260       0x40 obj/sram_pio.o
 .debug_aranges
                0x000002a0       0x38 obj/sram_board_lowlevel.o
 .debug_aranges
                0x000002d8       0x60 obj/sram_board_memories.o
 .debug_aranges
                0x00000338       0x58 obj/sram_eefc.o
 .debug_aranges
                0x00000390       0x68 obj/sram_flashd_eefc.o

.debug_frame    0x00000000      0xa1c
 .debug_frame   0x00000000       0x38 obj/sram_main.o
 .debug_frame   0x00000038       0xe0 obj/sram_string.o
 .debug_frame   0x00000118       0x50 obj/sram_math.o
 .debug_frame   0x00000168      0x140 obj/sram_trace.o
 .debug_frame   0x000002a8       0x70 obj/sram_dbgu.o
 .debug_frame   0x00000318      0x1c8 obj/sram_stdio.o
 .debug_frame   0x000004e0      0x160 obj/sram_cp15.o
 .debug_frame   0x00000640       0x78 obj/sram_pio.o
 .debug_frame   0x000006b8       0x74 obj/sram_board_lowlevel.o
 .debug_frame   0x0000072c       0xd8 obj/sram_board_memories.o
 .debug_frame   0x00000804       0xbc obj/sram_eefc.o
 .debug_frame   0x000008c0      0x15c obj/sram_flashd_eefc.o

.debug_loc      0x00000000     0x1fe3
 .debug_loc     0x00000000      0x1c0 obj/sram_main.o
 .debug_loc     0x000001c0      0x2a4 obj/sram_string.o
 .debug_loc     0x00000464       0x8d obj/sram_math.o
 .debug_loc     0x000004f1      0x47d obj/sram_trace.o
 .debug_loc     0x0000096e       0xa1 obj/sram_dbgu.o
 .debug_loc     0x00000a0f      0x795 obj/sram_stdio.o
 .debug_loc     0x000011a4      0x259 obj/sram_cp15.o
 .debug_loc     0x000013fd       0xa0 obj/sram_pio.o
 .debug_loc     0x0000149d       0x9a obj/sram_board_lowlevel.o
 .debug_loc     0x00001537      0x23c obj/sram_board_memories.o
 .debug_loc     0x00001773      0x1cb obj/sram_eefc.o
 .debug_loc     0x0000193e      0x6a5 obj/sram_flashd_eefc.o

.debug_pubnames
                0x00000000      0x6fe
 .debug_pubnames
                0x00000000       0x1b obj/sram_main.o
 .debug_pubnames
                0x0000001b       0x6d obj/sram_string.o
 .debug_pubnames
                0x00000088       0x2d obj/sram_math.o
 .debug_pubnames
                0x000000b5       0x9f obj/sram_trace.o
 .debug_pubnames
                0x00000154       0x5a obj/sram_dbgu.o
 .debug_pubnames
                0x000001ae       0xdf obj/sram_stdio.o
 .debug_pubnames
                0x0000028d      0x11b obj/sram_cp15.o
 .debug_pubnames
                0x000003a8       0x66 obj/sram_pio.o
 .debug_pubnames
                0x0000040e       0x6a obj/sram_board_lowlevel.o
 .debug_pubnames
                0x00000478      0x109 obj/sram_board_memories.o
 .debug_pubnames
                0x00000581       0xbd obj/sram_eefc.o
 .debug_pubnames
                0x0000063e       0xc0 obj/sram_flashd_eefc.o

.debug_ranges   0x00000000      0x378
 .debug_ranges  0x00000000       0x18 obj/sram_main.o
 .debug_ranges  0x00000018       0x50 obj/sram_string.o
 .debug_ranges  0x00000068       0x28 obj/sram_math.o
 .debug_ranges  0x00000090       0x58 obj/sram_trace.o
 .debug_ranges  0x000000e8       0x30 obj/sram_dbgu.o
 .debug_ranges  0x00000118       0x80 obj/sram_stdio.o
 .debug_ranges  0x00000198       0x70 obj/sram_cp15.o
 .debug_ranges  0x00000208       0x38 obj/sram_pio.o
 .debug_ranges  0x00000240       0x30 obj/sram_board_lowlevel.o
 .debug_ranges  0x00000270       0x58 obj/sram_board_memories.o
 .debug_ranges  0x000002c8       0x50 obj/sram_eefc.o
 .debug_ranges  0x00000318       0x60 obj/sram_flashd_eefc.o

.debug_str      0x00000000     0x1700
 .debug_str     0x00000000      0x292 obj/sram_main.o
                                0x2d0 (size before relaxing)
 .debug_str     0x00000292      0x100 obj/sram_string.o
                                0x1f1 (size before relaxing)
 .debug_str     0x00000392       0x28 obj/sram_math.o
                                0x11a (size before relaxing)
 .debug_str     0x000003ba      0x477 obj/sram_trace.o
                                0x588 (size before relaxing)
 .debug_str     0x00000831      0x15a obj/sram_dbgu.o
                                0x1d1 (size before relaxing)
 .debug_str     0x0000098b       0xb1 obj/sram_stdio.o
                                0x5c8 (size before relaxing)
 .debug_str     0x00000a3c      0x114 obj/sram_cp15.o
                                0x1f9 (size before relaxing)
 .debug_str     0x00000b50      0x2b7 obj/sram_pio.o
                                0x356 (size before relaxing)
 .debug_str     0x00000e07      0x1e6 obj/sram_board_lowlevel.o
                                0x312 (size before relaxing)
 .debug_str     0x00000fed      0x49f obj/sram_board_memories.o
                                0x6bd (size before relaxing)
 .debug_str     0x0000148c       0xe6 obj/sram_eefc.o
                                0x234 (size before relaxing)
 .debug_str     0x00001572      0x18e obj/sram_flashd_eefc.o
                                0x324 (size before relaxing)
