Archive member included because of file (symbol)

c:/program files/codesourcery/sourcery g++ lite/bin/../lib/gcc/arm-none-eabi/4.4.1\libgcc.a(_udivsi3.o)
                              obj/sdram_stdio.o (__aeabi_uidiv)
c:/program files/codesourcery/sourcery g++ lite/bin/../lib/gcc/arm-none-eabi/4.4.1\libgcc.a(_dvmd_tls.o)
                              c:/program files/codesourcery/sourcery g++ lite/bin/../lib/gcc/arm-none-eabi/4.4.1\libgcc.a(_udivsi3.o) (__aeabi_idiv0)
c:/program files/codesourcery/sourcery g++ lite/bin/../lib/gcc/arm-none-eabi/4.4.1/../../../../arm-none-eabi/lib\libc.a(lib_a-memcpy.o)
                              obj/sdram_stdio.o (memcpy)

Discarded input sections

 .data          0x00000000        0x0 obj/sdram_isp_cstartup.o
 .bss           0x00000000        0x0 obj/sdram_isp_cstartup.o
 .text          0x00000000        0x0 obj/sdram_main.o
 .text          0x00000000        0x0 obj/sdram_NorFlashCommon.o
 .data          0x00000000        0x0 obj/sdram_NorFlashCommon.o
 .bss           0x00000000        0x0 obj/sdram_NorFlashCommon.o
 .text          0x00000000        0x0 obj/sdram_NorFlashCFI.o
 .data          0x00000000        0x0 obj/sdram_NorFlashCFI.o
 .bss           0x00000000        0x0 obj/sdram_NorFlashCFI.o
 .text.NorFlash_GetDeviceMinBlockSize
                0x00000000       0x48 obj/sdram_NorFlashCFI.o
 .text.NorFlash_GetDeviceBlockSize
                0x00000000       0x88 obj/sdram_NorFlashCFI.o
 .text          0x00000000        0x0 obj/sdram_NorFlashApi.o
 .data          0x00000000        0x0 obj/sdram_NorFlashApi.o
 .bss           0x00000000        0x0 obj/sdram_NorFlashApi.o
 .text          0x00000000        0x0 obj/sdram_NorFlashAmd.o
 .data          0x00000000        0x0 obj/sdram_NorFlashAmd.o
 .bss           0x00000000        0x0 obj/sdram_NorFlashAmd.o
 .text          0x00000000        0x0 obj/sdram_NorFlashIntel.o
 .data          0x00000000        0x0 obj/sdram_NorFlashIntel.o
 .bss           0x00000000        0x0 obj/sdram_NorFlashIntel.o
 .text          0x00000000        0x0 obj/sdram_math.o
 .data          0x00000000        0x0 obj/sdram_math.o
 .bss           0x00000000        0x0 obj/sdram_math.o
 .text.min      0x00000000        0xc obj/sdram_math.o
 .text.absv     0x00000000        0xc obj/sdram_math.o
 .text.power    0x00000000       0x20 obj/sdram_math.o
 .text          0x00000000        0x0 obj/sdram_stdio.o
 .bss           0x00000000        0x0 obj/sdram_stdio.o
 .text.puts     0x00000000       0x2c obj/sdram_stdio.o
 .text.sprintf  0x00000000       0x34 obj/sdram_stdio.o
 .text.fprintf  0x00000000       0x34 obj/sdram_stdio.o
 .text.snprintf
                0x00000000       0x34 obj/sdram_stdio.o
 .text          0x00000000        0x0 obj/sdram_trace.o
 .bss           0x00000000        0x0 obj/sdram_trace.o
 .text.putchar  0x00000000       0x2c obj/sdram_trace.o
 .text.TRACE_GetHexa32
                0x00000000       0xcc obj/sdram_trace.o
 .text.TRACE_GetInteger
                0x00000000       0xd8 obj/sdram_trace.o
 .text.TRACE_GetIntegerMinMax
                0x00000000       0x9c obj/sdram_trace.o
 .text.TRACE_DumpFrame
                0x00000000       0x54 obj/sdram_trace.o
 .text.PrintChar
                0x00000000       0x30 obj/sdram_trace.o
 .text.TRACE_DumpMemory
                0x00000000      0x1c4 obj/sdram_trace.o
 .rodata.str1.1
                0x00000000       0xcc obj/sdram_trace.o
 .text          0x00000000        0x0 obj/sdram_dbgu.o
 .data          0x00000000        0x0 obj/sdram_dbgu.o
 .bss           0x00000000        0x0 obj/sdram_dbgu.o
 .text.DBGU_IsRxReady
                0x00000000       0x10 obj/sdram_dbgu.o
 .text.DBGU_GetChar
                0x00000000       0x1c obj/sdram_dbgu.o
 .text          0x00000000        0x0 obj/sdram_pio.o
 .data          0x00000000        0x0 obj/sdram_pio.o
 .bss           0x00000000        0x0 obj/sdram_pio.o
 .text.PIO_Set  0x00000000        0xc obj/sdram_pio.o
 .text.PIO_Clear
                0x00000000        0xc obj/sdram_pio.o
 .text.PIO_Get  0x00000000       0x28 obj/sdram_pio.o
 .text.PIO_GetOutputDataStatus
                0x00000000       0x1c obj/sdram_pio.o
 .text          0x00000000        0x0 obj/sdram_cp15.o
 .data          0x00000000        0x0 obj/sdram_cp15.o
 .bss           0x00000000        0x0 obj/sdram_cp15.o
 .text.CP15_LockDcache
                0x00000000       0x4c obj/sdram_cp15.o
 .text.CP15_LockIcache
                0x00000000       0x4c obj/sdram_cp15.o
 .text.CP15_IsDcacheEnabled
                0x00000000       0x20 obj/sdram_cp15.o
 .text.CP15_IsMMUEnabled
                0x00000000       0x20 obj/sdram_cp15.o
 .text.CP15_IsIcacheEnabled
                0x00000000       0x24 obj/sdram_cp15.o
 .text.CP15_DisableDcache
                0x00000000       0x7c obj/sdram_cp15.o
 .text.CP15_ShutdownDcache
                0x00000000       0x4c obj/sdram_cp15.o
 .text.CP15_EnableDcache
                0x00000000       0xb4 obj/sdram_cp15.o
 .text.CP15_DisableMMU
                0x00000000       0x7c obj/sdram_cp15.o
 .text.CP15_EnableMMU
                0x00000000       0x7c obj/sdram_cp15.o
 .text.CP15_DisableIcache
                0x00000000       0x7c obj/sdram_cp15.o
 .text.CP15_EnableIcache
                0x00000000       0x7c obj/sdram_cp15.o
 .rodata.str1.1
                0x00000000      0x16e obj/sdram_cp15.o
 .text          0x00000000        0x0 obj/sdram_board_memories.o
 .data          0x00000000        0x0 obj/sdram_board_memories.o
 .bss           0x00000000        0x0 obj/sdram_board_memories.o
 .text.sleep_time
                0x00000000        0x4 obj/sdram_board_memories.o
 .text.BOARD_RemapRom
                0x00000000       0x10 obj/sdram_board_memories.o
 .text.BOARD_RemapRam
                0x00000000       0x10 obj/sdram_board_memories.o
 .text.BOARD_ConfigureVddMemSel
                0x00000000       0x38 obj/sdram_board_memories.o
 .text.BOARD_ConfigureDdram
                0x00000000       0xd4 obj/sdram_board_memories.o
 .text.BOARD_ConfigureBcram
                0x00000000       0x8c obj/sdram_board_memories.o
 .text.BOARD_ConfigureNandFlash
                0x00000000       0x68 obj/sdram_board_memories.o
 .text.BOARD_ConfigureNandFlash48MHz
                0x00000000       0x68 obj/sdram_board_memories.o
 .text.BOARD_ConfigureNorFlash48MHz
                0x00000000       0x64 obj/sdram_board_memories.o
 .text.BOARD_ConfigureSdram
                0x00000000       0xcc obj/sdram_board_memories.o
 .rodata        0x00000000        0xc obj/sdram_board_memories.o
 .text          0x00000000        0x0 obj/sdram_board_lowlevel.o
 .data          0x00000000        0x0 obj/sdram_board_lowlevel.o
 .bss           0x00000000        0x0 obj/sdram_board_lowlevel.o
 .text.defaultSpuriousHandler
                0x00000000        0x4 obj/sdram_board_lowlevel.o
 .text.defaultFiqHandler
                0x00000000        0x4 obj/sdram_board_lowlevel.o
 .text.defaultIrqHandler
                0x00000000        0x4 obj/sdram_board_lowlevel.o
 .text.LowLevelInit
                0x00000000       0xb4 obj/sdram_board_lowlevel.o
 .data          0x00000000        0x0 c:/program files/codesourcery/sourcery g++ lite/bin/../lib/gcc/arm-none-eabi/4.4.1\libgcc.a(_udivsi3.o)
 .bss           0x00000000        0x0 c:/program files/codesourcery/sourcery g++ lite/bin/../lib/gcc/arm-none-eabi/4.4.1\libgcc.a(_udivsi3.o)
 .data          0x00000000        0x0 c:/program files/codesourcery/sourcery g++ lite/bin/../lib/gcc/arm-none-eabi/4.4.1\libgcc.a(_dvmd_tls.o)
 .bss           0x00000000        0x0 c:/program files/codesourcery/sourcery g++ lite/bin/../lib/gcc/arm-none-eabi/4.4.1\libgcc.a(_dvmd_tls.o)
 .data          0x00000000        0x0 c:/program files/codesourcery/sourcery g++ lite/bin/../lib/gcc/arm-none-eabi/4.4.1/../../../../arm-none-eabi/lib\libc.a(lib_a-memcpy.o)
 .bss           0x00000000        0x0 c:/program files/codesourcery/sourcery g++ lite/bin/../lib/gcc/arm-none-eabi/4.4.1/../../../../arm-none-eabi/lib\libc.a(lib_a-memcpy.o)

Memory Configuration

Name             Origin             Length             Attributes
sram             0x00100000         0x00008000         w !xr
sdram            0x70000000         0x02000000         w !xr
*default*        0x00000000         0xffffffff

Linker script and memory map

LOAD obj/sdram_isp_cstartup.o
LOAD obj/sdram_main.o
LOAD obj/sdram_NorFlashCommon.o
LOAD obj/sdram_NorFlashCFI.o
LOAD obj/sdram_NorFlashApi.o
LOAD obj/sdram_NorFlashAmd.o
LOAD obj/sdram_NorFlashIntel.o
LOAD obj/sdram_math.o
LOAD obj/sdram_stdio.o
LOAD obj/sdram_trace.o
LOAD obj/sdram_dbgu.o
LOAD obj/sdram_pio.o
LOAD obj/sdram_cp15.o
LOAD obj/sdram_board_memories.o
LOAD obj/sdram_board_lowlevel.o
START GROUP
LOAD c:/program files/codesourcery/sourcery g++ lite/bin/../lib/gcc/arm-none-eabi/4.4.1\libgcc.a
LOAD c:/program files/codesourcery/sourcery g++ lite/bin/../lib/gcc/arm-none-eabi/4.4.1/../../../../arm-none-eabi/lib\libc.a
END GROUP

.fixed          0x70000000     0x3944
                0x70000000                . = ALIGN (0x4)
                0x70000000                _sfixed = .
 *(.text*)
 .text          0x70000000       0xf0 obj/sdram_isp_cstartup.o
                0x70000000                entry
 .text.main     0x700000f0      0x730 obj/sdram_main.o
                0x700000f0                main
 .text.WriteCommand
                0x70000820       0x34 obj/sdram_NorFlashCommon.o
                0x70000820                WriteCommand
 .text.ReadRawData
                0x70000854       0x30 obj/sdram_NorFlashCommon.o
                0x70000854                ReadRawData
 .text.WriteRawData
                0x70000884       0x30 obj/sdram_NorFlashCommon.o
                0x70000884                WriteRawData
 .text.NorFlash_GetDeviceNumOfBlocks
                0x700008b4       0x4c obj/sdram_NorFlashCFI.o
                0x700008b4                NorFlash_GetDeviceNumOfBlocks
 .text.NorFlash_GetDeviceMaxBlockSize
                0x70000900       0x48 obj/sdram_NorFlashCFI.o
                0x70000900                NorFlash_GetDeviceMaxBlockSize
 .text.NorFlash_GetDeviceSectorInRegion
                0x70000948       0x98 obj/sdram_NorFlashCFI.o
                0x70000948                NorFlash_GetDeviceSectorInRegion
 .text.NorFlash_GetDeviceSectorAddress
                0x700009e0       0x98 obj/sdram_NorFlashCFI.o
                0x700009e0                NorFlash_GetDeviceSectorAddress
 .text.NorFlash_GetByteAddress
                0x70000a78        0xc obj/sdram_NorFlashCFI.o
                0x70000a78                NorFlash_GetByteAddress
 .text.NorFlash_GetByteAddressInChip
                0x70000a84       0x10 obj/sdram_NorFlashCFI.o
                0x70000a84                NorFlash_GetByteAddressInChip
 .text.NorFlash_GetAddressInChip
                0x70000a94        0xc obj/sdram_NorFlashCFI.o
                0x70000a94                NorFlash_GetAddressInChip
 .text.NorFlash_GetDataBusWidth
                0x70000aa0       0x10 obj/sdram_NorFlashCFI.o
                0x70000aa0                NorFlash_GetDataBusWidth
 .text.NorFlash_GetDeviceSizeInBytes
                0x70000ab0       0x14 obj/sdram_NorFlashCFI.o
                0x70000ab0                NorFlash_GetDeviceSizeInBytes
 .text.NorFlash_CFI_DumpConfigruation
                0x70000ac4      0x480 obj/sdram_NorFlashCFI.o
                0x70000ac4                NorFlash_CFI_DumpConfigruation
 .text.NorFlash_CFI_Detect
                0x70000f44      0x12c obj/sdram_NorFlashCFI.o
                0x70000f44                NorFlash_CFI_Detect
 .text.NORFLASH_Reset
                0x70001070       0x1c obj/sdram_NorFlashApi.o
                0x70001070                NORFLASH_Reset
 .text.NORFLASH_ReadManufactoryID
                0x7000108c       0x1c obj/sdram_NorFlashApi.o
                0x7000108c                NORFLASH_ReadManufactoryID
 .text.NORFLASH_ReadDeviceID
                0x700010a8       0x1c obj/sdram_NorFlashApi.o
                0x700010a8                NORFLASH_ReadDeviceID
 .text.NORFLASH_EraseSector
                0x700010c4       0x1c obj/sdram_NorFlashApi.o
                0x700010c4                NORFLASH_EraseSector
 .text.NORFLASH_EraseChip
                0x700010e0       0x1c obj/sdram_NorFlashApi.o
                0x700010e0                NORFLASH_EraseChip
 .text.NORFLASH_WriteData
                0x700010fc       0x1c obj/sdram_NorFlashApi.o
                0x700010fc                NORFLASH_WriteData
 .text.NORFLASH_ReadData
                0x70001118       0xbc obj/sdram_NorFlashApi.o
                0x70001118                NORFLASH_ReadData
 .text.amd_Reset
                0x700011d4       0xac obj/sdram_NorFlashAmd.o
                0x700011d4                amd_Reset
 .text.AMD_Reset
                0x70001280       0x1c obj/sdram_NorFlashAmd.o
                0x70001280                AMD_Reset
 .text.AMD_EraseChip
                0x7000129c      0x1a4 obj/sdram_NorFlashAmd.o
                0x7000129c                AMD_EraseChip
 .text.amd_ReadIdentification
                0x70001440      0x150 obj/sdram_NorFlashAmd.o
                0x70001440                amd_ReadIdentification
 .text.AMD_ReadDeviceID
                0x70001590       0x20 obj/sdram_NorFlashAmd.o
                0x70001590                AMD_ReadDeviceID
 .text.AMD_ReadManufactoryId
                0x700015b0       0x20 obj/sdram_NorFlashAmd.o
                0x700015b0                AMD_ReadManufactoryId
 .text.AMD_EraseSector
                0x700015d0      0x198 obj/sdram_NorFlashAmd.o
                0x700015d0                AMD_EraseSector
 .text.amd_Program
                0x70001768      0x17c obj/sdram_NorFlashAmd.o
                0x70001768                amd_Program
 .text.AMD_Write_Data
                0x700018e4      0x10c obj/sdram_NorFlashAmd.o
                0x700018e4                AMD_Write_Data
 .text.intel_ClearStatus
                0x700019f0       0x58 obj/sdram_NorFlashIntel.o
                0x700019f0                intel_ClearStatus
 .text.intel_Reset
                0x70001a48       0x5c obj/sdram_NorFlashIntel.o
                0x70001a48                intel_Reset
 .text.INTEL_Reset
                0x70001aa4       0x1c obj/sdram_NorFlashIntel.o
                0x70001aa4                INTEL_Reset
 .text.intel_UnlockSector
                0x70001ac0       0x9c obj/sdram_NorFlashIntel.o
                0x70001ac0                intel_UnlockSector
 .text.intel_ReadStatus
                0x70001b5c       0x80 obj/sdram_NorFlashIntel.o
                0x70001b5c                intel_ReadStatus
 .text.intel_Program
                0x70001bdc      0x100 obj/sdram_NorFlashIntel.o
                0x70001bdc                intel_Program
 .text.INTEL_Write_Data
                0x70001cdc      0x10c obj/sdram_NorFlashIntel.o
                0x70001cdc                INTEL_Write_Data
 .text.intel_ReadIdentification
                0x70001de8       0xa8 obj/sdram_NorFlashIntel.o
                0x70001de8                intel_ReadIdentification
 .text.INTEL_ReadDeviceID
                0x70001e90       0x20 obj/sdram_NorFlashIntel.o
                0x70001e90                INTEL_ReadDeviceID
 .text.INTEL_ReadManufactoryId
                0x70001eb0       0x20 obj/sdram_NorFlashIntel.o
                0x70001eb0                INTEL_ReadManufactoryId
 .text.intel_GetBlockLockStatus
                0x70001ed0       0x40 obj/sdram_NorFlashIntel.o
                0x70001ed0                intel_GetBlockLockStatus
 .text.INTEL_EraseSector
                0x70001f10      0x15c obj/sdram_NorFlashIntel.o
                0x70001f10                INTEL_EraseSector
 .text.INTEL_EraseChip
                0x7000206c       0x78 obj/sdram_NorFlashIntel.o
                0x7000206c                INTEL_EraseChip
 .text.PutChar  0x700020e4        0xc obj/sdram_stdio.o
                0x700020e4                PutChar
 .text.PutString
                0x700020f0       0x24 obj/sdram_stdio.o
                0x700020f0                PutString
 .text.PutUnsignedInt
                0x70002114       0xd0 obj/sdram_stdio.o
                0x70002114                PutUnsignedInt
 .text.PutSignedInt
                0x700021e4      0x12c obj/sdram_stdio.o
                0x700021e4                PutSignedInt
 .text.PutHexa  0x70002310       0xb8 obj/sdram_stdio.o
                0x70002310                PutHexa
 .text.vsnprintf
                0x700023c8      0x1c8 obj/sdram_stdio.o
                0x700023c8                vsnprintf
 .text.vsprintf
                0x70002590       0x28 obj/sdram_stdio.o
                0x70002590                vsprintf
 .text.vfprintf
                0x700025b8       0xa4 obj/sdram_stdio.o
                0x700025b8                vfprintf
 .text.vprintf  0x7000265c       0x38 obj/sdram_stdio.o
                0x7000265c                vprintf
 .text.printf   0x70002694       0x34 obj/sdram_stdio.o
                0x70002694                printf
 .text.fputc    0x700026c8       0x50 obj/sdram_trace.o
                0x700026c8                fputc
 .text.fputs    0x70002718       0x54 obj/sdram_trace.o
                0x70002718                fputs
 .text.DBGU_Configure
                0x7000276c       0x58 obj/sdram_dbgu.o
                0x7000276c                DBGU_Configure
 .text.DBGU_PutChar
                0x700027c4       0x28 obj/sdram_dbgu.o
                0x700027c4                DBGU_PutChar
 .text.PIO_Configure
                0x700027ec      0x11c obj/sdram_pio.o
                0x700027ec                PIO_Configure
 .text.BOARD_ConfigureNorFlash
                0x70002908       0x64 obj/sdram_board_memories.o
                0x70002908                BOARD_ConfigureNorFlash
 .text          0x7000296c      0x114 c:/program files/codesourcery/sourcery g++ lite/bin/../lib/gcc/arm-none-eabi/4.4.1\libgcc.a(_udivsi3.o)
                0x7000296c                __aeabi_uidiv
                0x7000296c                __udivsi3
                0x70002a60                __aeabi_uidivmod
 .text          0x70002a80        0x4 c:/program files/codesourcery/sourcery g++ lite/bin/../lib/gcc/arm-none-eabi/4.4.1\libgcc.a(_dvmd_tls.o)
                0x70002a80                __aeabi_idiv0
                0x70002a80                __aeabi_ldiv0
 .text          0x70002a84      0x204 c:/program files/codesourcery/sourcery g++ lite/bin/../lib/gcc/arm-none-eabi/4.4.1/../../../../arm-none-eabi/lib\libc.a(lib_a-memcpy.o)
                0x70002a84                memcpy
 *(.rodata*)
 .rodata        0x70002c88       0x1c obj/sdram_main.o
 .rodata.str1.1
                0x70002ca4      0x2f4 obj/sdram_main.o
 .rodata        0x70002f98       0x30 obj/sdram_NorFlashCFI.o
                0x70002f98                amdOperations
                0x70002fb0                intelOperations
 .rodata.str1.1
                0x70002fc8      0x51e obj/sdram_NorFlashCFI.o
 .rodata.str1.1
                0x700034e6       0x24 obj/sdram_stdio.o
 *(.glue_7)
 .glue_7        0x00000000        0x0 linker stubs
 *(.glue_7t)
 .glue_7t       0x00000000        0x0 linker stubs
 *(.data)
 .data          0x7000350a        0x2 obj/sdram_main.o
 *fill*         0x7000350c        0x4 00
 .data          0x70003510      0x430 obj/sdram_stdio.o
                0x70003510                _impure_ptr
                0x70003518                r
 .data          0x70003940        0x4 obj/sdram_trace.o
                0x70003940                traceLevel
 *(.CP15_*)
                0x70003944                . = ALIGN (0x4)
                0x70003944                _efixed = .

.vfp11_veneer   0x00000000        0x0
 .vfp11_veneer  0x00000000        0x0 linker stubs

.v4_bx          0x00000000        0x0
 .v4_bx         0x00000000        0x0 linker stubs

.prerelocate    0x00000000        0x0 load address 0x70003944
                0x00000000                . = ALIGN (0x4)
                0x00000000                _sprerelocate = .
                0x00000000                . = ALIGN (0x4)
                0x00000000                _eprerelocate = .

.postrelocate   0x00100000        0x0 load address 0x70003944
                0x00100000                . = ALIGN (0x4)
                0x00100000                _spostrelocate = .
 *(.vectors)
                0x00100000                . = ALIGN (0x4)
                0x00100000                _epostrelocate = .

.bss            0x70003944       0x70
                0x70003944                _szero = .
 *(.bss)
 .bss           0x70003944       0x70 obj/sdram_main.o
                0x700039ac                memSize
                0x700039b4                . = ALIGN (0x4)
                0x700039b4                _ezero = .
                0x72000000                _sstack = 0x72000000
                0x700039b4                end = .
OUTPUT(bin/isp-norflash-at91cap9.elf elf32-littlearm)

.ARM.attributes
                0x00000000       0x2b
 .ARM.attributes
                0x00000000       0x16 obj/sdram_isp_cstartup.o
 .ARM.attributes
                0x00000016       0x30 obj/sdram_main.o
 .ARM.attributes
                0x00000046       0x30 obj/sdram_NorFlashCommon.o
 .ARM.attributes
                0x00000076       0x30 obj/sdram_NorFlashCFI.o
 .ARM.attributes
                0x000000a6       0x30 obj/sdram_NorFlashApi.o
 .ARM.attributes
                0x000000d6       0x30 obj/sdram_NorFlashAmd.o
 .ARM.attributes
                0x00000106       0x30 obj/sdram_NorFlashIntel.o
 .ARM.attributes
                0x00000136       0x30 obj/sdram_math.o
 .ARM.attributes
                0x00000166       0x30 obj/sdram_stdio.o
 .ARM.attributes
                0x00000196       0x30 obj/sdram_trace.o
 .ARM.attributes
                0x000001c6       0x30 obj/sdram_dbgu.o
 .ARM.attributes
                0x000001f6       0x30 obj/sdram_pio.o
 .ARM.attributes
                0x00000226       0x30 obj/sdram_cp15.o
 .ARM.attributes
                0x00000256       0x30 obj/sdram_board_memories.o
 .ARM.attributes
                0x00000286       0x30 obj/sdram_board_lowlevel.o
 .ARM.attributes
                0x000002b6       0x18 c:/program files/codesourcery/sourcery g++ lite/bin/../lib/gcc/arm-none-eabi/4.4.1\libgcc.a(_udivsi3.o)
 .ARM.attributes
                0x000002ce       0x16 c:/program files/codesourcery/sourcery g++ lite/bin/../lib/gcc/arm-none-eabi/4.4.1\libgcc.a(_dvmd_tls.o)
 .ARM.attributes
                0x000002e4       0x30 c:/program files/codesourcery/sourcery g++ lite/bin/../lib/gcc/arm-none-eabi/4.4.1/../../../../arm-none-eabi/lib\libc.a(lib_a-memcpy.o)

.comment        0x00000000      0x24c
 .comment       0x00000000       0x2a obj/sdram_main.o
 .comment       0x0000002a       0x2a obj/sdram_NorFlashCommon.o
 .comment       0x00000054       0x2a obj/sdram_NorFlashCFI.o
 .comment       0x0000007e       0x2a obj/sdram_NorFlashApi.o
 .comment       0x000000a8       0x2a obj/sdram_NorFlashAmd.o
 .comment       0x000000d2       0x2a obj/sdram_NorFlashIntel.o
 .comment       0x000000fc       0x2a obj/sdram_math.o
 .comment       0x00000126       0x2a obj/sdram_stdio.o
 .comment       0x00000150       0x2a obj/sdram_trace.o
 .comment       0x0000017a       0x2a obj/sdram_dbgu.o
 .comment       0x000001a4       0x2a obj/sdram_pio.o
 .comment       0x000001ce       0x2a obj/sdram_cp15.o
 .comment       0x000001f8       0x2a obj/sdram_board_memories.o
 .comment       0x00000222       0x2a obj/sdram_board_lowlevel.o

.debug_line     0x00000000     0x1621
 .debug_line    0x00000000       0x61 obj/sdram_isp_cstartup.o
 .debug_line    0x00000061      0x17e obj/sdram_main.o
 .debug_line    0x000001df       0x9a obj/sdram_NorFlashCommon.o
 .debug_line    0x00000279      0x22f obj/sdram_NorFlashCFI.o
 .debug_line    0x000004a8      0x107 obj/sdram_NorFlashApi.o
 .debug_line    0x000005af      0x182 obj/sdram_NorFlashAmd.o
 .debug_line    0x00000731      0x1c9 obj/sdram_NorFlashIntel.o
 .debug_line    0x000008fa       0x77 obj/sdram_math.o
 .debug_line    0x00000971      0x35b obj/sdram_stdio.o
 .debug_line    0x00000ccc      0x2d8 obj/sdram_trace.o
 .debug_line    0x00000fa4       0xd5 obj/sdram_dbgu.o
 .debug_line    0x00001079      0x12e obj/sdram_pio.o
 .debug_line    0x000011a7      0x166 obj/sdram_cp15.o
 .debug_line    0x0000130d      0x22f obj/sdram_board_memories.o
 .debug_line    0x0000153c       0xe5 obj/sdram_board_lowlevel.o

.debug_info     0x00000000     0x5cff
 .debug_info    0x00000000       0x95 obj/sdram_isp_cstartup.o
 .debug_info    0x00000095      0x99d obj/sdram_main.o
 .debug_info    0x00000a32      0x1a9 obj/sdram_NorFlashCommon.o
 .debug_info    0x00000bdb      0x810 obj/sdram_NorFlashCFI.o
 .debug_info    0x000013eb      0x579 obj/sdram_NorFlashApi.o
 .debug_info    0x00001964      0x5c2 obj/sdram_NorFlashAmd.o
 .debug_info    0x00001f26      0x6f7 obj/sdram_NorFlashIntel.o
 .debug_info    0x0000261d      0x116 obj/sdram_math.o
 .debug_info    0x00002733      0xeac obj/sdram_stdio.o
 .debug_info    0x000035df      0xc04 obj/sdram_trace.o
 .debug_info    0x000041e3      0x283 obj/sdram_dbgu.o
 .debug_info    0x00004466      0x6d5 obj/sdram_pio.o
 .debug_info    0x00004b3b      0x27b obj/sdram_cp15.o
 .debug_info    0x00004db6      0xbdc obj/sdram_board_memories.o
 .debug_info    0x00005992      0x36d obj/sdram_board_lowlevel.o

.debug_abbrev   0x00000000     0x1428
 .debug_abbrev  0x00000000       0x14 obj/sdram_isp_cstartup.o
 .debug_abbrev  0x00000014      0x1b7 obj/sdram_main.o
 .debug_abbrev  0x000001cb       0xc2 obj/sdram_NorFlashCommon.o
 .debug_abbrev  0x0000028d      0x1ec obj/sdram_NorFlashCFI.o
 .debug_abbrev  0x00000479      0x115 obj/sdram_NorFlashApi.o
 .debug_abbrev  0x0000058e      0x168 obj/sdram_NorFlashAmd.o
 .debug_abbrev  0x000006f6      0x18e obj/sdram_NorFlashIntel.o
 .debug_abbrev  0x00000884       0xba obj/sdram_math.o
 .debug_abbrev  0x0000093e      0x2b8 obj/sdram_stdio.o
 .debug_abbrev  0x00000bf6      0x254 obj/sdram_trace.o
 .debug_abbrev  0x00000e4a       0xd3 obj/sdram_dbgu.o
 .debug_abbrev  0x00000f1d      0x1b3 obj/sdram_pio.o
 .debug_abbrev  0x000010d0       0xe9 obj/sdram_cp15.o
 .debug_abbrev  0x000011b9      0x1c6 obj/sdram_board_memories.o
 .debug_abbrev  0x0000137f       0xa9 obj/sdram_board_lowlevel.o

.debug_aranges  0x00000000      0x4d0
 .debug_aranges
                0x00000000       0x20 obj/sdram_isp_cstartup.o
 .debug_aranges
                0x00000020       0x20 obj/sdram_main.o
 .debug_aranges
                0x00000040       0x30 obj/sdram_NorFlashCommon.o
 .debug_aranges
                0x00000070       0x80 obj/sdram_NorFlashCFI.o
 .debug_aranges
                0x000000f0       0x50 obj/sdram_NorFlashApi.o
 .debug_aranges
                0x00000140       0x60 obj/sdram_NorFlashAmd.o
 .debug_aranges
                0x000001a0       0x80 obj/sdram_NorFlashIntel.o
 .debug_aranges
                0x00000220       0x30 obj/sdram_math.o
 .debug_aranges
                0x00000250       0x88 obj/sdram_stdio.o
 .debug_aranges
                0x000002d8       0x60 obj/sdram_trace.o
 .debug_aranges
                0x00000338       0x38 obj/sdram_dbgu.o
 .debug_aranges
                0x00000370       0x40 obj/sdram_pio.o
 .debug_aranges
                0x000003b0       0x78 obj/sdram_cp15.o
 .debug_aranges
                0x00000428       0x70 obj/sdram_board_memories.o
 .debug_aranges
                0x00000498       0x38 obj/sdram_board_lowlevel.o

.debug_frame    0x00000000      0xd58
 .debug_frame   0x00000000       0x48 obj/sdram_main.o
 .debug_frame   0x00000048       0x40 obj/sdram_NorFlashCommon.o
 .debug_frame   0x00000088      0x13c obj/sdram_NorFlashCFI.o
 .debug_frame   0x000001c4       0xe4 obj/sdram_NorFlashApi.o
 .debug_frame   0x000002a8      0x16c obj/sdram_NorFlashAmd.o
 .debug_frame   0x00000414      0x1dc obj/sdram_NorFlashIntel.o
 .debug_frame   0x000005f0       0x40 obj/sdram_math.o
 .debug_frame   0x00000630      0x208 obj/sdram_stdio.o
 .debug_frame   0x00000838      0x150 obj/sdram_trace.o
 .debug_frame   0x00000988       0x60 obj/sdram_dbgu.o
 .debug_frame   0x000009e8       0x68 obj/sdram_pio.o
 .debug_frame   0x00000a50      0x164 obj/sdram_cp15.o
 .debug_frame   0x00000bb4       0xf0 obj/sdram_board_memories.o
 .debug_frame   0x00000ca4       0x5c obj/sdram_board_lowlevel.o
 .debug_frame   0x00000d00       0x20 c:/program files/codesourcery/sourcery g++ lite/bin/../lib/gcc/arm-none-eabi/4.4.1\libgcc.a(_udivsi3.o)
 .debug_frame   0x00000d20       0x38 c:/program files/codesourcery/sourcery g++ lite/bin/../lib/gcc/arm-none-eabi/4.4.1/../../../../arm-none-eabi/lib\libc.a(lib_a-memcpy.o)

.debug_loc      0x00000000     0x2111
 .debug_loc     0x00000000      0x1ca obj/sdram_main.o
 .debug_loc     0x000001ca       0x31 obj/sdram_NorFlashCommon.o
 .debug_loc     0x000001fb      0x353 obj/sdram_NorFlashCFI.o
 .debug_loc     0x0000054e      0x238 obj/sdram_NorFlashApi.o
 .debug_loc     0x00000786      0x418 obj/sdram_NorFlashAmd.o
 .debug_loc     0x00000b9e      0x58a obj/sdram_NorFlashIntel.o
 .debug_loc     0x00001128       0x44 obj/sdram_math.o
 .debug_loc     0x0000116c      0x6f2 obj/sdram_stdio.o
 .debug_loc     0x0000185e      0x464 obj/sdram_trace.o
 .debug_loc     0x00001cc2       0x63 obj/sdram_dbgu.o
 .debug_loc     0x00001d25       0x76 obj/sdram_pio.o
 .debug_loc     0x00001d9b      0x27d obj/sdram_cp15.o
 .debug_loc     0x00002018       0xbc obj/sdram_board_memories.o
 .debug_loc     0x000020d4       0x3d obj/sdram_board_lowlevel.o

.debug_pubnames
                0x00000000      0xa22
 .debug_pubnames
                0x00000000       0x27 obj/sdram_main.o
 .debug_pubnames
                0x00000027       0x44 obj/sdram_NorFlashCommon.o
 .debug_pubnames
                0x0000006b      0x1df obj/sdram_NorFlashCFI.o
 .debug_pubnames
                0x0000024a       0xbb obj/sdram_NorFlashApi.o
 .debug_pubnames
                0x00000305       0xc1 obj/sdram_NorFlashAmd.o
 .debug_pubnames
                0x000003c6      0x132 obj/sdram_NorFlashIntel.o
 .debug_pubnames
                0x000004f8       0x2d obj/sdram_math.o
 .debug_pubnames
                0x00000525       0xdf obj/sdram_stdio.o
 .debug_pubnames
                0x00000604       0xae obj/sdram_trace.o
 .debug_pubnames
                0x000006b2       0x5a obj/sdram_dbgu.o
 .debug_pubnames
                0x0000070c       0x66 obj/sdram_pio.o
 .debug_pubnames
                0x00000772      0x11b obj/sdram_cp15.o
 .debug_pubnames
                0x0000088d      0x12b obj/sdram_board_memories.o
 .debug_pubnames
                0x000009b8       0x6a obj/sdram_board_lowlevel.o

.debug_ranges   0x00000000      0x4c0
 .debug_ranges  0x00000000       0x38 obj/sdram_main.o
 .debug_ranges  0x00000038       0x28 obj/sdram_NorFlashCommon.o
 .debug_ranges  0x00000060       0x78 obj/sdram_NorFlashCFI.o
 .debug_ranges  0x000000d8       0x48 obj/sdram_NorFlashApi.o
 .debug_ranges  0x00000120       0x88 obj/sdram_NorFlashAmd.o
 .debug_ranges  0x000001a8       0xa8 obj/sdram_NorFlashIntel.o
 .debug_ranges  0x00000250       0x28 obj/sdram_math.o
 .debug_ranges  0x00000278       0x80 obj/sdram_stdio.o
 .debug_ranges  0x000002f8       0x58 obj/sdram_trace.o
 .debug_ranges  0x00000350       0x30 obj/sdram_dbgu.o
 .debug_ranges  0x00000380       0x38 obj/sdram_pio.o
 .debug_ranges  0x000003b8       0x70 obj/sdram_cp15.o
 .debug_ranges  0x00000428       0x68 obj/sdram_board_memories.o
 .debug_ranges  0x00000490       0x30 obj/sdram_board_lowlevel.o

.debug_str      0x00000000     0x1b3e
 .debug_str     0x00000000      0x5f8 obj/sdram_main.o
                                0x662 (size before relaxing)
 .debug_str     0x000005f8       0x87 obj/sdram_NorFlashCommon.o
                                0x180 (size before relaxing)
 .debug_str     0x0000067f      0x23d obj/sdram_NorFlashCFI.o
                                0x5d5 (size before relaxing)
 .debug_str     0x000008bc       0xc6 obj/sdram_NorFlashApi.o
                                0x459 (size before relaxing)
 .debug_str     0x00000982       0xcb obj/sdram_NorFlashAmd.o
                                0x403 (size before relaxing)
 .debug_str     0x00000a4d      0x136 obj/sdram_NorFlashIntel.o
                                0x47c (size before relaxing)
 .debug_str     0x00000b83       0x28 obj/sdram_math.o
                                0x11d (size before relaxing)
 .debug_str     0x00000bab      0x48a obj/sdram_stdio.o
                                0x5cb (size before relaxing)
 .debug_str     0x00001035       0xbc obj/sdram_trace.o
                                0x596 (size before relaxing)
 .debug_str     0x000010f1      0x146 obj/sdram_dbgu.o
                                0x1d4 (size before relaxing)
 .debug_str     0x00001237      0x17d obj/sdram_pio.o
                                0x362 (size before relaxing)
 .debug_str     0x000013b4      0x10e obj/sdram_cp15.o
                                0x207 (size before relaxing)
 .debug_str     0x000014c2      0x49b obj/sdram_board_memories.o
                                0x758 (size before relaxing)
 .debug_str     0x0000195d      0x1e1 obj/sdram_board_lowlevel.o
                                0x26f (size before relaxing)
