Archive member included because of file (symbol)

c:/program files/codesourcery/sourcery g++ lite/bin/../lib/gcc/arm-none-eabi/4.4.1\libgcc.a(_udivsi3.o)
                              obj/sdram_at45.o (__aeabi_uidiv)
c:/program files/codesourcery/sourcery g++ lite/bin/../lib/gcc/arm-none-eabi/4.4.1\libgcc.a(_dvmd_tls.o)
                              c:/program files/codesourcery/sourcery g++ lite/bin/../lib/gcc/arm-none-eabi/4.4.1\libgcc.a(_udivsi3.o) (__aeabi_idiv0)
c:/program files/codesourcery/sourcery g++ lite/bin/../lib/gcc/arm-none-eabi/4.4.1/../../../../arm-none-eabi/lib\libc.a(lib_a-memcpy.o)
                              obj/sdram_main.o (memcpy)
c:/program files/codesourcery/sourcery g++ lite/bin/../lib/gcc/arm-none-eabi/4.4.1/../../../../arm-none-eabi/lib\libc.a(lib_a-memset.o)
                              obj/sdram_main.o (memset)

Discarded input sections

 .data          0x00000000        0x0 obj/sdram_isp_cstartup.o
 .bss           0x00000000        0x0 obj/sdram_isp_cstartup.o
 .text          0x00000000        0x0 obj/sdram_main.o
 .data          0x00000000        0x0 obj/sdram_main.o
 .text          0x00000000        0x0 obj/sdram_spid.o
 .data          0x00000000        0x0 obj/sdram_spid.o
 .bss           0x00000000        0x0 obj/sdram_spid.o
 .text          0x00000000        0x0 obj/sdram_at45.o
 .data          0x00000000        0x0 obj/sdram_at45.o
 .text          0x00000000        0x0 obj/sdram_at45d.o
 .data          0x00000000        0x0 obj/sdram_at45d.o
 .bss           0x00000000        0x0 obj/sdram_at45d.o
 .text          0x00000000        0x0 obj/sdram_math.o
 .data          0x00000000        0x0 obj/sdram_math.o
 .bss           0x00000000        0x0 obj/sdram_math.o
 .text.absv     0x00000000        0xc obj/sdram_math.o
 .text.power    0x00000000       0x20 obj/sdram_math.o
 .text          0x00000000        0x0 obj/sdram_stdio.o
 .bss           0x00000000        0x0 obj/sdram_stdio.o
 .text.puts     0x00000000       0x2c obj/sdram_stdio.o
 .text.sprintf  0x00000000       0x34 obj/sdram_stdio.o
 .text.fprintf  0x00000000       0x34 obj/sdram_stdio.o
 .text.snprintf
                0x00000000       0x34 obj/sdram_stdio.o
 .text          0x00000000        0x0 obj/sdram_trace.o
 .bss           0x00000000        0x0 obj/sdram_trace.o
 .text.putchar  0x00000000       0x2c obj/sdram_trace.o
 .text.TRACE_GetHexa32
                0x00000000       0xcc obj/sdram_trace.o
 .text.TRACE_GetInteger
                0x00000000       0xd8 obj/sdram_trace.o
 .text.TRACE_GetIntegerMinMax
                0x00000000       0x9c obj/sdram_trace.o
 .text.TRACE_DumpFrame
                0x00000000       0x54 obj/sdram_trace.o
 .text.PrintChar
                0x00000000       0x30 obj/sdram_trace.o
 .text.TRACE_DumpMemory
                0x00000000      0x1c4 obj/sdram_trace.o
 .rodata.str1.1
                0x00000000       0xcc obj/sdram_trace.o
 .text          0x00000000        0x0 obj/sdram_dbgu.o
 .data          0x00000000        0x0 obj/sdram_dbgu.o
 .bss           0x00000000        0x0 obj/sdram_dbgu.o
 .text.DBGU_IsRxReady
                0x00000000       0x10 obj/sdram_dbgu.o
 .text.DBGU_GetChar
                0x00000000       0x1c obj/sdram_dbgu.o
 .text          0x00000000        0x0 obj/sdram_pio.o
 .data          0x00000000        0x0 obj/sdram_pio.o
 .bss           0x00000000        0x0 obj/sdram_pio.o
 .text.PIO_Set  0x00000000        0xc obj/sdram_pio.o
 .text.PIO_Clear
                0x00000000        0xc obj/sdram_pio.o
 .text.PIO_Get  0x00000000       0x28 obj/sdram_pio.o
 .text.PIO_GetOutputDataStatus
                0x00000000       0x1c obj/sdram_pio.o
 .text          0x00000000        0x0 obj/sdram_aic.o
 .data          0x00000000        0x0 obj/sdram_aic.o
 .bss           0x00000000        0x0 obj/sdram_aic.o
 .text.IRQ_ConfigureIT
                0x00000000       0x34 obj/sdram_aic.o
 .text.IRQ_EnableIT
                0x00000000       0x14 obj/sdram_aic.o
 .text.IRQ_DisableIT
                0x00000000       0x14 obj/sdram_aic.o
 .text          0x00000000        0x0 obj/sdram_cp15.o
 .data          0x00000000        0x0 obj/sdram_cp15.o
 .bss           0x00000000        0x0 obj/sdram_cp15.o
 .text.CP15_LockDcache
                0x00000000       0x4c obj/sdram_cp15.o
 .text.CP15_LockIcache
                0x00000000       0x4c obj/sdram_cp15.o
 .text.CP15_IsDcacheEnabled
                0x00000000       0x20 obj/sdram_cp15.o
 .text.CP15_IsMMUEnabled
                0x00000000       0x20 obj/sdram_cp15.o
 .text.CP15_IsIcacheEnabled
                0x00000000       0x24 obj/sdram_cp15.o
 .text.CP15_DisableDcache
                0x00000000       0x7c obj/sdram_cp15.o
 .text.CP15_ShutdownDcache
                0x00000000       0x4c obj/sdram_cp15.o
 .text.CP15_EnableDcache
                0x00000000       0xb4 obj/sdram_cp15.o
 .text.CP15_DisableMMU
                0x00000000       0x7c obj/sdram_cp15.o
 .text.CP15_EnableMMU
                0x00000000       0x7c obj/sdram_cp15.o
 .text.CP15_DisableIcache
                0x00000000       0x7c obj/sdram_cp15.o
 .text.CP15_EnableIcache
                0x00000000       0x7c obj/sdram_cp15.o
 .rodata.str1.1
                0x00000000      0x16e obj/sdram_cp15.o
 .text          0x00000000        0x0 obj/sdram_board_memories.o
 .data          0x00000000        0x0 obj/sdram_board_memories.o
 .bss           0x00000000        0x0 obj/sdram_board_memories.o
 .text.sleep_time
                0x00000000        0x4 obj/sdram_board_memories.o
 .text.BOARD_ConfigureVddMemSel
                0x00000000       0x38 obj/sdram_board_memories.o
 .text.BOARD_RemapRom
                0x00000000       0x10 obj/sdram_board_memories.o
 .text.BOARD_RemapRam
                0x00000000       0x10 obj/sdram_board_memories.o
 .text.BOARD_ConfigureDdram
                0x00000000        0x4 obj/sdram_board_memories.o
 .text.BOARD_ConfigureNandFlash
                0x00000000       0x78 obj/sdram_board_memories.o
 .text.BOARD_ConfigureNandFlash48MHz
                0x00000000       0x78 obj/sdram_board_memories.o
 .text.T.3      0x00000000        0x4 obj/sdram_board_memories.o
 .text.BOARD_ConfigureSdram
                0x00000000       0xe8 obj/sdram_board_memories.o
 .rodata        0x00000000        0xc obj/sdram_board_memories.o
 .text          0x00000000        0x0 obj/sdram_board_lowlevel.o
 .data          0x00000000        0x0 obj/sdram_board_lowlevel.o
 .bss           0x00000000        0x0 obj/sdram_board_lowlevel.o
 .text.defaultSpuriousHandler
                0x00000000        0x4 obj/sdram_board_lowlevel.o
 .text.defaultFiqHandler
                0x00000000        0x4 obj/sdram_board_lowlevel.o
 .text.defaultIrqHandler
                0x00000000        0x4 obj/sdram_board_lowlevel.o
 .text.BOARD_AT73C224_Write
                0x00000000       0x30 obj/sdram_board_lowlevel.o
 .text.T.6      0x00000000       0x58 obj/sdram_board_lowlevel.o
 .text.LowLevelInit
                0x00000000      0x38c obj/sdram_board_lowlevel.o
 .rodata        0x00000000       0x18 obj/sdram_board_lowlevel.o
 .rodata.str1.1
                0x00000000       0xa3 obj/sdram_board_lowlevel.o
 .data          0x00000000        0x0 c:/program files/codesourcery/sourcery g++ lite/bin/../lib/gcc/arm-none-eabi/4.4.1\libgcc.a(_udivsi3.o)
 .bss           0x00000000        0x0 c:/program files/codesourcery/sourcery g++ lite/bin/../lib/gcc/arm-none-eabi/4.4.1\libgcc.a(_udivsi3.o)
 .data          0x00000000        0x0 c:/program files/codesourcery/sourcery g++ lite/bin/../lib/gcc/arm-none-eabi/4.4.1\libgcc.a(_dvmd_tls.o)
 .bss           0x00000000        0x0 c:/program files/codesourcery/sourcery g++ lite/bin/../lib/gcc/arm-none-eabi/4.4.1\libgcc.a(_dvmd_tls.o)
 .data          0x00000000        0x0 c:/program files/codesourcery/sourcery g++ lite/bin/../lib/gcc/arm-none-eabi/4.4.1/../../../../arm-none-eabi/lib\libc.a(lib_a-memcpy.o)
 .bss           0x00000000        0x0 c:/program files/codesourcery/sourcery g++ lite/bin/../lib/gcc/arm-none-eabi/4.4.1/../../../../arm-none-eabi/lib\libc.a(lib_a-memcpy.o)
 .data          0x00000000        0x0 c:/program files/codesourcery/sourcery g++ lite/bin/../lib/gcc/arm-none-eabi/4.4.1/../../../../arm-none-eabi/lib\libc.a(lib_a-memset.o)
 .bss           0x00000000        0x0 c:/program files/codesourcery/sourcery g++ lite/bin/../lib/gcc/arm-none-eabi/4.4.1/../../../../arm-none-eabi/lib\libc.a(lib_a-memset.o)

Memory Configuration

Name             Origin             Length             Attributes
sram             0x00100000         0x00008000         w !xr
sdram            0x70000000         0x04000000         w !xr
*default*        0x00000000         0xffffffff

Linker script and memory map

LOAD obj/sdram_isp_cstartup.o
LOAD obj/sdram_main.o
LOAD obj/sdram_spid.o
LOAD obj/sdram_at45.o
LOAD obj/sdram_at45d.o
LOAD obj/sdram_math.o
LOAD obj/sdram_stdio.o
LOAD obj/sdram_trace.o
LOAD obj/sdram_dbgu.o
LOAD obj/sdram_pio.o
LOAD obj/sdram_aic.o
LOAD obj/sdram_cp15.o
LOAD obj/sdram_board_memories.o
LOAD obj/sdram_board_lowlevel.o
START GROUP
LOAD c:/program files/codesourcery/sourcery g++ lite/bin/../lib/gcc/arm-none-eabi/4.4.1\libgcc.a
LOAD c:/program files/codesourcery/sourcery g++ lite/bin/../lib/gcc/arm-none-eabi/4.4.1/../../../../arm-none-eabi/lib\libc.a
END GROUP

.fixed          0x70000000     0x2c24
                0x70000000                . = ALIGN (0x4)
                0x70000000                _sfixed = .
 *(.text*)
 .text          0x70000000       0xf0 obj/sdram_isp_cstartup.o
                0x70000000                entry
 .text.main     0x700000f0      0x8cc obj/sdram_main.o
                0x700000f0                main
 .text.SPID_Configure
                0x700009bc       0x60 obj/sdram_spid.o
                0x700009bc                SPID_Configure
 .text.SPID_ConfigureCS
                0x70000a1c       0x10 obj/sdram_spid.o
                0x70000a1c                SPID_ConfigureCS
 .text.SPID_SendCommand
                0x70000a2c       0xb4 obj/sdram_spid.o
                0x70000a2c                SPID_SendCommand
 .text.SPID_Handler
                0x70000ae0       0x80 obj/sdram_spid.o
                0x70000ae0                SPID_Handler
 .text.SPID_IsBusy
                0x70000b60       0x10 obj/sdram_spid.o
                0x70000b60                SPID_IsBusy
 .text.AT45_FindDevice
                0x70000b70       0x6c obj/sdram_at45.o
                0x70000b70                AT45_FindDevice
 .text.AT45_PageSize
                0x70000bdc       0x2c obj/sdram_at45.o
                0x70000bdc                AT45_PageSize
 .text.AT45_IsBusy
                0x70000c08       0x20 obj/sdram_at45.o
                0x70000c08                AT45_IsBusy
 .text.AT45_SendCommand
                0x70000c28      0x1b4 obj/sdram_at45.o
                0x70000c28                AT45_SendCommand
 .text.AT45_Configure
                0x70000ddc       0x94 obj/sdram_at45.o
                0x70000ddc                AT45_Configure
 .text.AT45D_Wait
                0x70000e70       0x7c obj/sdram_at45d.o
 .text.AT45D_Read
                0x70000eec      0x114 obj/sdram_at45d.o
                0x70000eec                AT45D_Read
 .text.AT45D_GetStatus
                0x70001000       0xe8 obj/sdram_at45d.o
                0x70001000                AT45D_GetStatus
 .text.AT45D_WaitReady
                0x700010e8       0x68 obj/sdram_at45d.o
                0x700010e8                AT45D_WaitReady
 .text.AT45D_BinaryPage
                0x70001150      0x10c obj/sdram_at45d.o
                0x70001150                AT45D_BinaryPage
 .text.AT45D_Erase
                0x7000125c       0xec obj/sdram_at45d.o
                0x7000125c                AT45D_Erase
 .text.AT45D_Write
                0x70001348      0x160 obj/sdram_at45d.o
                0x70001348                AT45D_Write
 .text.min      0x700014a8        0xc obj/sdram_math.o
                0x700014a8                min
 .text.PutChar  0x700014b4        0xc obj/sdram_stdio.o
                0x700014b4                PutChar
 .text.PutString
                0x700014c0       0x24 obj/sdram_stdio.o
                0x700014c0                PutString
 .text.PutUnsignedInt
                0x700014e4       0xd0 obj/sdram_stdio.o
                0x700014e4                PutUnsignedInt
 .text.PutSignedInt
                0x700015b4      0x12c obj/sdram_stdio.o
                0x700015b4                PutSignedInt
 .text.PutHexa  0x700016e0       0xb8 obj/sdram_stdio.o
                0x700016e0                PutHexa
 .text.vsnprintf
                0x70001798      0x1c8 obj/sdram_stdio.o
                0x70001798                vsnprintf
 .text.vsprintf
                0x70001960       0x28 obj/sdram_stdio.o
                0x70001960                vsprintf
 .text.vfprintf
                0x70001988       0xa4 obj/sdram_stdio.o
                0x70001988                vfprintf
 .text.vprintf  0x70001a2c       0x38 obj/sdram_stdio.o
                0x70001a2c                vprintf
 .text.printf   0x70001a64       0x34 obj/sdram_stdio.o
                0x70001a64                printf
 .text.fputc    0x70001a98       0x50 obj/sdram_trace.o
                0x70001a98                fputc
 .text.fputs    0x70001ae8       0x54 obj/sdram_trace.o
                0x70001ae8                fputs
 .text.DBGU_Configure
                0x70001b3c       0x58 obj/sdram_dbgu.o
                0x70001b3c                DBGU_Configure
 .text.DBGU_PutChar
                0x70001b94       0x28 obj/sdram_dbgu.o
                0x70001b94                DBGU_PutChar
 .text.PIO_Configure
                0x70001bbc      0x11c obj/sdram_pio.o
                0x70001bbc                PIO_Configure
 .text          0x70001cd8      0x114 c:/program files/codesourcery/sourcery g++ lite/bin/../lib/gcc/arm-none-eabi/4.4.1\libgcc.a(_udivsi3.o)
                0x70001cd8                __aeabi_uidiv
                0x70001cd8                __udivsi3
                0x70001dcc                __aeabi_uidivmod
 .text          0x70001dec        0x4 c:/program files/codesourcery/sourcery g++ lite/bin/../lib/gcc/arm-none-eabi/4.4.1\libgcc.a(_dvmd_tls.o)
                0x70001dec                __aeabi_idiv0
                0x70001dec                __aeabi_ldiv0
 .text          0x70001df0      0x204 c:/program files/codesourcery/sourcery g++ lite/bin/../lib/gcc/arm-none-eabi/4.4.1/../../../../arm-none-eabi/lib\libc.a(lib_a-memcpy.o)
                0x70001df0                memcpy
 .text          0x70001ff4      0x12c c:/program files/codesourcery/sourcery g++ lite/bin/../lib/gcc/arm-none-eabi/4.4.1/../../../../arm-none-eabi/lib\libc.a(lib_a-memset.o)
                0x70001ff4                memset
 *(.rodata*)
 .rodata        0x70002120       0x64 obj/sdram_main.o
 .rodata.str1.1
                0x70002184      0x327 obj/sdram_main.o
 *fill*         0x700024ab        0x1 00
 .rodata        0x700024ac       0xf0 obj/sdram_at45.o
 .rodata.str1.1
                0x7000259c      0x12f obj/sdram_at45.o
 *fill*         0x700026cb        0x1 00
 .rodata        0x700026cc        0x4 obj/sdram_at45d.o
 .rodata.str1.1
                0x700026d0       0xf6 obj/sdram_at45d.o
                                0x103 (size before relaxing)
 .rodata.str1.1
                0x700027c6       0x24 obj/sdram_stdio.o
 *(.glue_7)
 .glue_7        0x00000000        0x0 linker stubs
 *(.glue_7t)
 .glue_7t       0x00000000        0x0 linker stubs
 *(.data)
 *fill*         0x700027ea        0x6 00
 .data          0x700027f0      0x430 obj/sdram_stdio.o
                0x700027f0                _impure_ptr
                0x700027f8                r
 .data          0x70002c20        0x4 obj/sdram_trace.o
                0x70002c20                traceLevel
 *(.CP15_*)
                0x70002c24                . = ALIGN (0x4)
                0x70002c24                _efixed = .

.vfp11_veneer   0x00000000        0x0
 .vfp11_veneer  0x00000000        0x0 linker stubs

.v4_bx          0x00000000        0x0
 .v4_bx         0x00000000        0x0 linker stubs

.prerelocate    0x00000000        0x0 load address 0x70002c24
                0x00000000                . = ALIGN (0x4)
                0x00000000                _sprerelocate = .
                0x00000000                . = ALIGN (0x4)
                0x00000000                _eprerelocate = .

.postrelocate   0x00100000        0x0 load address 0x70002c24
                0x00100000                . = ALIGN (0x4)
                0x00100000                _spostrelocate = .
 *(.vectors)
                0x00100000                . = ALIGN (0x4)
                0x00100000                _epostrelocate = .

.bss            0x70002c24       0x4c
                0x70002c24                _szero = .
 *(.bss)
 .bss           0x70002c24       0x48 obj/sdram_main.o
                0x70002c24                at45Index
 .bss           0x70002c6c        0x1 obj/sdram_at45.o
                0x70002c70                . = ALIGN (0x4)
 *fill*         0x70002c6d        0x3 00
                0x70002c70                _ezero = .
                0x74000000                _sstack = 0x74000000
                0x70002c70                end = .
OUTPUT(bin/isp-dataflash-at91cap9.elf elf32-littlearm)

.ARM.attributes
                0x00000000       0x2b
 .ARM.attributes
                0x00000000       0x16 obj/sdram_isp_cstartup.o
 .ARM.attributes
                0x00000016       0x30 obj/sdram_main.o
 .ARM.attributes
                0x00000046       0x30 obj/sdram_spid.o
 .ARM.attributes
                0x00000076       0x30 obj/sdram_at45.o
 .ARM.attributes
                0x000000a6       0x30 obj/sdram_at45d.o
 .ARM.attributes
                0x000000d6       0x30 obj/sdram_math.o
 .ARM.attributes
                0x00000106       0x30 obj/sdram_stdio.o
 .ARM.attributes
                0x00000136       0x30 obj/sdram_trace.o
 .ARM.attributes
                0x00000166       0x30 obj/sdram_dbgu.o
 .ARM.attributes
                0x00000196       0x30 obj/sdram_pio.o
 .ARM.attributes
                0x000001c6       0x30 obj/sdram_aic.o
 .ARM.attributes
                0x000001f6       0x30 obj/sdram_cp15.o
 .ARM.attributes
                0x00000226       0x30 obj/sdram_board_memories.o
 .ARM.attributes
                0x00000256       0x30 obj/sdram_board_lowlevel.o
 .ARM.attributes
                0x00000286       0x18 c:/program files/codesourcery/sourcery g++ lite/bin/../lib/gcc/arm-none-eabi/4.4.1\libgcc.a(_udivsi3.o)
 .ARM.attributes
                0x0000029e       0x16 c:/program files/codesourcery/sourcery g++ lite/bin/../lib/gcc/arm-none-eabi/4.4.1\libgcc.a(_dvmd_tls.o)
 .ARM.attributes
                0x000002b4       0x30 c:/program files/codesourcery/sourcery g++ lite/bin/../lib/gcc/arm-none-eabi/4.4.1/../../../../arm-none-eabi/lib\libc.a(lib_a-memcpy.o)
 .ARM.attributes
                0x000002e4       0x30 c:/program files/codesourcery/sourcery g++ lite/bin/../lib/gcc/arm-none-eabi/4.4.1/../../../../arm-none-eabi/lib\libc.a(lib_a-memset.o)

.comment        0x00000000      0x222
 .comment       0x00000000       0x2a obj/sdram_main.o
 .comment       0x0000002a       0x2a obj/sdram_spid.o
 .comment       0x00000054       0x2a obj/sdram_at45.o
 .comment       0x0000007e       0x2a obj/sdram_at45d.o
 .comment       0x000000a8       0x2a obj/sdram_math.o
 .comment       0x000000d2       0x2a obj/sdram_stdio.o
 .comment       0x000000fc       0x2a obj/sdram_trace.o
 .comment       0x00000126       0x2a obj/sdram_dbgu.o
 .comment       0x00000150       0x2a obj/sdram_pio.o
 .comment       0x0000017a       0x2a obj/sdram_aic.o
 .comment       0x000001a4       0x2a obj/sdram_cp15.o
 .comment       0x000001ce       0x2a obj/sdram_board_memories.o
 .comment       0x000001f8       0x2a obj/sdram_board_lowlevel.o

.debug_line     0x00000000     0x13f5
 .debug_line    0x00000000       0x61 obj/sdram_isp_cstartup.o
 .debug_line    0x00000061      0x1a0 obj/sdram_main.o
 .debug_line    0x00000201      0x133 obj/sdram_spid.o
 .debug_line    0x00000334      0x146 obj/sdram_at45.o
 .debug_line    0x0000047a      0x15e obj/sdram_at45d.o
 .debug_line    0x000005d8       0x77 obj/sdram_math.o
 .debug_line    0x0000064f      0x35b obj/sdram_stdio.o
 .debug_line    0x000009aa      0x2d8 obj/sdram_trace.o
 .debug_line    0x00000c82       0xd6 obj/sdram_dbgu.o
 .debug_line    0x00000d58      0x12f obj/sdram_pio.o
 .debug_line    0x00000e87       0xba obj/sdram_aic.o
 .debug_line    0x00000f41      0x166 obj/sdram_cp15.o
 .debug_line    0x000010a7      0x1a1 obj/sdram_board_memories.o
 .debug_line    0x00001248      0x1ad obj/sdram_board_lowlevel.o

.debug_info     0x00000000     0x5af6
 .debug_info    0x00000000       0x96 obj/sdram_isp_cstartup.o
 .debug_info    0x00000096      0xaf1 obj/sdram_main.o
 .debug_info    0x00000b87      0x5c6 obj/sdram_spid.o
 .debug_info    0x0000114d      0x5f5 obj/sdram_at45.o
 .debug_info    0x00001742      0x5ed obj/sdram_at45d.o
 .debug_info    0x00001d2f      0x116 obj/sdram_math.o
 .debug_info    0x00001e45      0xeac obj/sdram_stdio.o
 .debug_info    0x00002cf1      0xc04 obj/sdram_trace.o
 .debug_info    0x000038f5      0x283 obj/sdram_dbgu.o
 .debug_info    0x00003b78      0x6d5 obj/sdram_pio.o
 .debug_info    0x0000424d      0x25c obj/sdram_aic.o
 .debug_info    0x000044a9      0x27b obj/sdram_cp15.o
 .debug_info    0x00004724      0x93a obj/sdram_board_memories.o
 .debug_info    0x0000505e      0xa98 obj/sdram_board_lowlevel.o

.debug_abbrev   0x00000000     0x141f
 .debug_abbrev  0x00000000       0x14 obj/sdram_isp_cstartup.o
 .debug_abbrev  0x00000014      0x1b9 obj/sdram_main.o
 .debug_abbrev  0x000001cd      0x196 obj/sdram_spid.o
 .debug_abbrev  0x00000363      0x18d obj/sdram_at45.o
 .debug_abbrev  0x000004f0      0x16c obj/sdram_at45d.o
 .debug_abbrev  0x0000065c       0xba obj/sdram_math.o
 .debug_abbrev  0x00000716      0x2b8 obj/sdram_stdio.o
 .debug_abbrev  0x000009ce      0x254 obj/sdram_trace.o
 .debug_abbrev  0x00000c22       0xd3 obj/sdram_dbgu.o
 .debug_abbrev  0x00000cf5      0x1b3 obj/sdram_pio.o
 .debug_abbrev  0x00000ea8       0xd2 obj/sdram_aic.o
 .debug_abbrev  0x00000f7a       0xe9 obj/sdram_cp15.o
 .debug_abbrev  0x00001063      0x1b3 obj/sdram_board_memories.o
 .debug_abbrev  0x00001216      0x209 obj/sdram_board_lowlevel.o

.debug_aranges  0x00000000      0x3f0
 .debug_aranges
                0x00000000       0x20 obj/sdram_isp_cstartup.o
 .debug_aranges
                0x00000020       0x20 obj/sdram_main.o
 .debug_aranges
                0x00000040       0x40 obj/sdram_spid.o
 .debug_aranges
                0x00000080       0x40 obj/sdram_at45.o
 .debug_aranges
                0x000000c0       0x50 obj/sdram_at45d.o
 .debug_aranges
                0x00000110       0x30 obj/sdram_math.o
 .debug_aranges
                0x00000140       0x88 obj/sdram_stdio.o
 .debug_aranges
                0x000001c8       0x60 obj/sdram_trace.o
 .debug_aranges
                0x00000228       0x38 obj/sdram_dbgu.o
 .debug_aranges
                0x00000260       0x40 obj/sdram_pio.o
 .debug_aranges
                0x000002a0       0x30 obj/sdram_aic.o
 .debug_aranges
                0x000002d0       0x78 obj/sdram_cp15.o
 .debug_aranges
                0x00000348       0x60 obj/sdram_board_memories.o
 .debug_aranges
                0x000003a8       0x48 obj/sdram_board_lowlevel.o

.debug_frame    0x00000000      0xa30
 .debug_frame   0x00000000       0x44 obj/sdram_main.o
 .debug_frame   0x00000044       0x88 obj/sdram_spid.o
 .debug_frame   0x000000cc       0xa4 obj/sdram_at45.o
 .debug_frame   0x00000170       0xe8 obj/sdram_at45d.o
 .debug_frame   0x00000258       0x40 obj/sdram_math.o
 .debug_frame   0x00000298      0x208 obj/sdram_stdio.o
 .debug_frame   0x000004a0      0x150 obj/sdram_trace.o
 .debug_frame   0x000005f0       0x60 obj/sdram_dbgu.o
 .debug_frame   0x00000650       0x68 obj/sdram_pio.o
 .debug_frame   0x000006b8       0x48 obj/sdram_aic.o
 .debug_frame   0x00000700      0x164 obj/sdram_cp15.o
 .debug_frame   0x00000864       0xbc obj/sdram_board_memories.o
 .debug_frame   0x00000920       0x8c obj/sdram_board_lowlevel.o
 .debug_frame   0x000009ac       0x20 c:/program files/codesourcery/sourcery g++ lite/bin/../lib/gcc/arm-none-eabi/4.4.1\libgcc.a(_udivsi3.o)
 .debug_frame   0x000009cc       0x38 c:/program files/codesourcery/sourcery g++ lite/bin/../lib/gcc/arm-none-eabi/4.4.1/../../../../arm-none-eabi/lib\libc.a(lib_a-memcpy.o)
 .debug_frame   0x00000a04       0x2c c:/program files/codesourcery/sourcery g++ lite/bin/../lib/gcc/arm-none-eabi/4.4.1/../../../../arm-none-eabi/lib\libc.a(lib_a-memset.o)

.debug_loc      0x00000000     0x19ad
 .debug_loc     0x00000000      0x1ad obj/sdram_main.o
 .debug_loc     0x000001ad      0x169 obj/sdram_spid.o
 .debug_loc     0x00000316      0x267 obj/sdram_at45.o
 .debug_loc     0x0000057d      0x3e1 obj/sdram_at45d.o
 .debug_loc     0x0000095e       0x44 obj/sdram_math.o
 .debug_loc     0x000009a2      0x6f2 obj/sdram_stdio.o
 .debug_loc     0x00001094      0x464 obj/sdram_trace.o
 .debug_loc     0x000014f8       0x63 obj/sdram_dbgu.o
 .debug_loc     0x0000155b       0x76 obj/sdram_pio.o
 .debug_loc     0x000015d1       0x32 obj/sdram_aic.o
 .debug_loc     0x00001603      0x27d obj/sdram_cp15.o
 .debug_loc     0x00001880       0x45 obj/sdram_board_memories.o
 .debug_loc     0x000018c5       0xe8 obj/sdram_board_lowlevel.o

.debug_pubnames
                0x00000000      0x6a4
 .debug_pubnames
                0x00000000       0x29 obj/sdram_main.o
 .debug_pubnames
                0x00000029       0x70 obj/sdram_spid.o
 .debug_pubnames
                0x00000099       0x70 obj/sdram_at45.o
 .debug_pubnames
                0x00000109       0x7e obj/sdram_at45d.o
 .debug_pubnames
                0x00000187       0x2d obj/sdram_math.o
 .debug_pubnames
                0x000001b4       0xdf obj/sdram_stdio.o
 .debug_pubnames
                0x00000293       0xae obj/sdram_trace.o
 .debug_pubnames
                0x00000341       0x5a obj/sdram_dbgu.o
 .debug_pubnames
                0x0000039b       0x66 obj/sdram_pio.o
 .debug_pubnames
                0x00000401       0x49 obj/sdram_aic.o
 .debug_pubnames
                0x0000044a      0x11b obj/sdram_cp15.o
 .debug_pubnames
                0x00000565       0xd5 obj/sdram_board_memories.o
 .debug_pubnames
                0x0000063a       0x6a obj/sdram_board_lowlevel.o

.debug_ranges   0x00000000      0x430
 .debug_ranges  0x00000000       0x38 obj/sdram_main.o
 .debug_ranges  0x00000038       0x38 obj/sdram_spid.o
 .debug_ranges  0x00000070       0x38 obj/sdram_at45.o
 .debug_ranges  0x000000a8       0x48 obj/sdram_at45d.o
 .debug_ranges  0x000000f0       0x28 obj/sdram_math.o
 .debug_ranges  0x00000118       0x80 obj/sdram_stdio.o
 .debug_ranges  0x00000198       0x58 obj/sdram_trace.o
 .debug_ranges  0x000001f0       0x30 obj/sdram_dbgu.o
 .debug_ranges  0x00000220       0x38 obj/sdram_pio.o
 .debug_ranges  0x00000258       0x28 obj/sdram_aic.o
 .debug_ranges  0x00000280       0x70 obj/sdram_cp15.o
 .debug_ranges  0x000002f0       0x58 obj/sdram_board_memories.o
 .debug_ranges  0x00000348       0xe8 obj/sdram_board_lowlevel.o

.debug_str      0x00000000     0x179e
 .debug_str     0x00000000      0x540 obj/sdram_main.o
                                0x5a4 (size before relaxing)
 .debug_str     0x00000540      0x130 obj/sdram_spid.o
                                0x30c (size before relaxing)
 .debug_str     0x00000670       0xb4 obj/sdram_at45.o
                                0x35a (size before relaxing)
 .debug_str     0x00000724       0x9b obj/sdram_at45d.o
                                0x353 (size before relaxing)
 .debug_str     0x000007bf       0x28 obj/sdram_math.o
                                0x11e (size before relaxing)
 .debug_str     0x000007e7      0x48a obj/sdram_stdio.o
                                0x5cc (size before relaxing)
 .debug_str     0x00000c71       0xb4 obj/sdram_trace.o
                                0x597 (size before relaxing)
 .debug_str     0x00000d25      0x146 obj/sdram_dbgu.o
                                0x1d5 (size before relaxing)
 .debug_str     0x00000e6b       0xdd obj/sdram_pio.o
                                0x363 (size before relaxing)
 .debug_str     0x00000f48      0x103 obj/sdram_aic.o
                                0x189 (size before relaxing)
 .debug_str     0x0000104b      0x114 obj/sdram_cp15.o
                                0x208 (size before relaxing)
 .debug_str     0x0000115f      0x3c2 obj/sdram_board_memories.o
                                0x5d7 (size before relaxing)
 .debug_str     0x00001521      0x27d obj/sdram_board_lowlevel.o
                                0x628 (size before relaxing)
