Archive member included because of file (symbol)

../../libraries/libboard_atsam3s-ek/lib\libboard_atsam3s_ek_gcc_rel.a(board_memories.o)
                              obj/sram_main.o (BOARD_ConfigureNandFlash)
../../libraries/libboard_atsam3s-ek/lib\libboard_atsam3s_ek_gcc_rel.a(hamming.o)
                              obj/sram_EccNandFlash.o (Hamming_Compute256x)
../../libraries/libchip_atsam3s/lib\libchip_atsam3s4_gcc_rel.a(pio.o)
                              obj/sram_RawNandFlash.o (PIO_Set)
../../libraries/libchip_atsam3s/lib\libchip_atsam3s4_gcc_rel.a(pmc.o)
                              ../../libraries/libboard_atsam3s-ek/lib\libboard_atsam3s_ek_gcc_rel.a(board_memories.o) (PMC_EnablePeripheral)
c:/program files/codesourcery/sourcery g++ lite/bin/../lib/gcc/arm-none-eabi/4.4.1/../../../../arm-none-eabi/lib/thumb2\libc.a(lib_a-memcpy.o)
                              obj/sram_EccNandFlash.o (memcpy)
c:/program files/codesourcery/sourcery g++ lite/bin/../lib/gcc/arm-none-eabi/4.4.1/../../../../arm-none-eabi/lib/thumb2\libc.a(lib_a-memset.o)
                              obj/sram_main.o (memset)

Discarded input sections

 .text          0x00000000        0x0 obj/sram_main.o
 .data          0x00000000        0x0 obj/sram_main.o
 .text          0x00000000        0x0 obj/sram_isp_cstartup.o
 .data          0x00000000        0x0 obj/sram_isp_cstartup.o
 .text          0x00000000        0x0 obj/sram_RawNandFlash.o
 .data          0x00000000        0x0 obj/sram_RawNandFlash.o
 .bss           0x00000000        0x0 obj/sram_RawNandFlash.o
 .text.CopyPage
                0x00000000      0x104 obj/sram_RawNandFlash.o
 .text.RawNandFlash_CopyPage
                0x00000000       0x34 obj/sram_RawNandFlash.o
 .text.RawNandFlash_CopyBlock
                0x00000000       0x40 obj/sram_RawNandFlash.o
 .text          0x00000000        0x0 obj/sram_EccNandFlash.o
 .data          0x00000000        0x0 obj/sram_EccNandFlash.o
 .bss           0x00000000        0x0 obj/sram_EccNandFlash.o
 .text          0x00000000        0x0 obj/sram_SkipBlockNandFlash.o
 .data          0x00000000        0x0 obj/sram_SkipBlockNandFlash.o
 .bss           0x00000000        0x0 obj/sram_SkipBlockNandFlash.o
 .text.SkipBlockNandFlash_WriteBlock
                0x00000000       0x64 obj/sram_SkipBlockNandFlash.o
 .text.SkipBlockNandFlash_ReadBlock
                0x00000000       0x64 obj/sram_SkipBlockNandFlash.o
 .text          0x00000000        0x0 obj/sram_NandFlashModel.o
 .data          0x00000000        0x0 obj/sram_NandFlashModel.o
 .bss           0x00000000        0x0 obj/sram_NandFlashModel.o
 .text.NandFlashModel_GetDeviceId
                0x00000000        0x4 obj/sram_NandFlashModel.o
 .text.NandFlashModel_GetDeviceSizeInMBytes
                0x00000000        0x4 obj/sram_NandFlashModel.o
 .text.NandFlashModel_SupportsCopyBack
                0x00000000        0x8 obj/sram_NandFlashModel.o
 .text          0x00000000        0x0 obj/sram_NandFlashModelList.o
 .data          0x00000000        0x0 obj/sram_NandFlashModelList.o
 .bss           0x00000000        0x0 obj/sram_NandFlashModelList.o
 .text          0x00000000        0x0 obj/sram_NandSpareScheme.o
 .data          0x00000000        0x0 obj/sram_NandSpareScheme.o
 .bss           0x00000000        0x0 obj/sram_NandSpareScheme.o
 .text.NandSpareScheme_ReadExtra
                0x00000000       0x28 obj/sram_NandSpareScheme.o
 .text.NandSpareScheme_WriteExtra
                0x00000000       0x24 obj/sram_NandSpareScheme.o
 .text          0x00000000        0x0 ../../libraries/libboard_atsam3s-ek/lib\libboard_atsam3s_ek_gcc_rel.a(board_memories.o)
 .data          0x00000000        0x0 ../../libraries/libboard_atsam3s-ek/lib\libboard_atsam3s_ek_gcc_rel.a(board_memories.o)
 .bss           0x00000000        0x0 ../../libraries/libboard_atsam3s-ek/lib\libboard_atsam3s_ek_gcc_rel.a(board_memories.o)
 .text.BOARD_ConfigureNorFlash
                0x00000000       0x24 ../../libraries/libboard_atsam3s-ek/lib\libboard_atsam3s_ek_gcc_rel.a(board_memories.o)
 .text          0x00000000        0x0 ../../libraries/libboard_atsam3s-ek/lib\libboard_atsam3s_ek_gcc_rel.a(hamming.o)
 .data          0x00000000        0x0 ../../libraries/libboard_atsam3s-ek/lib\libboard_atsam3s_ek_gcc_rel.a(hamming.o)
 .bss           0x00000000        0x0 ../../libraries/libboard_atsam3s-ek/lib\libboard_atsam3s_ek_gcc_rel.a(hamming.o)
 .text          0x00000000        0x0 ../../libraries/libchip_atsam3s/lib\libchip_atsam3s4_gcc_rel.a(pio.o)
 .data          0x00000000        0x0 ../../libraries/libchip_atsam3s/lib\libchip_atsam3s4_gcc_rel.a(pio.o)
 .bss           0x00000000        0x0 ../../libraries/libchip_atsam3s/lib\libchip_atsam3s4_gcc_rel.a(pio.o)
 .text.PIO_GetOutputDataStatus
                0x00000000       0x10 ../../libraries/libchip_atsam3s/lib\libchip_atsam3s4_gcc_rel.a(pio.o)
 .text.PIO_SetDebounceFilter
                0x00000000       0x20 ../../libraries/libchip_atsam3s/lib\libchip_atsam3s4_gcc_rel.a(pio.o)
 .text          0x00000000        0x0 ../../libraries/libchip_atsam3s/lib\libchip_atsam3s4_gcc_rel.a(pmc.o)
 .data          0x00000000        0x0 ../../libraries/libchip_atsam3s/lib\libchip_atsam3s4_gcc_rel.a(pmc.o)
 .bss           0x00000000        0x0 ../../libraries/libchip_atsam3s/lib\libchip_atsam3s4_gcc_rel.a(pmc.o)
 .text.PMC_DisablePeripheral
                0x00000000       0x3c ../../libraries/libchip_atsam3s/lib\libchip_atsam3s4_gcc_rel.a(pmc.o)
 .text.PMC_EnableAllPeripherals
                0x00000000       0x30 ../../libraries/libchip_atsam3s/lib\libchip_atsam3s4_gcc_rel.a(pmc.o)
 .text.PMC_DisableAllPeripherals
                0x00000000       0x2c ../../libraries/libchip_atsam3s/lib\libchip_atsam3s4_gcc_rel.a(pmc.o)
 .text.PMC_IsPeriphEnabled
                0x00000000       0x28 ../../libraries/libchip_atsam3s/lib\libchip_atsam3s4_gcc_rel.a(pmc.o)
 .data          0x00000000        0x0 c:/program files/codesourcery/sourcery g++ lite/bin/../lib/gcc/arm-none-eabi/4.4.1/../../../../arm-none-eabi/lib/thumb2\libc.a(lib_a-memcpy.o)
 .bss           0x00000000        0x0 c:/program files/codesourcery/sourcery g++ lite/bin/../lib/gcc/arm-none-eabi/4.4.1/../../../../arm-none-eabi/lib/thumb2\libc.a(lib_a-memcpy.o)
 .data          0x00000000        0x0 c:/program files/codesourcery/sourcery g++ lite/bin/../lib/gcc/arm-none-eabi/4.4.1/../../../../arm-none-eabi/lib/thumb2\libc.a(lib_a-memset.o)
 .bss           0x00000000        0x0 c:/program files/codesourcery/sourcery g++ lite/bin/../lib/gcc/arm-none-eabi/4.4.1/../../../../arm-none-eabi/lib/thumb2\libc.a(lib_a-memset.o)

Memory Configuration

Name             Origin             Length             Attributes
romcodesram      0x20000000         0x00001000         w !xr
sram             0x20001000         0x0000b000         w !xr
*default*        0x00000000         0xffffffff

Linker script and memory map

LOAD obj/sram_main.o
LOAD obj/sram_isp_cstartup.o
LOAD obj/sram_RawNandFlash.o
LOAD obj/sram_EccNandFlash.o
LOAD obj/sram_SkipBlockNandFlash.o
LOAD obj/sram_NandFlashModel.o
LOAD obj/sram_NandFlashModelList.o
LOAD obj/sram_NandSpareScheme.o
LOAD ../../libraries/libboard_atsam3s-ek/lib\libboard_atsam3s_ek_gcc_rel.a
LOAD ../../libraries/libchip_atsam3s/lib\libchip_atsam3s4_gcc_rel.a
START GROUP
LOAD c:/program files/codesourcery/sourcery g++ lite/bin/../lib/gcc/arm-none-eabi/4.4.1/thumb2\libgcc.a
LOAD c:/program files/codesourcery/sourcery g++ lite/bin/../lib/gcc/arm-none-eabi/4.4.1/../../../../arm-none-eabi/lib/thumb2\libc.a
END GROUP

.text           0x20001000     0x1c14
                0x20001000                . = ALIGN (0x4)
                0x20001000                _stext = .
 *(.isr_vector .isr_vector.*)
 .isr_vector    0x20001000       0x40 obj/sram_isp_cstartup.o
                0x20001000                exception_table
 *(.mailbox)
 .mailbox       0x20001040       0x80 obj/sram_isp_cstartup.o
                0x20001040                mailbox
 *(.text .text.*)
 .text.main     0x200010c0      0x49c obj/sram_main.o
                0x200010c0                main
 .text.ResetException
                0x2000155c       0x80 obj/sram_isp_cstartup.o
                0x2000155c                ResetException
 .text.IsOperationComplete
                0x200015dc       0x18 obj/sram_RawNandFlash.o
 .text.RawNandFlash_ReadId
                0x200015f4       0x44 obj/sram_RawNandFlash.o
                0x200015f4                RawNandFlash_ReadId
 .text.WriteColumnAddress
                0x20001638       0x44 obj/sram_RawNandFlash.o
 .text.ReadData
                0x2000167c       0x3c obj/sram_RawNandFlash.o
 .text.WriteData
                0x200016b8       0x3c obj/sram_RawNandFlash.o
 .text.WriteRowAddress
                0x200016f4       0x34 obj/sram_RawNandFlash.o
 .text.WaitReady
                0x20001728       0x2c obj/sram_RawNandFlash.o
 .text.RawNandFlash_EraseBlock
                0x20001754       0x84 obj/sram_RawNandFlash.o
                0x20001754                RawNandFlash_EraseBlock
 .text.RawNandFlash_Reset
                0x200017d8       0x30 obj/sram_RawNandFlash.o
                0x200017d8                RawNandFlash_Reset
 .text.RawNandFlash_WritePage
                0x20001808      0x120 obj/sram_RawNandFlash.o
                0x20001808                RawNandFlash_WritePage
 .text.RawNandFlash_ReadPage
                0x20001928       0xe4 obj/sram_RawNandFlash.o
                0x20001928                RawNandFlash_ReadPage
 .text.RawNandFlash_Initialize
                0x20001a0c       0x70 obj/sram_RawNandFlash.o
                0x20001a0c                RawNandFlash_Initialize
 .text.EccNandFlash_WritePage
                0x20001a7c       0x84 obj/sram_EccNandFlash.o
                0x20001a7c                EccNandFlash_WritePage
 .text.EccNandFlash_ReadPage
                0x20001b00       0xb8 obj/sram_EccNandFlash.o
                0x20001b00                EccNandFlash_ReadPage
 .text.EccNandFlash_Initialize
                0x20001bb8       0x44 obj/sram_EccNandFlash.o
                0x20001bb8                EccNandFlash_Initialize
 .text.SkipBlockNandFlash_CheckBlock
                0x20001bfc       0x7c obj/sram_SkipBlockNandFlash.o
                0x20001bfc                SkipBlockNandFlash_CheckBlock
 .text.SkipBlockNandFlash_WritePage
                0x20001c78       0x30 obj/sram_SkipBlockNandFlash.o
                0x20001c78                SkipBlockNandFlash_WritePage
 .text.SkipBlockNandFlash_WriteBlockUnaligned
                0x20001ca8       0x58 obj/sram_SkipBlockNandFlash.o
                0x20001ca8                SkipBlockNandFlash_WriteBlockUnaligned
 .text.SkipBlockNandFlash_ReadPage
                0x20001d00       0x30 obj/sram_SkipBlockNandFlash.o
                0x20001d00                SkipBlockNandFlash_ReadPage
 .text.SkipBlockNandFlash_ReadBlockUnaligned
                0x20001d30       0x58 obj/sram_SkipBlockNandFlash.o
                0x20001d30                SkipBlockNandFlash_ReadBlockUnaligned
 .text.SkipBlockNandFlash_EraseBlock
                0x20001d88       0x70 obj/sram_SkipBlockNandFlash.o
                0x20001d88                SkipBlockNandFlash_EraseBlock
 .text.SkipBlockNandFlash_Initialize
                0x20001df8       0x6c obj/sram_SkipBlockNandFlash.o
                0x20001df8                SkipBlockNandFlash_Initialize
 .text.NandFlashModel_GetScheme
                0x20001e64        0x4 obj/sram_NandFlashModel.o
                0x20001e64                NandFlashModel_GetScheme
 .text.NandFlashModel_GetDeviceSizeInBlocks
                0x20001e68       0x14 obj/sram_NandFlashModel.o
                0x20001e68                NandFlashModel_GetDeviceSizeInBlocks
 .text.NandFlashModel_GetDeviceSizeInBytes
                0x20001e7c        0x8 obj/sram_NandFlashModel.o
                0x20001e7c                NandFlashModel_GetDeviceSizeInBytes
 .text.NandFlashModel_GetBlockSizeInPages
                0x20001e84       0x10 obj/sram_NandFlashModel.o
                0x20001e84                NandFlashModel_GetBlockSizeInPages
 .text.NandFlashModel_GetDeviceSizeInPages
                0x20001e94       0x1c obj/sram_NandFlashModel.o
                0x20001e94                NandFlashModel_GetDeviceSizeInPages
 .text.NandFlashModel_GetBlockSizeInBytes
                0x20001eb0        0x8 obj/sram_NandFlashModel.o
                0x20001eb0                NandFlashModel_GetBlockSizeInBytes
 .text.NandFlashModel_TranslateAccess
                0x20001eb8       0x64 obj/sram_NandFlashModel.o
                0x20001eb8                NandFlashModel_TranslateAccess
 .text.NandFlashModel_GetPageDataSize
                0x20001f1c        0x4 obj/sram_NandFlashModel.o
                0x20001f1c                NandFlashModel_GetPageDataSize
 .text.NandFlashModel_GetPageSpareSize
                0x20001f20        0x8 obj/sram_NandFlashModel.o
                0x20001f20                NandFlashModel_GetPageSpareSize
 .text.NandFlashModel_GetDataBusWidth
                0x20001f28       0x10 obj/sram_NandFlashModel.o
                0x20001f28                NandFlashModel_GetDataBusWidth
 .text.NandFlashModel_HasSmallBlocks
                0x20001f38       0x10 obj/sram_NandFlashModel.o
                0x20001f38                NandFlashModel_HasSmallBlocks
 .text.NandFlashModel_Find
                0x20001f48       0x98 obj/sram_NandFlashModel.o
                0x20001f48                NandFlashModel_Find
 .text.NandSpareScheme_ReadBadBlockMarker
                0x20001fe0        0x8 obj/sram_NandSpareScheme.o
                0x20001fe0                NandSpareScheme_ReadBadBlockMarker
 .text.NandSpareScheme_WriteBadBlockMarker
                0x20001fe8        0x8 obj/sram_NandSpareScheme.o
                0x20001fe8                NandSpareScheme_WriteBadBlockMarker
 .text.NandSpareScheme_ReadEcc
                0x20001ff0       0x20 obj/sram_NandSpareScheme.o
                0x20001ff0                NandSpareScheme_ReadEcc
 .text.NandSpareScheme_WriteEcc
                0x20002010       0x20 obj/sram_NandSpareScheme.o
                0x20002010                NandSpareScheme_WriteEcc
 .text.BOARD_ConfigureNandFlash
                0x20002030       0x3c ../../libraries/libboard_atsam3s-ek/lib\libboard_atsam3s_ek_gcc_rel.a(board_memories.o)
                0x20002030                BOARD_ConfigureNandFlash
 .text.CountBitsInByte
                0x2000206c       0x18 ../../libraries/libboard_atsam3s-ek/lib\libboard_atsam3s_ek_gcc_rel.a(hamming.o)
 .text.CountBitsInCode256
                0x20002084       0x24 ../../libraries/libboard_atsam3s-ek/lib\libboard_atsam3s_ek_gcc_rel.a(hamming.o)
 .text.Compute256
                0x200020a8       0xf0 ../../libraries/libboard_atsam3s-ek/lib\libboard_atsam3s_ek_gcc_rel.a(hamming.o)
 .text.Hamming_Compute256x
                0x20002198       0x28 ../../libraries/libboard_atsam3s-ek/lib\libboard_atsam3s_ek_gcc_rel.a(hamming.o)
                0x20002198                Hamming_Compute256x
 .text.Hamming_Verify256x
                0x200021c0       0xfc ../../libraries/libboard_atsam3s-ek/lib\libboard_atsam3s_ek_gcc_rel.a(hamming.o)
                0x200021c0                Hamming_Verify256x
 .text.PIO_Set  0x200022bc        0x8 ../../libraries/libchip_atsam3s/lib\libchip_atsam3s4_gcc_rel.a(pio.o)
                0x200022bc                PIO_Set
 .text.PIO_Clear
                0x200022c4        0x8 ../../libraries/libchip_atsam3s/lib\libchip_atsam3s4_gcc_rel.a(pio.o)
                0x200022c4                PIO_Clear
 .text.PIO_Get  0x200022cc       0x20 ../../libraries/libchip_atsam3s/lib\libchip_atsam3s4_gcc_rel.a(pio.o)
                0x200022cc                PIO_Get
 .text.PIO_Configure
                0x200022ec      0x154 ../../libraries/libchip_atsam3s/lib\libchip_atsam3s4_gcc_rel.a(pio.o)
                0x200022ec                PIO_Configure
 .text.PMC_EnablePeripheral
                0x20002440       0x3c ../../libraries/libchip_atsam3s/lib\libchip_atsam3s4_gcc_rel.a(pmc.o)
                0x20002440                PMC_EnablePeripheral
 .text          0x2000247c      0x190 c:/program files/codesourcery/sourcery g++ lite/bin/../lib/gcc/arm-none-eabi/4.4.1/../../../../arm-none-eabi/lib/thumb2\libc.a(lib_a-memcpy.o)
                0x2000247c                memcpy
 .text          0x2000260c       0xd4 c:/program files/codesourcery/sourcery g++ lite/bin/../lib/gcc/arm-none-eabi/4.4.1/../../../../arm-none-eabi/lib/thumb2\libc.a(lib_a-memset.o)
                0x2000260c                memset
 *(.rodata .rodata.*)
 .rodata        0x200026e0       0x6c obj/sram_main.o
 .rodata        0x2000274c      0x2b8 obj/sram_NandFlashModelList.o
                0x2000274c                nandFlashModelList
 .rodata        0x20002a04      0x210 obj/sram_NandSpareScheme.o
                0x20002a04                nandSpareScheme256
                0x20002a88                nandSpareScheme512
                0x20002b0c                nandSpareScheme2048
                0x20002b90                nandSpareScheme4096
 *(.glue_7)
 .glue_7        0x00000000        0x0 linker stubs
 *(.glue_7t)
 .glue_7t       0x00000000        0x0 linker stubs
 *(.gcc_except_table)
 *(.rodata .rodata*)
 *(.gnu.linkonce.r.*)
                0x20002c14                . = ALIGN (0x4)
                0x20002c14                _etext = .

.vfp11_veneer   0x00000000        0x0
 .vfp11_veneer  0x00000000        0x0 linker stubs

.v4_bx          0x00000000        0x0
 .v4_bx         0x00000000        0x0 linker stubs

.data           0x20002c14        0x0
                0x20002c14                . = ALIGN (0x4)
                0x20002c14                _sidata = .
                0x20002c14                _sdata = .
 *(.data)
 *(.data.*)
                0x20002c14                . = ALIGN (0x4)
                0x20002c14                _edata = .

.bss            0x20002c14       0x4c
                0x20002c14                _szero = .
 *(.bss)
 .bss           0x20002c14       0x48 obj/sram_main.o
 .bss           0x20002c5c        0x4 obj/sram_isp_cstartup.o
                0x20002c5c                isInitialized
                0x20002c60                . = ALIGN (0x4)
                0x20002c60                _ezero = .
                0x2000bffc                _sstack = 0x2000bffc
                0x20002c60                end = .
OUTPUT(bin/isp-nandflash-atsam3s4.elf elf32-littlearm)

.debug_abbrev   0x00000000      0xb5a
 .debug_abbrev  0x00000000      0x19e obj/sram_main.o
 .debug_abbrev  0x0000019e       0xd1 obj/sram_isp_cstartup.o
 .debug_abbrev  0x0000026f      0x2c5 obj/sram_RawNandFlash.o
 .debug_abbrev  0x00000534      0x167 obj/sram_EccNandFlash.o
 .debug_abbrev  0x0000069b      0x1b3 obj/sram_SkipBlockNandFlash.o
 .debug_abbrev  0x0000084e      0x17f obj/sram_NandFlashModel.o
 .debug_abbrev  0x000009cd       0x93 obj/sram_NandFlashModelList.o
 .debug_abbrev  0x00000a60       0xfa obj/sram_NandSpareScheme.o

.debug_info     0x00000000     0x3d11
 .debug_info    0x00000000      0xcf0 obj/sram_main.o
 .debug_info    0x00000cf0      0x183 obj/sram_isp_cstartup.o
 .debug_info    0x00000e73      0xed2 obj/sram_RawNandFlash.o
 .debug_info    0x00001d45      0x9eb obj/sram_EccNandFlash.o
 .debug_info    0x00002730      0xcb8 obj/sram_SkipBlockNandFlash.o
 .debug_info    0x000033e8      0x4b8 obj/sram_NandFlashModel.o
 .debug_info    0x000038a0      0x168 obj/sram_NandFlashModelList.o
 .debug_info    0x00003a08      0x309 obj/sram_NandSpareScheme.o

.debug_line     0x00000000      0xf5b
 .debug_line    0x00000000      0x2ba obj/sram_main.o
 .debug_line    0x000002ba       0xc7 obj/sram_isp_cstartup.o
 .debug_line    0x00000381      0x3a5 obj/sram_RawNandFlash.o
 .debug_line    0x00000726      0x200 obj/sram_EccNandFlash.o
 .debug_line    0x00000926      0x2f5 obj/sram_SkipBlockNandFlash.o
 .debug_line    0x00000c1b      0x1d5 obj/sram_NandFlashModel.o
 .debug_line    0x00000df0       0x81 obj/sram_NandFlashModelList.o
 .debug_line    0x00000e71       0xea obj/sram_NandSpareScheme.o

.debug_frame    0x00000000      0x770
 .debug_frame   0x00000000       0x40 obj/sram_main.o
 .debug_frame   0x00000040       0x30 obj/sram_isp_cstartup.o
 .debug_frame   0x00000070      0x258 obj/sram_RawNandFlash.o
 .debug_frame   0x000002c8       0xa4 obj/sram_EccNandFlash.o
 .debug_frame   0x0000036c      0x1c4 obj/sram_SkipBlockNandFlash.o
 .debug_frame   0x00000530      0x13c obj/sram_NandFlashModel.o
 .debug_frame   0x0000066c       0xa0 obj/sram_NandSpareScheme.o
 .debug_frame   0x0000070c       0x38 c:/program files/codesourcery/sourcery g++ lite/bin/../lib/gcc/arm-none-eabi/4.4.1/../../../../arm-none-eabi/lib/thumb2\libc.a(lib_a-memcpy.o)
 .debug_frame   0x00000744       0x2c c:/program files/codesourcery/sourcery g++ lite/bin/../lib/gcc/arm-none-eabi/4.4.1/../../../../arm-none-eabi/lib/thumb2\libc.a(lib_a-memset.o)

.debug_loc      0x00000000     0x1bd6
 .debug_loc     0x00000000      0x6a2 obj/sram_main.o
 .debug_loc     0x000006a2       0x32 obj/sram_isp_cstartup.o
 .debug_loc     0x000006d4      0x879 obj/sram_RawNandFlash.o
 .debug_loc     0x00000f4d      0x242 obj/sram_EccNandFlash.o
 .debug_loc     0x0000118f      0x6c4 obj/sram_SkipBlockNandFlash.o
 .debug_loc     0x00001853      0x2a3 obj/sram_NandFlashModel.o
 .debug_loc     0x00001af6       0xe0 obj/sram_NandSpareScheme.o

.debug_pubnames
                0x00000000      0x690
 .debug_pubnames
                0x00000000       0x1b obj/sram_main.o
 .debug_pubnames
                0x0000001b       0x57 obj/sram_isp_cstartup.o
 .debug_pubnames
                0x00000072       0xe3 obj/sram_RawNandFlash.o
 .debug_pubnames
                0x00000155       0x63 obj/sram_EccNandFlash.o
 .debug_pubnames
                0x000001b8      0x151 obj/sram_SkipBlockNandFlash.o
 .debug_pubnames
                0x00000309      0x229 obj/sram_NandFlashModel.o
 .debug_pubnames
                0x00000532       0x29 obj/sram_NandFlashModelList.o
 .debug_pubnames
                0x0000055b      0x135 obj/sram_NandSpareScheme.o

.debug_aranges  0x00000000      0x238
 .debug_aranges
                0x00000000       0x20 obj/sram_main.o
 .debug_aranges
                0x00000020       0x20 obj/sram_isp_cstartup.o
 .debug_aranges
                0x00000040       0x90 obj/sram_RawNandFlash.o
 .debug_aranges
                0x000000d0       0x30 obj/sram_EccNandFlash.o
 .debug_aranges
                0x00000100       0x60 obj/sram_SkipBlockNandFlash.o
 .debug_aranges
                0x00000160       0x90 obj/sram_NandFlashModel.o
 .debug_aranges
                0x000001f0       0x48 obj/sram_NandSpareScheme.o

.debug_ranges   0x00000000      0x260
 .debug_ranges  0x00000000       0x18 obj/sram_main.o
 .debug_ranges  0x00000018       0x18 obj/sram_isp_cstartup.o
 .debug_ranges  0x00000030       0xe8 obj/sram_RawNandFlash.o
 .debug_ranges  0x00000118       0x28 obj/sram_EccNandFlash.o
 .debug_ranges  0x00000140       0x58 obj/sram_SkipBlockNandFlash.o
 .debug_ranges  0x00000198       0x88 obj/sram_NandFlashModel.o
 .debug_ranges  0x00000220       0x40 obj/sram_NandSpareScheme.o

.debug_str      0x00000000     0x1036
 .debug_str     0x00000000      0x7c4 obj/sram_main.o
                                0x7fd (size before relaxing)
 .debug_str     0x000007c4       0x8d obj/sram_isp_cstartup.o
                                0x189 (size before relaxing)
 .debug_str     0x00000851      0x220 obj/sram_RawNandFlash.o
                                0x712 (size before relaxing)
 .debug_str     0x00000a71       0x90 obj/sram_EccNandFlash.o
                                0x5e2 (size before relaxing)
 .debug_str     0x00000b01      0x17e obj/sram_SkipBlockNandFlash.o
                                0x6ff (size before relaxing)
 .debug_str     0x00000c7f      0x242 obj/sram_NandFlashModel.o
                                0x3e4 (size before relaxing)
 .debug_str     0x00000ec1       0x72 obj/sram_NandFlashModelList.o
                                0x1d2 (size before relaxing)
 .debug_str     0x00000f33      0x103 obj/sram_NandSpareScheme.o
                                0x23e (size before relaxing)

.comment        0x00000000      0x1f8
 .comment       0x00000000       0x2a obj/sram_main.o
 .comment       0x0000002a       0x2a obj/sram_isp_cstartup.o
 .comment       0x00000054       0x2a obj/sram_RawNandFlash.o
 .comment       0x0000007e       0x2a obj/sram_EccNandFlash.o
 .comment       0x000000a8       0x2a obj/sram_SkipBlockNandFlash.o
 .comment       0x000000d2       0x2a obj/sram_NandFlashModel.o
 .comment       0x000000fc       0x2a obj/sram_NandFlashModelList.o
 .comment       0x00000126       0x2a obj/sram_NandSpareScheme.o
 .comment       0x00000150       0x2a ../../libraries/libboard_atsam3s-ek/lib\libboard_atsam3s_ek_gcc_rel.a(board_memories.o)
 .comment       0x0000017a       0x2a ../../libraries/libboard_atsam3s-ek/lib\libboard_atsam3s_ek_gcc_rel.a(hamming.o)
 .comment       0x000001a4       0x2a ../../libraries/libchip_atsam3s/lib\libchip_atsam3s4_gcc_rel.a(pio.o)
 .comment       0x000001ce       0x2a ../../libraries/libchip_atsam3s/lib\libchip_atsam3s4_gcc_rel.a(pmc.o)

.ARM.attributes
                0x00000000       0x31
 .ARM.attributes
                0x00000000       0x31 obj/sram_main.o
 .ARM.attributes
                0x00000031       0x31 obj/sram_isp_cstartup.o
 .ARM.attributes
                0x00000062       0x31 obj/sram_RawNandFlash.o
 .ARM.attributes
                0x00000093       0x31 obj/sram_EccNandFlash.o
 .ARM.attributes
                0x000000c4       0x31 obj/sram_SkipBlockNandFlash.o
 .ARM.attributes
                0x000000f5       0x31 obj/sram_NandFlashModel.o
 .ARM.attributes
                0x00000126       0x31 obj/sram_NandFlashModelList.o
 .ARM.attributes
                0x00000157       0x31 obj/sram_NandSpareScheme.o
 .ARM.attributes
                0x00000188       0x31 ../../libraries/libboard_atsam3s-ek/lib\libboard_atsam3s_ek_gcc_rel.a(board_memories.o)
 .ARM.attributes
                0x000001b9       0x31 ../../libraries/libboard_atsam3s-ek/lib\libboard_atsam3s_ek_gcc_rel.a(hamming.o)
 .ARM.attributes
                0x000001ea       0x31 ../../libraries/libchip_atsam3s/lib\libchip_atsam3s4_gcc_rel.a(pio.o)
 .ARM.attributes
                0x0000021b       0x31 ../../libraries/libchip_atsam3s/lib\libchip_atsam3s4_gcc_rel.a(pmc.o)
 .ARM.attributes
                0x0000024c       0x27 c:/program files/codesourcery/sourcery g++ lite/bin/../lib/gcc/arm-none-eabi/4.4.1/../../../../arm-none-eabi/lib/thumb2\libc.a(lib_a-memcpy.o)
 .ARM.attributes
                0x00000273       0x27 c:/program files/codesourcery/sourcery g++ lite/bin/../lib/gcc/arm-none-eabi/4.4.1/../../../../arm-none-eabi/lib/thumb2\libc.a(lib_a-memset.o)

Cross Reference Table

Symbol                                            File
BOARD_ConfigureNandFlash                          ../../libraries/libboard_atsam3s-ek/lib\libboard_atsam3s_ek_gcc_rel.a(board_memories.o)
                                                  obj/sram_main.o
BOARD_ConfigureNorFlash                           ../../libraries/libboard_atsam3s-ek/lib\libboard_atsam3s_ek_gcc_rel.a(board_memories.o)
EccNandFlash_Initialize                           obj/sram_EccNandFlash.o
                                                  obj/sram_SkipBlockNandFlash.o
EccNandFlash_ReadPage                             obj/sram_EccNandFlash.o
                                                  obj/sram_SkipBlockNandFlash.o
EccNandFlash_WritePage                            obj/sram_EccNandFlash.o
                                                  obj/sram_SkipBlockNandFlash.o
Hamming_Compute256x                               ../../libraries/libboard_atsam3s-ek/lib\libboard_atsam3s_ek_gcc_rel.a(hamming.o)
                                                  obj/sram_EccNandFlash.o
Hamming_Verify256x                                ../../libraries/libboard_atsam3s-ek/lib\libboard_atsam3s_ek_gcc_rel.a(hamming.o)
                                                  obj/sram_EccNandFlash.o
NandFlashModel_Find                               obj/sram_NandFlashModel.o
                                                  obj/sram_RawNandFlash.o
NandFlashModel_GetBlockSizeInBytes                obj/sram_NandFlashModel.o
                                                  obj/sram_main.o
NandFlashModel_GetBlockSizeInPages                obj/sram_NandFlashModel.o
                                                  obj/sram_SkipBlockNandFlash.o
                                                  obj/sram_RawNandFlash.o
                                                  obj/sram_main.o
NandFlashModel_GetDataBusWidth                    obj/sram_NandFlashModel.o
                                                  obj/sram_RawNandFlash.o
NandFlashModel_GetDeviceId                        obj/sram_NandFlashModel.o
NandFlashModel_GetDeviceSizeInBlocks              obj/sram_NandFlashModel.o
                                                  obj/sram_SkipBlockNandFlash.o
                                                  obj/sram_main.o
NandFlashModel_GetDeviceSizeInBytes               obj/sram_NandFlashModel.o
                                                  obj/sram_main.o
NandFlashModel_GetDeviceSizeInMBytes              obj/sram_NandFlashModel.o
NandFlashModel_GetDeviceSizeInPages               obj/sram_NandFlashModel.o
                                                  obj/sram_RawNandFlash.o
NandFlashModel_GetPageDataSize                    obj/sram_NandFlashModel.o
                                                  obj/sram_SkipBlockNandFlash.o
                                                  obj/sram_EccNandFlash.o
                                                  obj/sram_RawNandFlash.o
                                                  obj/sram_main.o
NandFlashModel_GetPageSpareSize                   obj/sram_NandFlashModel.o
                                                  obj/sram_EccNandFlash.o
                                                  obj/sram_RawNandFlash.o
NandFlashModel_GetScheme                          obj/sram_NandFlashModel.o
                                                  obj/sram_SkipBlockNandFlash.o
                                                  obj/sram_EccNandFlash.o
                                                  obj/sram_main.o
NandFlashModel_HasSmallBlocks                     obj/sram_NandFlashModel.o
                                                  obj/sram_RawNandFlash.o
NandFlashModel_SupportsCopyBack                   obj/sram_NandFlashModel.o
                                                  obj/sram_RawNandFlash.o
NandFlashModel_TranslateAccess                    obj/sram_NandFlashModel.o
                                                  obj/sram_main.o
NandSpareScheme_ReadBadBlockMarker                obj/sram_NandSpareScheme.o
                                                  obj/sram_SkipBlockNandFlash.o
NandSpareScheme_ReadEcc                           obj/sram_NandSpareScheme.o
                                                  obj/sram_EccNandFlash.o
NandSpareScheme_ReadExtra                         obj/sram_NandSpareScheme.o
NandSpareScheme_WriteBadBlockMarker               obj/sram_NandSpareScheme.o
                                                  obj/sram_SkipBlockNandFlash.o
                                                  obj/sram_main.o
NandSpareScheme_WriteEcc                          obj/sram_NandSpareScheme.o
                                                  obj/sram_EccNandFlash.o
NandSpareScheme_WriteExtra                        obj/sram_NandSpareScheme.o
PIO_Clear                                         ../../libraries/libchip_atsam3s/lib\libchip_atsam3s4_gcc_rel.a(pio.o)
                                                  obj/sram_RawNandFlash.o
PIO_Configure                                     ../../libraries/libchip_atsam3s/lib\libchip_atsam3s4_gcc_rel.a(pio.o)
                                                  obj/sram_main.o
PIO_Get                                           ../../libraries/libchip_atsam3s/lib\libchip_atsam3s4_gcc_rel.a(pio.o)
                                                  obj/sram_RawNandFlash.o
PIO_GetOutputDataStatus                           ../../libraries/libchip_atsam3s/lib\libchip_atsam3s4_gcc_rel.a(pio.o)
PIO_Set                                           ../../libraries/libchip_atsam3s/lib\libchip_atsam3s4_gcc_rel.a(pio.o)
                                                  obj/sram_RawNandFlash.o
PIO_SetDebounceFilter                             ../../libraries/libchip_atsam3s/lib\libchip_atsam3s4_gcc_rel.a(pio.o)
PMC_DisableAllPeripherals                         ../../libraries/libchip_atsam3s/lib\libchip_atsam3s4_gcc_rel.a(pmc.o)
PMC_DisablePeripheral                             ../../libraries/libchip_atsam3s/lib\libchip_atsam3s4_gcc_rel.a(pmc.o)
PMC_EnableAllPeripherals                          ../../libraries/libchip_atsam3s/lib\libchip_atsam3s4_gcc_rel.a(pmc.o)
PMC_EnablePeripheral                              ../../libraries/libchip_atsam3s/lib\libchip_atsam3s4_gcc_rel.a(pmc.o)
                                                  ../../libraries/libchip_atsam3s/lib\libchip_atsam3s4_gcc_rel.a(pio.o)
                                                  ../../libraries/libboard_atsam3s-ek/lib\libboard_atsam3s_ek_gcc_rel.a(board_memories.o)
PMC_IsPeriphEnabled                               ../../libraries/libchip_atsam3s/lib\libchip_atsam3s4_gcc_rel.a(pmc.o)
RawNandFlash_CopyBlock                            obj/sram_RawNandFlash.o
RawNandFlash_CopyPage                             obj/sram_RawNandFlash.o
RawNandFlash_EraseBlock                           obj/sram_RawNandFlash.o
                                                  obj/sram_SkipBlockNandFlash.o
RawNandFlash_Initialize                           obj/sram_RawNandFlash.o
                                                  obj/sram_EccNandFlash.o
RawNandFlash_ReadId                               obj/sram_RawNandFlash.o
RawNandFlash_ReadPage                             obj/sram_RawNandFlash.o
                                                  obj/sram_SkipBlockNandFlash.o
                                                  obj/sram_EccNandFlash.o
RawNandFlash_Reset                                obj/sram_RawNandFlash.o
RawNandFlash_WritePage                            obj/sram_RawNandFlash.o
                                                  obj/sram_SkipBlockNandFlash.o
                                                  obj/sram_EccNandFlash.o
                                                  obj/sram_main.o
ResetException                                    obj/sram_isp_cstartup.o
SkipBlockNandFlash_CheckBlock                     obj/sram_SkipBlockNandFlash.o
                                                  obj/sram_main.o
SkipBlockNandFlash_EraseBlock                     obj/sram_SkipBlockNandFlash.o
                                                  obj/sram_main.o
SkipBlockNandFlash_Initialize                     obj/sram_SkipBlockNandFlash.o
                                                  obj/sram_main.o
SkipBlockNandFlash_ReadBlock                      obj/sram_SkipBlockNandFlash.o
SkipBlockNandFlash_ReadBlockUnaligned             obj/sram_SkipBlockNandFlash.o
                                                  obj/sram_main.o
SkipBlockNandFlash_ReadPage                       obj/sram_SkipBlockNandFlash.o
                                                  obj/sram_main.o
SkipBlockNandFlash_WriteBlock                     obj/sram_SkipBlockNandFlash.o
SkipBlockNandFlash_WriteBlockUnaligned            obj/sram_SkipBlockNandFlash.o
                                                  obj/sram_main.o
SkipBlockNandFlash_WritePage                      obj/sram_SkipBlockNandFlash.o
                                                  obj/sram_main.o
_edata                                            obj/sram_isp_cstartup.o
_ezero                                            obj/sram_isp_cstartup.o
_sdata                                            obj/sram_isp_cstartup.o
_sidata                                           obj/sram_isp_cstartup.o
_sstack                                           obj/sram_isp_cstartup.o
_szero                                            obj/sram_isp_cstartup.o
end                                               obj/sram_main.o
exception_table                                   obj/sram_isp_cstartup.o
isInitialized                                     obj/sram_isp_cstartup.o
mailbox                                           obj/sram_isp_cstartup.o
main                                              obj/sram_main.o
                                                  obj/sram_isp_cstartup.o
memcpy                                            c:/program files/codesourcery/sourcery g++ lite/bin/../lib/gcc/arm-none-eabi/4.4.1/../../../../arm-none-eabi/lib/thumb2\libc.a(lib_a-memcpy.o)
                                                  obj/sram_EccNandFlash.o
memset                                            c:/program files/codesourcery/sourcery g++ lite/bin/../lib/gcc/arm-none-eabi/4.4.1/../../../../arm-none-eabi/lib/thumb2\libc.a(lib_a-memset.o)
                                                  obj/sram_SkipBlockNandFlash.o
                                                  obj/sram_EccNandFlash.o
                                                  obj/sram_main.o
nandFlashModelList                                obj/sram_NandFlashModelList.o
                                                  obj/sram_RawNandFlash.o
nandSpareScheme2048                               obj/sram_NandSpareScheme.o
                                                  obj/sram_NandFlashModelList.o
nandSpareScheme256                                obj/sram_NandSpareScheme.o
                                                  obj/sram_NandFlashModelList.o
nandSpareScheme4096                               obj/sram_NandSpareScheme.o
nandSpareScheme512                                obj/sram_NandSpareScheme.o
                                                  obj/sram_NandFlashModelList.o
