Archive member included because of file (symbol)

c:/program files/codesourcery/sourcery g++ lite/bin/../lib/gcc/arm-none-eabi/4.4.1\libgcc.a(_udivsi3.o)
                              obj/sdram_stdio.o (__aeabi_uidiv)
c:/program files/codesourcery/sourcery g++ lite/bin/../lib/gcc/arm-none-eabi/4.4.1\libgcc.a(_dvmd_tls.o)
                              c:/program files/codesourcery/sourcery g++ lite/bin/../lib/gcc/arm-none-eabi/4.4.1\libgcc.a(_udivsi3.o) (__aeabi_idiv0)
c:/program files/codesourcery/sourcery g++ lite/bin/../lib/gcc/arm-none-eabi/4.4.1/../../../../arm-none-eabi/lib\libc.a(lib_a-memcpy.o)
                              obj/sdram_main.o (memcpy)
c:/program files/codesourcery/sourcery g++ lite/bin/../lib/gcc/arm-none-eabi/4.4.1/../../../../arm-none-eabi/lib\libc.a(lib_a-memset.o)
                              obj/sdram_main.o (memset)

Discarded input sections

 .data          0x00000000        0x0 obj/sdram_isp_cstartup.o
 .bss           0x00000000        0x0 obj/sdram_isp_cstartup.o
 .text          0x00000000        0x0 obj/sdram_main.o
 .data          0x00000000        0x0 obj/sdram_main.o
 .text          0x00000000        0x0 obj/sdram_spid.o
 .data          0x00000000        0x0 obj/sdram_spid.o
 .bss           0x00000000        0x0 obj/sdram_spid.o
 .text          0x00000000        0x0 obj/sdram_at26.o
 .data          0x00000000        0x0 obj/sdram_at26.o
 .bss           0x00000000        0x0 obj/sdram_at26.o
 .text          0x00000000        0x0 obj/sdram_at26d.o
 .data          0x00000000        0x0 obj/sdram_at26d.o
 .bss           0x00000000        0x0 obj/sdram_at26d.o
 .text          0x00000000        0x0 obj/sdram_math.o
 .data          0x00000000        0x0 obj/sdram_math.o
 .bss           0x00000000        0x0 obj/sdram_math.o
 .text.absv     0x00000000        0xc obj/sdram_math.o
 .text.power    0x00000000       0x20 obj/sdram_math.o
 .text          0x00000000        0x0 obj/sdram_stdio.o
 .bss           0x00000000        0x0 obj/sdram_stdio.o
 .text.puts     0x00000000       0x2c obj/sdram_stdio.o
 .text.sprintf  0x00000000       0x34 obj/sdram_stdio.o
 .text.fprintf  0x00000000       0x34 obj/sdram_stdio.o
 .text.snprintf
                0x00000000       0x34 obj/sdram_stdio.o
 .text          0x00000000        0x0 obj/sdram_trace.o
 .bss           0x00000000        0x0 obj/sdram_trace.o
 .text.putchar  0x00000000       0x2c obj/sdram_trace.o
 .text.TRACE_GetHexa32
                0x00000000       0xcc obj/sdram_trace.o
 .text.TRACE_GetInteger
                0x00000000       0xd8 obj/sdram_trace.o
 .text.TRACE_GetIntegerMinMax
                0x00000000       0x9c obj/sdram_trace.o
 .text.TRACE_DumpFrame
                0x00000000       0x54 obj/sdram_trace.o
 .text.PrintChar
                0x00000000       0x30 obj/sdram_trace.o
 .text.TRACE_DumpMemory
                0x00000000      0x1c4 obj/sdram_trace.o
 .rodata.str1.1
                0x00000000       0xcc obj/sdram_trace.o
 .text          0x00000000        0x0 obj/sdram_dbgu.o
 .data          0x00000000        0x0 obj/sdram_dbgu.o
 .bss           0x00000000        0x0 obj/sdram_dbgu.o
 .text.DBGU_IsRxReady
                0x00000000       0x10 obj/sdram_dbgu.o
 .text.DBGU_GetChar
                0x00000000       0x1c obj/sdram_dbgu.o
 .text          0x00000000        0x0 obj/sdram_pio.o
 .data          0x00000000        0x0 obj/sdram_pio.o
 .bss           0x00000000        0x0 obj/sdram_pio.o
 .text.PIO_Set  0x00000000        0xc obj/sdram_pio.o
 .text.PIO_Clear
                0x00000000        0xc obj/sdram_pio.o
 .text.PIO_Get  0x00000000       0x28 obj/sdram_pio.o
 .text.PIO_GetOutputDataStatus
                0x00000000       0x1c obj/sdram_pio.o
 .text          0x00000000        0x0 obj/sdram_cp15.o
 .data          0x00000000        0x0 obj/sdram_cp15.o
 .bss           0x00000000        0x0 obj/sdram_cp15.o
 .text.CP15_LockDcache
                0x00000000       0x4c obj/sdram_cp15.o
 .text.CP15_LockIcache
                0x00000000       0x4c obj/sdram_cp15.o
 .text.CP15_IsDcacheEnabled
                0x00000000       0x20 obj/sdram_cp15.o
 .text.CP15_IsMMUEnabled
                0x00000000       0x20 obj/sdram_cp15.o
 .text.CP15_IsIcacheEnabled
                0x00000000       0x24 obj/sdram_cp15.o
 .text.CP15_DisableDcache
                0x00000000       0x7c obj/sdram_cp15.o
 .text.CP15_ShutdownDcache
                0x00000000       0x4c obj/sdram_cp15.o
 .text.CP15_EnableDcache
                0x00000000       0xb4 obj/sdram_cp15.o
 .text.CP15_DisableMMU
                0x00000000       0x7c obj/sdram_cp15.o
 .text.CP15_EnableMMU
                0x00000000       0x7c obj/sdram_cp15.o
 .text.CP15_DisableIcache
                0x00000000       0x7c obj/sdram_cp15.o
 .text.CP15_EnableIcache
                0x00000000       0x7c obj/sdram_cp15.o
 .rodata.str1.1
                0x00000000      0x16e obj/sdram_cp15.o
 .text          0x00000000        0x0 obj/sdram_board_memories.o
 .data          0x00000000        0x0 obj/sdram_board_memories.o
 .bss           0x00000000        0x0 obj/sdram_board_memories.o
 .text.sleep_time
                0x00000000        0x4 obj/sdram_board_memories.o
 .text.BOARD_RemapRom
                0x00000000       0x10 obj/sdram_board_memories.o
 .text.BOARD_RemapRam
                0x00000000       0x10 obj/sdram_board_memories.o
 .text.BOARD_ConfigureVddMemSel
                0x00000000       0x38 obj/sdram_board_memories.o
 .text.BOARD_ConfigureDdram
                0x00000000       0xd4 obj/sdram_board_memories.o
 .text.BOARD_ConfigureBcram
                0x00000000       0x8c obj/sdram_board_memories.o
 .text.BOARD_ConfigureNandFlash
                0x00000000       0x68 obj/sdram_board_memories.o
 .text.BOARD_ConfigureNandFlash48MHz
                0x00000000       0x68 obj/sdram_board_memories.o
 .text.BOARD_ConfigureNorFlash
                0x00000000       0x64 obj/sdram_board_memories.o
 .text.BOARD_ConfigureNorFlash48MHz
                0x00000000       0x64 obj/sdram_board_memories.o
 .text.BOARD_ConfigureSdram
                0x00000000       0xcc obj/sdram_board_memories.o
 .rodata        0x00000000        0xc obj/sdram_board_memories.o
 .text          0x00000000        0x0 obj/sdram_board_lowlevel.o
 .data          0x00000000        0x0 obj/sdram_board_lowlevel.o
 .bss           0x00000000        0x0 obj/sdram_board_lowlevel.o
 .text.defaultSpuriousHandler
                0x00000000        0x4 obj/sdram_board_lowlevel.o
 .text.defaultFiqHandler
                0x00000000        0x4 obj/sdram_board_lowlevel.o
 .text.defaultIrqHandler
                0x00000000        0x4 obj/sdram_board_lowlevel.o
 .text.LowLevelInit
                0x00000000       0xb4 obj/sdram_board_lowlevel.o
 .data          0x00000000        0x0 c:/program files/codesourcery/sourcery g++ lite/bin/../lib/gcc/arm-none-eabi/4.4.1\libgcc.a(_udivsi3.o)
 .bss           0x00000000        0x0 c:/program files/codesourcery/sourcery g++ lite/bin/../lib/gcc/arm-none-eabi/4.4.1\libgcc.a(_udivsi3.o)
 .data          0x00000000        0x0 c:/program files/codesourcery/sourcery g++ lite/bin/../lib/gcc/arm-none-eabi/4.4.1\libgcc.a(_dvmd_tls.o)
 .bss           0x00000000        0x0 c:/program files/codesourcery/sourcery g++ lite/bin/../lib/gcc/arm-none-eabi/4.4.1\libgcc.a(_dvmd_tls.o)
 .data          0x00000000        0x0 c:/program files/codesourcery/sourcery g++ lite/bin/../lib/gcc/arm-none-eabi/4.4.1/../../../../arm-none-eabi/lib\libc.a(lib_a-memcpy.o)
 .bss           0x00000000        0x0 c:/program files/codesourcery/sourcery g++ lite/bin/../lib/gcc/arm-none-eabi/4.4.1/../../../../arm-none-eabi/lib\libc.a(lib_a-memcpy.o)
 .data          0x00000000        0x0 c:/program files/codesourcery/sourcery g++ lite/bin/../lib/gcc/arm-none-eabi/4.4.1/../../../../arm-none-eabi/lib\libc.a(lib_a-memset.o)
 .bss           0x00000000        0x0 c:/program files/codesourcery/sourcery g++ lite/bin/../lib/gcc/arm-none-eabi/4.4.1/../../../../arm-none-eabi/lib\libc.a(lib_a-memset.o)

Memory Configuration

Name             Origin             Length             Attributes
sram             0x00100000         0x00008000         w !xr
sdram            0x70000000         0x02000000         w !xr
*default*        0x00000000         0xffffffff

Linker script and memory map

LOAD obj/sdram_isp_cstartup.o
LOAD obj/sdram_main.o
LOAD obj/sdram_spid.o
LOAD obj/sdram_at26.o
LOAD obj/sdram_at26d.o
LOAD obj/sdram_math.o
LOAD obj/sdram_stdio.o
LOAD obj/sdram_trace.o
LOAD obj/sdram_dbgu.o
LOAD obj/sdram_pio.o
LOAD obj/sdram_cp15.o
LOAD obj/sdram_board_memories.o
LOAD obj/sdram_board_lowlevel.o
START GROUP
LOAD c:/program files/codesourcery/sourcery g++ lite/bin/../lib/gcc/arm-none-eabi/4.4.1\libgcc.a
LOAD c:/program files/codesourcery/sourcery g++ lite/bin/../lib/gcc/arm-none-eabi/4.4.1/../../../../arm-none-eabi/lib\libc.a
END GROUP

.fixed          0x70000000     0x3214
                0x70000000                . = ALIGN (0x4)
                0x70000000                _sfixed = .
 *(.text*)
 .text          0x70000000       0xf0 obj/sdram_isp_cstartup.o
                0x70000000                entry
 .text.main     0x700000f0      0x94c obj/sdram_main.o
                0x700000f0                main
 .text.SPID_Configure
                0x70000a3c       0x60 obj/sdram_spid.o
                0x70000a3c                SPID_Configure
 .text.SPID_ConfigureCS
                0x70000a9c       0x10 obj/sdram_spid.o
                0x70000a9c                SPID_ConfigureCS
 .text.SPID_SendCommand
                0x70000aac       0xb4 obj/sdram_spid.o
                0x70000aac                SPID_SendCommand
 .text.SPID_Handler
                0x70000b60       0x80 obj/sdram_spid.o
                0x70000b60                SPID_Handler
 .text.SPID_IsBusy
                0x70000be0       0x10 obj/sdram_spid.o
                0x70000be0                SPID_IsBusy
 .text.AT26_FindDevice
                0x70000bf0       0x8c obj/sdram_at26.o
                0x70000bf0                AT26_FindDevice
 .text.AT26_IsBusy
                0x70000c7c       0x20 obj/sdram_at26.o
                0x70000c7c                AT26_IsBusy
 .text.AT26_SendCommand
                0x70000c9c       0xd4 obj/sdram_at26.o
                0x70000c9c                AT26_SendCommand
 .text.AT26_Configure
                0x70000d70       0xf4 obj/sdram_at26.o
                0x70000d70                AT26_Configure
 .text.AT26D_Wait
                0x70000e64       0x44 obj/sdram_at26d.o
 .text.AT26D_Read
                0x70000ea8       0x90 obj/sdram_at26d.o
                0x70000ea8                AT26D_Read
 .text.AT26D_ReadStatus
                0x70000f38       0xcc obj/sdram_at26d.o
 .text.AT26D_WaitReady
                0x70001004       0x68 obj/sdram_at26d.o
                0x70001004                AT26D_WaitReady
 .text.AT26D_EnableWrite
                0x7000106c       0xbc obj/sdram_at26d.o
                0x7000106c                AT26D_EnableWrite
 .text.AT26D_EraseBlock
                0x70001128      0x168 obj/sdram_at26d.o
                0x70001128                AT26D_EraseBlock
 .text.AT26D_EraseChip
                0x70001290      0x110 obj/sdram_at26d.o
                0x70001290                AT26D_EraseChip
 .text.AT26D_ReadJedecId
                0x700013a0       0xd0 obj/sdram_at26d.o
                0x700013a0                AT26D_ReadJedecId
 .text.AT26D_Write
                0x70001470      0x1a0 obj/sdram_at26d.o
                0x70001470                AT26D_Write
 .text.T.17     0x70001610       0xcc obj/sdram_at26d.o
 .text.AT26D_Unprotect
                0x700016dc       0xd4 obj/sdram_at26d.o
                0x700016dc                AT26D_Unprotect
 .text.min      0x700017b0        0xc obj/sdram_math.o
                0x700017b0                min
 .text.PutChar  0x700017bc        0xc obj/sdram_stdio.o
                0x700017bc                PutChar
 .text.PutString
                0x700017c8       0x24 obj/sdram_stdio.o
                0x700017c8                PutString
 .text.PutUnsignedInt
                0x700017ec       0xd0 obj/sdram_stdio.o
                0x700017ec                PutUnsignedInt
 .text.PutSignedInt
                0x700018bc      0x12c obj/sdram_stdio.o
                0x700018bc                PutSignedInt
 .text.PutHexa  0x700019e8       0xb8 obj/sdram_stdio.o
                0x700019e8                PutHexa
 .text.vsnprintf
                0x70001aa0      0x1c8 obj/sdram_stdio.o
                0x70001aa0                vsnprintf
 .text.vsprintf
                0x70001c68       0x28 obj/sdram_stdio.o
                0x70001c68                vsprintf
 .text.vfprintf
                0x70001c90       0xa4 obj/sdram_stdio.o
                0x70001c90                vfprintf
 .text.vprintf  0x70001d34       0x38 obj/sdram_stdio.o
                0x70001d34                vprintf
 .text.printf   0x70001d6c       0x34 obj/sdram_stdio.o
                0x70001d6c                printf
 .text.fputc    0x70001da0       0x50 obj/sdram_trace.o
                0x70001da0                fputc
 .text.fputs    0x70001df0       0x54 obj/sdram_trace.o
                0x70001df0                fputs
 .text.DBGU_Configure
                0x70001e44       0x58 obj/sdram_dbgu.o
                0x70001e44                DBGU_Configure
 .text.DBGU_PutChar
                0x70001e9c       0x28 obj/sdram_dbgu.o
                0x70001e9c                DBGU_PutChar
 .text.PIO_Configure
                0x70001ec4      0x11c obj/sdram_pio.o
                0x70001ec4                PIO_Configure
 .text          0x70001fe0      0x114 c:/program files/codesourcery/sourcery g++ lite/bin/../lib/gcc/arm-none-eabi/4.4.1\libgcc.a(_udivsi3.o)
                0x70001fe0                __aeabi_uidiv
                0x70001fe0                __udivsi3
                0x700020d4                __aeabi_uidivmod
 .text          0x700020f4        0x4 c:/program files/codesourcery/sourcery g++ lite/bin/../lib/gcc/arm-none-eabi/4.4.1\libgcc.a(_dvmd_tls.o)
                0x700020f4                __aeabi_idiv0
                0x700020f4                __aeabi_ldiv0
 .text          0x700020f8      0x204 c:/program files/codesourcery/sourcery g++ lite/bin/../lib/gcc/arm-none-eabi/4.4.1/../../../../arm-none-eabi/lib\libc.a(lib_a-memcpy.o)
                0x700020f8                memcpy
 .text          0x700022fc      0x12c c:/program files/codesourcery/sourcery g++ lite/bin/../lib/gcc/arm-none-eabi/4.4.1/../../../../arm-none-eabi/lib\libc.a(lib_a-memset.o)
                0x700022fc                memset
 *(.rodata*)
 .rodata        0x70002428       0x64 obj/sdram_main.o
 .rodata.str1.1
                0x7000248c      0x37b obj/sdram_main.o
 *fill*         0x70002807        0x1 00
 .rodata        0x70002808      0x288 obj/sdram_at26.o
 .rodata.str1.1
                0x70002a90      0x138 obj/sdram_at26.o
 .rodata.str1.1
                0x70002bc8      0x1ef obj/sdram_at26d.o
                                0x21b (size before relaxing)
 .rodata.str1.1
                0x70002db7       0x24 obj/sdram_stdio.o
 *(.glue_7)
 .glue_7        0x00000000        0x0 linker stubs
 *(.glue_7t)
 .glue_7t       0x00000000        0x0 linker stubs
 *(.data)
 *fill*         0x70002ddb        0x5 00
 .data          0x70002de0      0x430 obj/sdram_stdio.o
                0x70002de0                _impure_ptr
                0x70002de8                r
 .data          0x70003210        0x4 obj/sdram_trace.o
                0x70003210                traceLevel
 *(.CP15_*)
                0x70003214                . = ALIGN (0x4)
                0x70003214                _efixed = .

.vfp11_veneer   0x00000000        0x0
 .vfp11_veneer  0x00000000        0x0 linker stubs

.v4_bx          0x00000000        0x0
 .v4_bx         0x00000000        0x0 linker stubs

.prerelocate    0x00000000        0x0 load address 0x70003214
                0x00000000                . = ALIGN (0x4)
                0x00000000                _sprerelocate = .
                0x00000000                . = ALIGN (0x4)
                0x00000000                _eprerelocate = .

.postrelocate   0x00100000        0x0 load address 0x70003214
                0x00100000                . = ALIGN (0x4)
                0x00100000                _spostrelocate = .
 *(.vectors)
                0x00100000                . = ALIGN (0x4)
                0x00100000                _epostrelocate = .

.bss            0x70003214       0x48
                0x70003214                _szero = .
 *(.bss)
 .bss           0x70003214       0x48 obj/sdram_main.o
                0x70003214                at26Index
                0x7000325c                . = ALIGN (0x4)
                0x7000325c                _ezero = .
                0x72000000                _sstack = 0x72000000
                0x7000325c                end = .
OUTPUT(bin/isp-serialflash-at91cap9.elf elf32-littlearm)

.ARM.attributes
                0x00000000       0x2b
 .ARM.attributes
                0x00000000       0x16 obj/sdram_isp_cstartup.o
 .ARM.attributes
                0x00000016       0x30 obj/sdram_main.o
 .ARM.attributes
                0x00000046       0x30 obj/sdram_spid.o
 .ARM.attributes
                0x00000076       0x30 obj/sdram_at26.o
 .ARM.attributes
                0x000000a6       0x30 obj/sdram_at26d.o
 .ARM.attributes
                0x000000d6       0x30 obj/sdram_math.o
 .ARM.attributes
                0x00000106       0x30 obj/sdram_stdio.o
 .ARM.attributes
                0x00000136       0x30 obj/sdram_trace.o
 .ARM.attributes
                0x00000166       0x30 obj/sdram_dbgu.o
 .ARM.attributes
                0x00000196       0x30 obj/sdram_pio.o
 .ARM.attributes
                0x000001c6       0x30 obj/sdram_cp15.o
 .ARM.attributes
                0x000001f6       0x30 obj/sdram_board_memories.o
 .ARM.attributes
                0x00000226       0x30 obj/sdram_board_lowlevel.o
 .ARM.attributes
                0x00000256       0x18 c:/program files/codesourcery/sourcery g++ lite/bin/../lib/gcc/arm-none-eabi/4.4.1\libgcc.a(_udivsi3.o)
 .ARM.attributes
                0x0000026e       0x16 c:/program files/codesourcery/sourcery g++ lite/bin/../lib/gcc/arm-none-eabi/4.4.1\libgcc.a(_dvmd_tls.o)
 .ARM.attributes
                0x00000284       0x30 c:/program files/codesourcery/sourcery g++ lite/bin/../lib/gcc/arm-none-eabi/4.4.1/../../../../arm-none-eabi/lib\libc.a(lib_a-memcpy.o)
 .ARM.attributes
                0x000002b4       0x30 c:/program files/codesourcery/sourcery g++ lite/bin/../lib/gcc/arm-none-eabi/4.4.1/../../../../arm-none-eabi/lib\libc.a(lib_a-memset.o)

.comment        0x00000000      0x1f8
 .comment       0x00000000       0x2a obj/sdram_main.o
 .comment       0x0000002a       0x2a obj/sdram_spid.o
 .comment       0x00000054       0x2a obj/sdram_at26.o
 .comment       0x0000007e       0x2a obj/sdram_at26d.o
 .comment       0x000000a8       0x2a obj/sdram_math.o
 .comment       0x000000d2       0x2a obj/sdram_stdio.o
 .comment       0x000000fc       0x2a obj/sdram_trace.o
 .comment       0x00000126       0x2a obj/sdram_dbgu.o
 .comment       0x00000150       0x2a obj/sdram_pio.o
 .comment       0x0000017a       0x2a obj/sdram_cp15.o
 .comment       0x000001a4       0x2a obj/sdram_board_memories.o
 .comment       0x000001ce       0x2a obj/sdram_board_lowlevel.o

.debug_line     0x00000000     0x1367
 .debug_line    0x00000000       0x61 obj/sdram_isp_cstartup.o
 .debug_line    0x00000061      0x1ac obj/sdram_main.o
 .debug_line    0x0000020d      0x132 obj/sdram_spid.o
 .debug_line    0x0000033f      0x10e obj/sdram_at26.o
 .debug_line    0x0000044d      0x1f3 obj/sdram_at26d.o
 .debug_line    0x00000640       0x77 obj/sdram_math.o
 .debug_line    0x000006b7      0x35b obj/sdram_stdio.o
 .debug_line    0x00000a12      0x2d8 obj/sdram_trace.o
 .debug_line    0x00000cea       0xd5 obj/sdram_dbgu.o
 .debug_line    0x00000dbf      0x12e obj/sdram_pio.o
 .debug_line    0x00000eed      0x166 obj/sdram_cp15.o
 .debug_line    0x00001053      0x22f obj/sdram_board_memories.o
 .debug_line    0x00001282       0xe5 obj/sdram_board_lowlevel.o

.debug_info     0x00000000     0x553b
 .debug_info    0x00000000       0x98 obj/sdram_isp_cstartup.o
 .debug_info    0x00000098      0xb26 obj/sdram_main.o
 .debug_info    0x00000bbe      0x5c6 obj/sdram_spid.o
 .debug_info    0x00001184      0x584 obj/sdram_at26.o
 .debug_info    0x00001708      0x751 obj/sdram_at26d.o
 .debug_info    0x00001e59      0x116 obj/sdram_math.o
 .debug_info    0x00001f6f      0xeac obj/sdram_stdio.o
 .debug_info    0x00002e1b      0xc04 obj/sdram_trace.o
 .debug_info    0x00003a1f      0x283 obj/sdram_dbgu.o
 .debug_info    0x00003ca2      0x6d5 obj/sdram_pio.o
 .debug_info    0x00004377      0x27b obj/sdram_cp15.o
 .debug_info    0x000045f2      0xbdc obj/sdram_board_memories.o
 .debug_info    0x000051ce      0x36d obj/sdram_board_lowlevel.o

.debug_abbrev   0x00000000     0x127b
 .debug_abbrev  0x00000000       0x14 obj/sdram_isp_cstartup.o
 .debug_abbrev  0x00000014      0x1c6 obj/sdram_main.o
 .debug_abbrev  0x000001da      0x196 obj/sdram_spid.o
 .debug_abbrev  0x00000370      0x15e obj/sdram_at26.o
 .debug_abbrev  0x000004ce      0x209 obj/sdram_at26d.o
 .debug_abbrev  0x000006d7       0xba obj/sdram_math.o
 .debug_abbrev  0x00000791      0x2b8 obj/sdram_stdio.o
 .debug_abbrev  0x00000a49      0x254 obj/sdram_trace.o
 .debug_abbrev  0x00000c9d       0xd3 obj/sdram_dbgu.o
 .debug_abbrev  0x00000d70      0x1b3 obj/sdram_pio.o
 .debug_abbrev  0x00000f23       0xe9 obj/sdram_cp15.o
 .debug_abbrev  0x0000100c      0x1c6 obj/sdram_board_memories.o
 .debug_abbrev  0x000011d2       0xa9 obj/sdram_board_lowlevel.o

.debug_aranges  0x00000000      0x3d8
 .debug_aranges
                0x00000000       0x20 obj/sdram_isp_cstartup.o
 .debug_aranges
                0x00000020       0x20 obj/sdram_main.o
 .debug_aranges
                0x00000040       0x40 obj/sdram_spid.o
 .debug_aranges
                0x00000080       0x38 obj/sdram_at26.o
 .debug_aranges
                0x000000b8       0x70 obj/sdram_at26d.o
 .debug_aranges
                0x00000128       0x30 obj/sdram_math.o
 .debug_aranges
                0x00000158       0x88 obj/sdram_stdio.o
 .debug_aranges
                0x000001e0       0x60 obj/sdram_trace.o
 .debug_aranges
                0x00000240       0x38 obj/sdram_dbgu.o
 .debug_aranges
                0x00000278       0x40 obj/sdram_pio.o
 .debug_aranges
                0x000002b8       0x78 obj/sdram_cp15.o
 .debug_aranges
                0x00000330       0x70 obj/sdram_board_memories.o
 .debug_aranges
                0x000003a0       0x38 obj/sdram_board_lowlevel.o

.debug_frame    0x00000000      0xa68
 .debug_frame   0x00000000       0x44 obj/sdram_main.o
 .debug_frame   0x00000044       0x88 obj/sdram_spid.o
 .debug_frame   0x000000cc       0x90 obj/sdram_at26.o
 .debug_frame   0x0000015c      0x178 obj/sdram_at26d.o
 .debug_frame   0x000002d4       0x40 obj/sdram_math.o
 .debug_frame   0x00000314      0x208 obj/sdram_stdio.o
 .debug_frame   0x0000051c      0x150 obj/sdram_trace.o
 .debug_frame   0x0000066c       0x60 obj/sdram_dbgu.o
 .debug_frame   0x000006cc       0x68 obj/sdram_pio.o
 .debug_frame   0x00000734      0x164 obj/sdram_cp15.o
 .debug_frame   0x00000898       0xf0 obj/sdram_board_memories.o
 .debug_frame   0x00000988       0x5c obj/sdram_board_lowlevel.o
 .debug_frame   0x000009e4       0x20 c:/program files/codesourcery/sourcery g++ lite/bin/../lib/gcc/arm-none-eabi/4.4.1\libgcc.a(_udivsi3.o)
 .debug_frame   0x00000a04       0x38 c:/program files/codesourcery/sourcery g++ lite/bin/../lib/gcc/arm-none-eabi/4.4.1/../../../../arm-none-eabi/lib\libc.a(lib_a-memcpy.o)
 .debug_frame   0x00000a3c       0x2c c:/program files/codesourcery/sourcery g++ lite/bin/../lib/gcc/arm-none-eabi/4.4.1/../../../../arm-none-eabi/lib\libc.a(lib_a-memset.o)

.debug_loc      0x00000000     0x1a8d
 .debug_loc     0x00000000      0x24f obj/sdram_main.o
 .debug_loc     0x0000024f      0x169 obj/sdram_spid.o
 .debug_loc     0x000003b8      0x26d obj/sdram_at26.o
 .debug_loc     0x00000625      0x47f obj/sdram_at26d.o
 .debug_loc     0x00000aa4       0x44 obj/sdram_math.o
 .debug_loc     0x00000ae8      0x6f2 obj/sdram_stdio.o
 .debug_loc     0x000011da      0x464 obj/sdram_trace.o
 .debug_loc     0x0000163e       0x63 obj/sdram_dbgu.o
 .debug_loc     0x000016a1       0x76 obj/sdram_pio.o
 .debug_loc     0x00001717      0x27d obj/sdram_cp15.o
 .debug_loc     0x00001994       0xbc obj/sdram_board_memories.o
 .debug_loc     0x00001a50       0x3d obj/sdram_board_lowlevel.o

.debug_pubnames
                0x00000000      0x6cf
 .debug_pubnames
                0x00000000       0x29 obj/sdram_main.o
 .debug_pubnames
                0x00000029       0x70 obj/sdram_spid.o
 .debug_pubnames
                0x00000099       0x5e obj/sdram_at26.o
 .debug_pubnames
                0x000000f7       0xae obj/sdram_at26d.o
 .debug_pubnames
                0x000001a5       0x2d obj/sdram_math.o
 .debug_pubnames
                0x000001d2       0xdf obj/sdram_stdio.o
 .debug_pubnames
                0x000002b1       0xae obj/sdram_trace.o
 .debug_pubnames
                0x0000035f       0x5a obj/sdram_dbgu.o
 .debug_pubnames
                0x000003b9       0x66 obj/sdram_pio.o
 .debug_pubnames
                0x0000041f      0x11b obj/sdram_cp15.o
 .debug_pubnames
                0x0000053a      0x12b obj/sdram_board_memories.o
 .debug_pubnames
                0x00000665       0x6a obj/sdram_board_lowlevel.o

.debug_ranges   0x00000000      0x378
 .debug_ranges  0x00000000       0x38 obj/sdram_main.o
 .debug_ranges  0x00000038       0x38 obj/sdram_spid.o
 .debug_ranges  0x00000070       0x30 obj/sdram_at26.o
 .debug_ranges  0x000000a0       0x68 obj/sdram_at26d.o
 .debug_ranges  0x00000108       0x28 obj/sdram_math.o
 .debug_ranges  0x00000130       0x80 obj/sdram_stdio.o
 .debug_ranges  0x000001b0       0x58 obj/sdram_trace.o
 .debug_ranges  0x00000208       0x30 obj/sdram_dbgu.o
 .debug_ranges  0x00000238       0x38 obj/sdram_pio.o
 .debug_ranges  0x00000270       0x70 obj/sdram_cp15.o
 .debug_ranges  0x000002e0       0x68 obj/sdram_board_memories.o
 .debug_ranges  0x00000348       0x30 obj/sdram_board_lowlevel.o

.debug_str      0x00000000     0x171a
 .debug_str     0x00000000      0x561 obj/sdram_main.o
                                0x5d3 (size before relaxing)
 .debug_str     0x00000561      0x130 obj/sdram_spid.o
                                0x30e (size before relaxing)
 .debug_str     0x00000691       0x7e obj/sdram_at26.o
                                0x325 (size before relaxing)
 .debug_str     0x0000070f       0xe9 obj/sdram_at26d.o
                                0x3a7 (size before relaxing)
 .debug_str     0x000007f8       0x28 obj/sdram_math.o
                                0x120 (size before relaxing)
 .debug_str     0x00000820      0x48a obj/sdram_stdio.o
                                0x5ce (size before relaxing)
 .debug_str     0x00000caa       0xb4 obj/sdram_trace.o
                                0x599 (size before relaxing)
 .debug_str     0x00000d5e      0x146 obj/sdram_dbgu.o
                                0x1d7 (size before relaxing)
 .debug_str     0x00000ea4       0xdd obj/sdram_pio.o
                                0x365 (size before relaxing)
 .debug_str     0x00000f81      0x114 obj/sdram_cp15.o
                                0x20a (size before relaxing)
 .debug_str     0x00001095      0x4a4 obj/sdram_board_memories.o
                                0x75b (size before relaxing)
 .debug_str     0x00001539      0x1e1 obj/sdram_board_lowlevel.o
                                0x272 (size before relaxing)
